2023-07-10 09:13:05.743 - __init__   [INFO    ] # ===== [ XdmLib Ver. ] ===== #
2023-07-10 09:13:05.744 - __init__   [INFO    ] XdmLib Ver. 2.A.13
2023-07-10 09:13:05.744 - __init__   [INFO    ] # ===== [ XdmLib Ver. ] ===== #
2023-07-10 09:13:05.745 - __init__   [INFO    ] Console Quick Edit Disabled
2023-07-10 09:13:05.760 - __init__   [INFO    ] Server/Host Name: DESKTOP-J6AUF2I
2023-07-10 09:13:05.761 - __init__   [INFO    ] Load Archive setting - Type: Last 30 days.
2023-07-10 09:13:05.761 - __init__   [INFO    ] Load Error setting - Type: Last 30 days.
2023-07-10 09:13:08.973 - __init__   [INFO    ] First run, initialize db table: 'xdm_prog_control'.
2023-07-10 09:13:09.062 - __init__   [INFO    ] Watching control file: D:\INA\ETL_XdmLib_2.A.13\ETL_XdmLib_2.A.13\EDAETL\ETL_TABLE\ETL_FILE_Loader\TEST_INA_DEFECT_RECIPE.py.*
2023-07-10 09:13:09.081 - __init__   [INFO    ] SetProcessStatus 0, Start time: 2023-07-10 09:13:05.733607
2023-07-10 09:13:12.263 - __init__   [INFO    ] Set process status code: 0.
2023-07-10 09:13:12.364 - Database   [INFO    ] Non set logging! Using default logging.
2023-07-10 09:13:12.768 - Database   [INFO    ] Non set logging! Using default logging.
2023-07-10 09:13:13.126 - Database   [INFO    ] Non set logging! Using default logging.
2023-07-10 09:13:13.501 - TEST_INA_DEFECT_RECIPE [INFO    ] Csv File
2023-07-10 09:13:13.563 - TEST_INA_DEFECT_RECIPE [ERROR   ] Read File Error
2023-07-10 09:13:13.570 - CustomFuction [ERROR   ] DPI-1043: invalid number
Traceback (most recent call last):
  File "D:\INA\ETL_XdmLib_2.A.13\ETL_XdmLib_2.A.13\EDAETL\ETL_TABLE\ETL_FILE_Loader\../..\XdmLib\CustomFuction.py", line 596, in file2db_init
    res = do_file(file_root_source_path,
  File "D:\INA\ETL_XdmLib_2.A.13\ETL_XdmLib_2.A.13\EDAETL\ETL_TABLE\ETL_FILE_Loader\TEST_INA_DEFECT_RECIPE.py", line 25, in do_file
    raise ex
  File "D:\INA\ETL_XdmLib_2.A.13\ETL_XdmLib_2.A.13\EDAETL\ETL_TABLE\ETL_FILE_Loader\TEST_INA_DEFECT_RECIPE.py", line 21, in do_file
    db_tgt.executemanyfordataframe(config_sql.SQL_INS_TEST_INA_DEFECT_RECIPE, data)
  File "D:\INA\ETL_XdmLib_2.A.13\ETL_XdmLib_2.A.13\EDAETL\ETL_TABLE\ETL_FILE_Loader\../..\XdmLib\Database.py", line 295, in executemanyfordataframe
    return self.executemany(statement, tuple_in_list)
  File "D:\INA\ETL_XdmLib_2.A.13\ETL_XdmLib_2.A.13\EDAETL\ETL_TABLE\ETL_FILE_Loader\../..\XdmLib\Database.py", line 280, in executemany
    return self.cursor.executemany(statement, tuple_in_list)
cx_Oracle.DatabaseError: DPI-1043: invalid number
Stack (most recent call last):
  File "D:\INA\ETL_XdmLib_2.A.13\ETL_XdmLib_2.A.13\EDAETL\ETL_TABLE\ETL_FILE_Loader\TEST_INA_DEFECT_RECIPE.py", line 78, in <module>
    XdmLib.CustomFuction.file2db_init(
  File "D:\INA\ETL_XdmLib_2.A.13\ETL_XdmLib_2.A.13\EDAETL\ETL_TABLE\ETL_FILE_Loader\../..\XdmLib\CustomFuction.py", line 631, in file2db_init
    log.error(ex, exc_info=True, stack_info=True)
2023-07-10 09:13:13.589 - CustomFuction [INFO    ] [ERROR] Defect_Recipe.csv
2023-07-10 09:13:13.590 - CustomFuction [INFO    ] Move file: Defect_Recipe.csv to ERROR folder: Data\Source\Defect_Recipe.csv.
2023-07-10 09:13:16.806 - CustomFuction [INFO    ] ========[ File End ]========
2023-07-10 09:13:16.807 - CustomFuction [INFO    ] ========[ Delete Empty Folder ]========
2023-07-10 09:13:16.911 - CustomFuction [INFO    ] ========== Finally ==========
2023-07-10 09:13:19.966 - __init__   [INFO    ] Set process status code: 5.
2023-07-10 09:51:56.662 - __init__   [INFO    ] # ===== [ XdmLib Ver. ] ===== #
2023-07-10 09:51:56.662 - __init__   [INFO    ] XdmLib Ver. 2.A.13
2023-07-10 09:51:56.663 - __init__   [INFO    ] # ===== [ XdmLib Ver. ] ===== #
2023-07-10 09:51:56.664 - __init__   [INFO    ] Console Quick Edit Disabled
2023-07-10 09:51:56.675 - __init__   [INFO    ] Server/Host Name: DESKTOP-J6AUF2I
2023-07-10 09:51:56.676 - __init__   [INFO    ] Load Archive setting - Type: Last 30 days.
2023-07-10 09:51:56.676 - __init__   [INFO    ] Load Error setting - Type: Last 30 days.
2023-07-10 09:51:59.833 - __init__   [INFO    ] Server: DESKTOP-J6AUF2I, Status: 5, data_time_flg: None.
2023-07-10 09:52:00.224 - __init__   [INFO    ] Watching control file: D:\INA\ETL_XdmLib_2.A.13\ETL_XdmLib_2.A.13\EDAETL\ETL_TABLE\ETL_FILE_Loader\TEST_INA_DEFECT_RECIPE.py.*
2023-07-10 09:52:00.226 - __init__   [INFO    ] SetProcessStatus 0, Start time: 2023-07-10 09:51:56.652380
2023-07-10 09:52:03.488 - __init__   [INFO    ] Set process status code: 0.
2023-07-10 09:52:03.590 - Database   [INFO    ] Non set logging! Using default logging.
2023-07-10 09:52:03.987 - Database   [INFO    ] Non set logging! Using default logging.
2023-07-10 09:52:04.376 - Database   [INFO    ] Non set logging! Using default logging.
2023-07-10 09:52:04.770 - TEST_INA_DEFECT_RECIPE [INFO    ] Csv File
2023-07-10 09:52:04.822 - TEST_INA_DEFECT_RECIPE [ERROR   ] Read File Error
2023-07-10 09:52:04.827 - CustomFuction [ERROR   ] DPI-1043: invalid number
Traceback (most recent call last):
  File "D:\INA\ETL_XdmLib_2.A.13\ETL_XdmLib_2.A.13\EDAETL\ETL_TABLE\ETL_FILE_Loader\../..\XdmLib\CustomFuction.py", line 596, in file2db_init
    res = do_file(file_root_source_path,
  File "D:\INA\ETL_XdmLib_2.A.13\ETL_XdmLib_2.A.13\EDAETL\ETL_TABLE\ETL_FILE_Loader\TEST_INA_DEFECT_RECIPE.py", line 25, in do_file
    raise ex
  File "D:\INA\ETL_XdmLib_2.A.13\ETL_XdmLib_2.A.13\EDAETL\ETL_TABLE\ETL_FILE_Loader\TEST_INA_DEFECT_RECIPE.py", line 21, in do_file
    db_tgt.executemanyfordataframe(config_sql.SQL_INS_TEST_INA_DEFECT_RECIPE, data)
  File "D:\INA\ETL_XdmLib_2.A.13\ETL_XdmLib_2.A.13\EDAETL\ETL_TABLE\ETL_FILE_Loader\../..\XdmLib\Database.py", line 295, in executemanyfordataframe
    return self.executemany(statement, tuple_in_list)
  File "D:\INA\ETL_XdmLib_2.A.13\ETL_XdmLib_2.A.13\EDAETL\ETL_TABLE\ETL_FILE_Loader\../..\XdmLib\Database.py", line 280, in executemany
    return self.cursor.executemany(statement, tuple_in_list)
cx_Oracle.DatabaseError: DPI-1043: invalid number
Stack (most recent call last):
  File "D:\INA\ETL_XdmLib_2.A.13\ETL_XdmLib_2.A.13\EDAETL\ETL_TABLE\ETL_FILE_Loader\TEST_INA_DEFECT_RECIPE.py", line 78, in <module>
    XdmLib.CustomFuction.file2db_init(
  File "D:\INA\ETL_XdmLib_2.A.13\ETL_XdmLib_2.A.13\EDAETL\ETL_TABLE\ETL_FILE_Loader\../..\XdmLib\CustomFuction.py", line 631, in file2db_init
    log.error(ex, exc_info=True, stack_info=True)
2023-07-10 09:52:04.845 - CustomFuction [INFO    ] [ERROR] Defect_Recipe.csv
2023-07-10 09:52:04.846 - CustomFuction [INFO    ] Move file: Defect_Recipe.csv to ERROR folder: Data\Source\Defect_Recipe.csv.
2023-07-10 09:52:07.961 - CustomFuction [INFO    ] ========[ File End ]========
2023-07-10 09:52:07.962 - CustomFuction [INFO    ] ========[ Delete Empty Folder ]========
2023-07-10 09:52:08.071 - CustomFuction [INFO    ] ========== Finally ==========
2023-07-10 09:52:11.171 - __init__   [INFO    ] Set process status code: 5.
2023-07-10 10:05:02.434 - __init__   [INFO    ] # ===== [ XdmLib Ver. ] ===== #
2023-07-10 10:05:02.435 - __init__   [INFO    ] XdmLib Ver. 2.A.13
2023-07-10 10:05:02.435 - __init__   [INFO    ] # ===== [ XdmLib Ver. ] ===== #
2023-07-10 10:05:02.436 - __init__   [INFO    ] Console Quick Edit Disabled
2023-07-10 10:05:02.455 - __init__   [INFO    ] Server/Host Name: DESKTOP-J6AUF2I
2023-07-10 10:05:02.457 - __init__   [INFO    ] Load Archive setting - Type: Last 30 days.
2023-07-10 10:05:02.459 - __init__   [INFO    ] Load Error setting - Type: Last 30 days.
2023-07-10 10:05:05.767 - __init__   [INFO    ] Server: DESKTOP-J6AUF2I, Status: 5, data_time_flg: None.
2023-07-10 10:05:06.199 - __init__   [INFO    ] Watching control file: D:\INA\ETL_XdmLib_2.A.13\ETL_XdmLib_2.A.13\EDAETL\ETL_TABLE\ETL_FILE_Loader\TEST_INA_DEFECT_RECIPE.py.*
2023-07-10 10:05:06.202 - __init__   [INFO    ] SetProcessStatus 0, Start time: 2023-07-10 10:05:02.423541
2023-07-10 10:05:09.385 - __init__   [INFO    ] Set process status code: 0.
2023-07-10 10:05:09.489 - Database   [INFO    ] Non set logging! Using default logging.
2023-07-10 10:05:09.888 - Database   [INFO    ] Non set logging! Using default logging.
2023-07-10 10:05:10.247 - Database   [INFO    ] Non set logging! Using default logging.
2023-07-10 10:05:10.636 - TEST_INA_DEFECT_RECIPE [INFO    ] Csv File
2023-07-10 10:05:10.717 - TEST_INA_DEFECT_RECIPE [ERROR   ] Read File Error
2023-07-10 10:05:10.721 - CustomFuction [ERROR   ] DPI-1043: invalid number
Traceback (most recent call last):
  File "D:\INA\ETL_XdmLib_2.A.13\ETL_XdmLib_2.A.13\EDAETL\ETL_TABLE\ETL_FILE_Loader\../..\XdmLib\CustomFuction.py", line 596, in file2db_init
    res = do_file(file_root_source_path,
  File "D:\INA\ETL_XdmLib_2.A.13\ETL_XdmLib_2.A.13\EDAETL\ETL_TABLE\ETL_FILE_Loader\TEST_INA_DEFECT_RECIPE.py", line 26, in do_file
    raise ex
  File "D:\INA\ETL_XdmLib_2.A.13\ETL_XdmLib_2.A.13\EDAETL\ETL_TABLE\ETL_FILE_Loader\TEST_INA_DEFECT_RECIPE.py", line 22, in do_file
    db_tgt.executemanyfordataframe(config_sql.SQL_INS_TEST_INA_DEFECT_RECIPE, data)
  File "D:\INA\ETL_XdmLib_2.A.13\ETL_XdmLib_2.A.13\EDAETL\ETL_TABLE\ETL_FILE_Loader\../..\XdmLib\Database.py", line 295, in executemanyfordataframe
    return self.executemany(statement, tuple_in_list)
  File "D:\INA\ETL_XdmLib_2.A.13\ETL_XdmLib_2.A.13\EDAETL\ETL_TABLE\ETL_FILE_Loader\../..\XdmLib\Database.py", line 280, in executemany
    return self.cursor.executemany(statement, tuple_in_list)
cx_Oracle.DatabaseError: DPI-1043: invalid number
Stack (most recent call last):
  File "D:\INA\ETL_XdmLib_2.A.13\ETL_XdmLib_2.A.13\EDAETL\ETL_TABLE\ETL_FILE_Loader\TEST_INA_DEFECT_RECIPE.py", line 79, in <module>
    XdmLib.CustomFuction.file2db_init(
  File "D:\INA\ETL_XdmLib_2.A.13\ETL_XdmLib_2.A.13\EDAETL\ETL_TABLE\ETL_FILE_Loader\../..\XdmLib\CustomFuction.py", line 631, in file2db_init
    log.error(ex, exc_info=True, stack_info=True)
2023-07-10 10:05:10.738 - CustomFuction [INFO    ] [ERROR] Defect_Recipe.csv
2023-07-10 10:05:10.739 - CustomFuction [INFO    ] Move file: Defect_Recipe.csv to ERROR folder: Data\Source\Defect_Recipe.csv.
2023-07-10 10:05:13.870 - CustomFuction [INFO    ] ========[ File End ]========
2023-07-10 10:05:13.871 - CustomFuction [INFO    ] ========[ Delete Empty Folder ]========
2023-07-10 10:05:13.977 - CustomFuction [INFO    ] ========== Finally ==========
2023-07-10 10:05:17.074 - __init__   [INFO    ] Set process status code: 5.
2023-07-10 10:06:15.243 - __init__   [INFO    ] # ===== [ XdmLib Ver. ] ===== #
2023-07-10 10:06:15.243 - __init__   [INFO    ] XdmLib Ver. 2.A.13
2023-07-10 10:06:15.244 - __init__   [INFO    ] # ===== [ XdmLib Ver. ] ===== #
2023-07-10 10:06:15.245 - __init__   [INFO    ] Console Quick Edit Disabled
2023-07-10 10:06:15.259 - __init__   [INFO    ] Server/Host Name: DESKTOP-J6AUF2I
2023-07-10 10:06:15.260 - __init__   [INFO    ] Load Archive setting - Type: Last 30 days.
2023-07-10 10:06:15.260 - __init__   [INFO    ] Load Error setting - Type: Last 30 days.
2023-07-10 10:06:18.430 - __init__   [INFO    ] Server: DESKTOP-J6AUF2I, Status: 5, data_time_flg: None.
2023-07-10 10:06:18.910 - __init__   [INFO    ] Watching control file: D:\INA\ETL_XdmLib_2.A.13\ETL_XdmLib_2.A.13\EDAETL\ETL_TABLE\ETL_FILE_Loader\TEST_INA_DEFECT_RECIPE.py.*
2023-07-10 10:06:18.915 - __init__   [INFO    ] SetProcessStatus 0, Start time: 2023-07-10 10:06:15.217086
2023-07-10 10:06:22.108 - __init__   [INFO    ] Set process status code: 0.
2023-07-10 10:06:22.206 - Database   [INFO    ] Non set logging! Using default logging.
2023-07-10 10:06:22.660 - Database   [INFO    ] Non set logging! Using default logging.
2023-07-10 10:06:23.037 - Database   [INFO    ] Non set logging! Using default logging.
2023-07-10 10:06:23.404 - TEST_INA_DEFECT_RECIPE [INFO    ] Csv File
2023-07-10 10:15:03.324 - base       [ERROR   ] Exception during reset or similar
Traceback (most recent call last):
  File "D:\INA\ETL_XdmLib_2.A.13\ETL_XdmLib_2.A.13\EDAETL\ETL_TABLE\ETL_FILE_Loader\../..\XdmLib\CustomFuction.py", line 596, in file2db_init
    res = do_file(file_root_source_path,
  File "D:/INA/ETL_XdmLib_2.A.13/ETL_XdmLib_2.A.13/EDAETL/ETL_TABLE/ETL_FILE_Loader/TEST_INA_DEFECT_RECIPE.py", line 22, in do_file
    data = data.where(data.notnull(), None)
  File "D:/INA/ETL_XdmLib_2.A.13/ETL_XdmLib_2.A.13/EDAETL/ETL_TABLE/ETL_FILE_Loader/TEST_INA_DEFECT_RECIPE.py", line 22, in do_file
    data = data.where(data.notnull(), None)
  File "_pydevd_bundle\pydevd_cython_win32_39_64.pyx", line 1589, in _pydevd_bundle.pydevd_cython_win32_39_64.ThreadTracer.__call__
  File "_pydevd_bundle\pydevd_cython_win32_39_64.pyx", line 929, in _pydevd_bundle.pydevd_cython_win32_39_64.PyDBFrame.trace_dispatch
  File "_pydevd_bundle\pydevd_cython_win32_39_64.pyx", line 920, in _pydevd_bundle.pydevd_cython_win32_39_64.PyDBFrame.trace_dispatch
  File "_pydevd_bundle\pydevd_cython_win32_39_64.pyx", line 317, in _pydevd_bundle.pydevd_cython_win32_39_64.PyDBFrame.do_wait_suspend
  File "D:\soft\PyCharm Community Edition 2022.1.3\plugins\python-ce\helpers\pydev\pydevd.py", line 1155, in do_wait_suspend
    self._do_wait_suspend(thread, frame, event, arg, suspend_type, from_this_thread)
  File "D:\soft\PyCharm Community Edition 2022.1.3\plugins\python-ce\helpers\pydev\pydevd.py", line 1170, in _do_wait_suspend
    time.sleep(0.01)
KeyboardInterrupt

During handling of the above exception, another exception occurred:

Traceback (most recent call last):
  File "D:\soft\anaconda3\lib\site-packages\sqlalchemy\pool\base.py", line 739, in _finalize_fairy
    fairy._reset(pool)
  File "D:\soft\anaconda3\lib\site-packages\sqlalchemy\pool\base.py", line 988, in _reset
    pool._dialect.do_rollback(self)
  File "D:\soft\anaconda3\lib\site-packages\sqlalchemy\engine\default.py", line 682, in do_rollback
    dbapi_connection.rollback()
cx_Oracle.DatabaseError: DPI-1080: connection was closed by ORA-3135
2023-07-10 10:15:03.341 - base       [ERROR   ] Exception during reset or similar
Traceback (most recent call last):
  File "D:\INA\ETL_XdmLib_2.A.13\ETL_XdmLib_2.A.13\EDAETL\ETL_TABLE\ETL_FILE_Loader\../..\XdmLib\CustomFuction.py", line 596, in file2db_init
    res = do_file(file_root_source_path,
  File "D:/INA/ETL_XdmLib_2.A.13/ETL_XdmLib_2.A.13/EDAETL/ETL_TABLE/ETL_FILE_Loader/TEST_INA_DEFECT_RECIPE.py", line 22, in do_file
    data = data.where(data.notnull(), None)
  File "D:/INA/ETL_XdmLib_2.A.13/ETL_XdmLib_2.A.13/EDAETL/ETL_TABLE/ETL_FILE_Loader/TEST_INA_DEFECT_RECIPE.py", line 22, in do_file
    data = data.where(data.notnull(), None)
  File "_pydevd_bundle\pydevd_cython_win32_39_64.pyx", line 1589, in _pydevd_bundle.pydevd_cython_win32_39_64.ThreadTracer.__call__
  File "_pydevd_bundle\pydevd_cython_win32_39_64.pyx", line 929, in _pydevd_bundle.pydevd_cython_win32_39_64.PyDBFrame.trace_dispatch
  File "_pydevd_bundle\pydevd_cython_win32_39_64.pyx", line 920, in _pydevd_bundle.pydevd_cython_win32_39_64.PyDBFrame.trace_dispatch
  File "_pydevd_bundle\pydevd_cython_win32_39_64.pyx", line 317, in _pydevd_bundle.pydevd_cython_win32_39_64.PyDBFrame.do_wait_suspend
  File "D:\soft\PyCharm Community Edition 2022.1.3\plugins\python-ce\helpers\pydev\pydevd.py", line 1155, in do_wait_suspend
    self._do_wait_suspend(thread, frame, event, arg, suspend_type, from_this_thread)
  File "D:\soft\PyCharm Community Edition 2022.1.3\plugins\python-ce\helpers\pydev\pydevd.py", line 1170, in _do_wait_suspend
    time.sleep(0.01)
KeyboardInterrupt

During handling of the above exception, another exception occurred:

Traceback (most recent call last):
  File "D:\soft\anaconda3\lib\site-packages\sqlalchemy\pool\base.py", line 739, in _finalize_fairy
    fairy._reset(pool)
  File "D:\soft\anaconda3\lib\site-packages\sqlalchemy\pool\base.py", line 988, in _reset
    pool._dialect.do_rollback(self)
  File "D:\soft\anaconda3\lib\site-packages\sqlalchemy\engine\default.py", line 682, in do_rollback
    dbapi_connection.rollback()
cx_Oracle.DatabaseError: DPI-1080: connection was closed by ORA-3135
2023-07-10 10:15:07.967 - __init__   [INFO    ] # ===== [ XdmLib Ver. ] ===== #
2023-07-10 10:15:07.967 - __init__   [INFO    ] XdmLib Ver. 2.A.13
2023-07-10 10:15:07.968 - __init__   [INFO    ] # ===== [ XdmLib Ver. ] ===== #
2023-07-10 10:15:07.969 - __init__   [INFO    ] Console Quick Edit Disabled
2023-07-10 10:15:07.983 - __init__   [INFO    ] Server/Host Name: DESKTOP-J6AUF2I
2023-07-10 10:15:07.984 - __init__   [INFO    ] Load Archive setting - Type: Last 30 days.
2023-07-10 10:15:07.985 - __init__   [INFO    ] Load Error setting - Type: Last 30 days.
2023-07-10 10:15:11.186 - __init__   [INFO    ] Server: DESKTOP-J6AUF2I, Status: 0, data_time_flg: None.
2023-07-10 10:15:11.188 - __init__   [WARNING ] The loader duplicate execute(Set attribute: 'ALLOW_DUPLICATE_EXECUTE = False' disable it).
2023-07-10 10:15:11.635 - __init__   [INFO    ] Watching control file: D:\INA\ETL_XdmLib_2.A.13\ETL_XdmLib_2.A.13\EDAETL\ETL_TABLE\ETL_FILE_Loader\TEST_INA_DEFECT_RECIPE.py.*
2023-07-10 10:15:11.642 - __init__   [INFO    ] SetProcessStatus 0, Start time: 2023-07-10 10:15:07.935876
2023-07-10 10:15:14.807 - __init__   [INFO    ] Set process status code: 0.
2023-07-10 10:15:14.894 - Database   [INFO    ] Non set logging! Using default logging.
2023-07-10 10:15:15.230 - Database   [INFO    ] Non set logging! Using default logging.
2023-07-10 10:15:15.558 - Database   [INFO    ] Non set logging! Using default logging.
2023-07-10 10:15:15.887 - TEST_INA_DEFECT_RECIPE [INFO    ] Csv File
2023-07-10 10:28:42.887 - __init__   [INFO    ] # ===== [ XdmLib Ver. ] ===== #
2023-07-10 10:28:42.888 - __init__   [INFO    ] XdmLib Ver. 2.A.13
2023-07-10 10:28:42.888 - __init__   [INFO    ] # ===== [ XdmLib Ver. ] ===== #
2023-07-10 10:28:42.889 - __init__   [INFO    ] Console Quick Edit Disabled
2023-07-10 10:28:42.900 - __init__   [INFO    ] Server/Host Name: DESKTOP-J6AUF2I
2023-07-10 10:28:42.900 - __init__   [INFO    ] Load Archive setting - Type: Last 30 days.
2023-07-10 10:28:42.901 - __init__   [INFO    ] Load Error setting - Type: Last 30 days.
2023-07-10 10:28:46.138 - __init__   [INFO    ] Server: DESKTOP-J6AUF2I, Status: 0, data_time_flg: None.
2023-07-10 10:28:46.139 - __init__   [WARNING ] The loader duplicate execute(Set attribute: 'ALLOW_DUPLICATE_EXECUTE = False' disable it).
2023-07-10 10:28:46.590 - __init__   [INFO    ] Watching control file: D:\INA\ETL_XdmLib_2.A.13\ETL_XdmLib_2.A.13\EDAETL\ETL_TABLE\ETL_FILE_Loader\TEST_INA_DEFECT_RECIPE.py.*
2023-07-10 10:28:46.591 - __init__   [INFO    ] SetProcessStatus 0, Start time: 2023-07-10 10:28:42.879457
2023-07-10 10:28:49.781 - __init__   [INFO    ] Set process status code: 0.
2023-07-10 10:28:49.874 - Database   [INFO    ] Non set logging! Using default logging.
2023-07-10 10:28:50.204 - Database   [INFO    ] Non set logging! Using default logging.
2023-07-10 10:28:50.555 - Database   [INFO    ] Non set logging! Using default logging.
2023-07-10 10:28:50.913 - TEST_INA_DEFECT_RECIPE [INFO    ] Csv File
2023-07-10 10:28:53.450 - TEST_INA_DEFECT_RECIPE [INFO    ] Get Data!
2023-07-10 10:28:53.469 - CustomFuction [INFO    ] [Archive] Defect_Recipe.csv
2023-07-10 10:28:53.471 - CustomFuction [INFO    ] Move file: Defect_Recipe.csv to Archive folder: Data\ARCHIVE\Defect_Recipe.csv.
2023-07-10 10:28:53.471 - CustomFuction [INFO    ] ========[ File End ]========
2023-07-10 10:28:53.471 - CustomFuction [INFO    ] ========[ Delete Empty Folder ]========
2023-07-10 10:28:53.582 - CustomFuction [INFO    ] ========== Finally ==========
2023-07-10 10:28:56.630 - __init__   [INFO    ] Set process status code: 1, Last data time: None.
