2023-10-13 11:01:06.062 - __init__   [INFO    ] # ===== [ XdmLib Ver. ] ===== #
2023-10-13 11:01:06.063 - __init__   [INFO    ] XdmLib Ver. 2.A.13
2023-10-13 11:01:06.063 - __init__   [INFO    ] # ===== [ XdmLib Ver. ] ===== #
2023-10-13 11:01:06.064 - __init__   [INFO    ] Console Quick Edit Disabled
2023-10-13 11:01:06.086 - __init__   [INFO    ] Server/Host Name: DESKTOP-J6AUF2I
2023-10-13 11:01:06.087 - __init__   [INFO    ] Archive setting non-setting, Archive files will be kept.
2023-10-13 11:01:06.087 - __init__   [INFO    ] Error setting non-setting, Error files will be kept.
2023-10-13 11:01:13.366 - __init__   [INFO    ] Server: DESKTOP-J6AUF2I, Status: 5, data_time_flg: None.
2023-10-13 11:01:17.657 - __init__   [INFO    ] Watching control file: D:\Ina\ETL_XdmLib_2.A.13\ETL_XdmLib_2.A.13\EDAETL\ETL_TABLE\ETL_TXT_TO_XSIFF\ETL_TXT_TO_XSIFF.py.*
2023-10-13 11:01:17.660 - __init__   [INFO    ] SetProcessStatus 0, Start time: 2023-10-13 11:01:06.048939
2023-10-13 11:01:24.525 - __init__   [INFO    ] Set process status code: 0.
2023-10-13 11:01:24.631 - Database   [INFO    ] Non set logging! Using default logging.
2023-10-13 11:01:25.059 - Database   [INFO    ] Non set logging! Using default logging.
2023-10-13 11:01:25.452 - Database   [INFO    ] Non set logging! Using default logging.
2023-10-13 11:01:25.935 - CustomFuction [ERROR   ] name 'waferno' is not defined
Traceback (most recent call last):
  File "D:\Ina\ETL_XdmLib_2.A.13\ETL_XdmLib_2.A.13\EDAETL\ETL_TABLE\ETL_TXT_TO_XSIFF\ETL_TXT_TO_XSIFF.py", line 299, in do_file
    value = float(item)  # 尝试将项转换为浮点数
ValueError: could not convert string to float: 'V'

During handling of the above exception, another exception occurred:

Traceback (most recent call last):
  File "D:\Ina\ETL_XdmLib_2.A.13\ETL_XdmLib_2.A.13\EDAETL\ETL_TABLE\ETL_TXT_TO_XSIFF\../..\XdmLib\CustomFuction.py", line 596, in file2db_init
    res = do_file(file_root_source_path,
  File "D:\Ina\ETL_XdmLib_2.A.13\ETL_XdmLib_2.A.13\EDAETL\ETL_TABLE\ETL_TXT_TO_XSIFF\ETL_TXT_TO_XSIFF.py", line 373, in do_file
    raise ex
  File "D:\Ina\ETL_XdmLib_2.A.13\ETL_XdmLib_2.A.13\EDAETL\ETL_TABLE\ETL_TXT_TO_XSIFF\ETL_TXT_TO_XSIFF.py", line 325, in do_file
    data_dict[outer_key]['waferno'] = waferno
NameError: name 'waferno' is not defined
Stack (most recent call last):
  File "D:\Ina\ETL_XdmLib_2.A.13\ETL_XdmLib_2.A.13\EDAETL\ETL_TABLE\ETL_TXT_TO_XSIFF\ETL_TXT_TO_XSIFF.py", line 519, in <module>
    XdmLib.CustomFuction.file2db_init(do_file, before_do_file, after_do_file,
  File "D:\Ina\ETL_XdmLib_2.A.13\ETL_XdmLib_2.A.13\EDAETL\ETL_TABLE\ETL_TXT_TO_XSIFF\../..\XdmLib\CustomFuction.py", line 631, in file2db_init
    log.error(ex, exc_info=True, stack_info=True)
2023-10-13 11:01:25.955 - CustomFuction [INFO    ] [ERROR] FT1_7HDW31134.000_KY2023005_H2326-0005_R2.txt
2023-10-13 11:01:25.957 - CustomFuction [INFO    ] Move file: FT1_7HDW31134.000_KY2023005_H2326-0005_R2.txt to ERROR folder: Data\Source\FT1_7HDW31134.000_KY2023005_H2326-0005_R2.txt.
2023-10-13 11:01:29.457 - CustomFuction [INFO    ] ========[ File End ]========
2023-10-13 11:01:29.459 - CustomFuction [INFO    ] ========[ Delete Empty Folder ]========
2023-10-13 11:01:29.579 - CustomFuction [INFO    ] ========== Finally ==========
2023-10-13 11:01:32.775 - __init__   [INFO    ] Set process status code: 5.
