2023-08-17 10:24:17.243 - CustomFuction [ERROR   ] 'utf-8' codec can't decode byte 0xd0 in position 0: invalid continuation byte
Traceback (most recent call last):
  File "D:\Ina\ETL_XdmLib_2.A.13\ETL_XdmLib_2.A.13\EDAETL\ETL_TABLE\ETL_POC_XLS_TO_KLARF\../..\XdmLib\CustomFuction.py", line 596, in file2db_init
    res = do_file(file_root_source_path,
  File "D:\Ina\ETL_XdmLib_2.A.13\ETL_XdmLib_2.A.13\EDAETL\ETL_TABLE\ETL_POC_XLS_TO_KLARF\ETL_XLS_TO_KLARF_TEST.py", line 30, in do_file
    Data = pd.read_csv(file_path)
  File "D:\soft\anaconda3\lib\site-packages\pandas\util\_decorators.py", line 311, in wrapper
    return func(*args, **kwargs)
  File "D:\soft\anaconda3\lib\site-packages\pandas\io\parsers\readers.py", line 680, in read_csv
    return _read(filepath_or_buffer, kwds)
  File "D:\soft\anaconda3\lib\site-packages\pandas\io\parsers\readers.py", line 575, in _read
    parser = TextFileReader(filepath_or_buffer, **kwds)
  File "D:\soft\anaconda3\lib\site-packages\pandas\io\parsers\readers.py", line 933, in __init__
    self._engine = self._make_engine(f, self.engine)
  File "D:\soft\anaconda3\lib\site-packages\pandas\io\parsers\readers.py", line 1235, in _make_engine
    return mapping[engine](f, **self.options)
  File "D:\soft\anaconda3\lib\site-packages\pandas\io\parsers\c_parser_wrapper.py", line 75, in __init__
    self._reader = parsers.TextReader(src, **kwds)
  File "pandas\_libs\parsers.pyx", line 544, in pandas._libs.parsers.TextReader.__cinit__
  File "pandas\_libs\parsers.pyx", line 633, in pandas._libs.parsers.TextReader._get_header
  File "pandas\_libs\parsers.pyx", line 847, in pandas._libs.parsers.TextReader._tokenize_rows
  File "pandas\_libs\parsers.pyx", line 1952, in pandas._libs.parsers.raise_parser_error
UnicodeDecodeError: 'utf-8' codec can't decode byte 0xd0 in position 0: invalid continuation byte
Stack (most recent call last):
  File "D:\Ina\ETL_XdmLib_2.A.13\ETL_XdmLib_2.A.13\EDAETL\ETL_TABLE\ETL_POC_XLS_TO_KLARF\ETL_XLS_TO_KLARF_TEST.py", line 103, in <module>
    XdmLib.CustomFuction.file2db_init(
  File "D:\Ina\ETL_XdmLib_2.A.13\ETL_XdmLib_2.A.13\EDAETL\ETL_TABLE\ETL_POC_XLS_TO_KLARF\../..\XdmLib\CustomFuction.py", line 631, in file2db_init
    log.error(ex, exc_info=True, stack_info=True)
2023-08-17 10:24:20.286 - CustomFuction [ERROR   ] 'NoneType' object is not subscriptable
Traceback (most recent call last):
  File "D:\Ina\ETL_XdmLib_2.A.13\ETL_XdmLib_2.A.13\EDAETL\ETL_TABLE\ETL_POC_XLS_TO_KLARF\../..\XdmLib\CustomFuction.py", line 598, in file2db_init
    analysis_res.append(res['data'])
TypeError: 'NoneType' object is not subscriptable
Stack (most recent call last):
  File "D:\Ina\ETL_XdmLib_2.A.13\ETL_XdmLib_2.A.13\EDAETL\ETL_TABLE\ETL_POC_XLS_TO_KLARF\ETL_XLS_TO_KLARF_TEST.py", line 103, in <module>
    XdmLib.CustomFuction.file2db_init(
  File "D:\Ina\ETL_XdmLib_2.A.13\ETL_XdmLib_2.A.13\EDAETL\ETL_TABLE\ETL_POC_XLS_TO_KLARF\../..\XdmLib\CustomFuction.py", line 631, in file2db_init
    log.error(ex, exc_info=True, stack_info=True)
2023-08-17 10:27:31.009 - CustomFuction [ERROR   ] 'utf-8' codec can't decode byte 0xd0 in position 0: invalid continuation byte
Traceback (most recent call last):
  File "D:\Ina\ETL_XdmLib_2.A.13\ETL_XdmLib_2.A.13\EDAETL\ETL_TABLE\ETL_POC_XLS_TO_KLARF\../..\XdmLib\CustomFuction.py", line 596, in file2db_init
    res = do_file(file_root_source_path,
  File "D:\Ina\ETL_XdmLib_2.A.13\ETL_XdmLib_2.A.13\EDAETL\ETL_TABLE\ETL_POC_XLS_TO_KLARF\ETL_XLS_TO_KLARF_TEST.py", line 30, in do_file
    Data = pd.read_csv(file_path)
  File "D:\soft\anaconda3\lib\site-packages\pandas\util\_decorators.py", line 311, in wrapper
    return func(*args, **kwargs)
  File "D:\soft\anaconda3\lib\site-packages\pandas\io\parsers\readers.py", line 680, in read_csv
    return _read(filepath_or_buffer, kwds)
  File "D:\soft\anaconda3\lib\site-packages\pandas\io\parsers\readers.py", line 575, in _read
    parser = TextFileReader(filepath_or_buffer, **kwds)
  File "D:\soft\anaconda3\lib\site-packages\pandas\io\parsers\readers.py", line 933, in __init__
    self._engine = self._make_engine(f, self.engine)
  File "D:\soft\anaconda3\lib\site-packages\pandas\io\parsers\readers.py", line 1235, in _make_engine
    return mapping[engine](f, **self.options)
  File "D:\soft\anaconda3\lib\site-packages\pandas\io\parsers\c_parser_wrapper.py", line 75, in __init__
    self._reader = parsers.TextReader(src, **kwds)
  File "pandas\_libs\parsers.pyx", line 544, in pandas._libs.parsers.TextReader.__cinit__
  File "pandas\_libs\parsers.pyx", line 633, in pandas._libs.parsers.TextReader._get_header
  File "pandas\_libs\parsers.pyx", line 847, in pandas._libs.parsers.TextReader._tokenize_rows
  File "pandas\_libs\parsers.pyx", line 1952, in pandas._libs.parsers.raise_parser_error
UnicodeDecodeError: 'utf-8' codec can't decode byte 0xd0 in position 0: invalid continuation byte
Stack (most recent call last):
  File "D:\Ina\ETL_XdmLib_2.A.13\ETL_XdmLib_2.A.13\EDAETL\ETL_TABLE\ETL_POC_XLS_TO_KLARF\ETL_XLS_TO_KLARF_TEST.py", line 103, in <module>
    XdmLib.CustomFuction.file2db_init(
  File "D:\Ina\ETL_XdmLib_2.A.13\ETL_XdmLib_2.A.13\EDAETL\ETL_TABLE\ETL_POC_XLS_TO_KLARF\../..\XdmLib\CustomFuction.py", line 631, in file2db_init
    log.error(ex, exc_info=True, stack_info=True)
2023-08-17 10:27:33.955 - CustomFuction [ERROR   ] 'NoneType' object is not subscriptable
Traceback (most recent call last):
  File "D:\Ina\ETL_XdmLib_2.A.13\ETL_XdmLib_2.A.13\EDAETL\ETL_TABLE\ETL_POC_XLS_TO_KLARF\../..\XdmLib\CustomFuction.py", line 598, in file2db_init
    analysis_res.append(res['data'])
TypeError: 'NoneType' object is not subscriptable
Stack (most recent call last):
  File "D:\Ina\ETL_XdmLib_2.A.13\ETL_XdmLib_2.A.13\EDAETL\ETL_TABLE\ETL_POC_XLS_TO_KLARF\ETL_XLS_TO_KLARF_TEST.py", line 103, in <module>
    XdmLib.CustomFuction.file2db_init(
  File "D:\Ina\ETL_XdmLib_2.A.13\ETL_XdmLib_2.A.13\EDAETL\ETL_TABLE\ETL_POC_XLS_TO_KLARF\../..\XdmLib\CustomFuction.py", line 631, in file2db_init
    log.error(ex, exc_info=True, stack_info=True)
2023-08-17 10:28:05.170 - CustomFuction [ERROR   ] 'utf-8' codec can't decode byte 0xd0 in position 0: invalid continuation byte
Traceback (most recent call last):
  File "D:\Ina\ETL_XdmLib_2.A.13\ETL_XdmLib_2.A.13\EDAETL\ETL_TABLE\ETL_POC_XLS_TO_KLARF\../..\XdmLib\CustomFuction.py", line 596, in file2db_init
    res = do_file(file_root_source_path,
  File "D:\Ina\ETL_XdmLib_2.A.13\ETL_XdmLib_2.A.13\EDAETL\ETL_TABLE\ETL_POC_XLS_TO_KLARF\ETL_XLS_TO_KLARF_TEST.py", line 31, in do_file
    Data = pd.read_csv(file_path)
  File "D:\soft\anaconda3\lib\site-packages\pandas\util\_decorators.py", line 311, in wrapper
    return func(*args, **kwargs)
  File "D:\soft\anaconda3\lib\site-packages\pandas\io\parsers\readers.py", line 680, in read_csv
    return _read(filepath_or_buffer, kwds)
  File "D:\soft\anaconda3\lib\site-packages\pandas\io\parsers\readers.py", line 575, in _read
    parser = TextFileReader(filepath_or_buffer, **kwds)
  File "D:\soft\anaconda3\lib\site-packages\pandas\io\parsers\readers.py", line 933, in __init__
    self._engine = self._make_engine(f, self.engine)
  File "D:\soft\anaconda3\lib\site-packages\pandas\io\parsers\readers.py", line 1235, in _make_engine
    return mapping[engine](f, **self.options)
  File "D:\soft\anaconda3\lib\site-packages\pandas\io\parsers\c_parser_wrapper.py", line 75, in __init__
    self._reader = parsers.TextReader(src, **kwds)
  File "pandas\_libs\parsers.pyx", line 544, in pandas._libs.parsers.TextReader.__cinit__
  File "pandas\_libs\parsers.pyx", line 633, in pandas._libs.parsers.TextReader._get_header
  File "pandas\_libs\parsers.pyx", line 847, in pandas._libs.parsers.TextReader._tokenize_rows
  File "pandas\_libs\parsers.pyx", line 1952, in pandas._libs.parsers.raise_parser_error
UnicodeDecodeError: 'utf-8' codec can't decode byte 0xd0 in position 0: invalid continuation byte
Stack (most recent call last):
  File "D:\Ina\ETL_XdmLib_2.A.13\ETL_XdmLib_2.A.13\EDAETL\ETL_TABLE\ETL_POC_XLS_TO_KLARF\ETL_XLS_TO_KLARF_TEST.py", line 104, in <module>
    XdmLib.CustomFuction.file2db_init(
  File "D:\Ina\ETL_XdmLib_2.A.13\ETL_XdmLib_2.A.13\EDAETL\ETL_TABLE\ETL_POC_XLS_TO_KLARF\../..\XdmLib\CustomFuction.py", line 631, in file2db_init
    log.error(ex, exc_info=True, stack_info=True)
2023-08-17 10:28:08.125 - CustomFuction [ERROR   ] 'NoneType' object is not subscriptable
Traceback (most recent call last):
  File "D:\Ina\ETL_XdmLib_2.A.13\ETL_XdmLib_2.A.13\EDAETL\ETL_TABLE\ETL_POC_XLS_TO_KLARF\../..\XdmLib\CustomFuction.py", line 598, in file2db_init
    analysis_res.append(res['data'])
TypeError: 'NoneType' object is not subscriptable
Stack (most recent call last):
  File "D:\Ina\ETL_XdmLib_2.A.13\ETL_XdmLib_2.A.13\EDAETL\ETL_TABLE\ETL_POC_XLS_TO_KLARF\ETL_XLS_TO_KLARF_TEST.py", line 104, in <module>
    XdmLib.CustomFuction.file2db_init(
  File "D:\Ina\ETL_XdmLib_2.A.13\ETL_XdmLib_2.A.13\EDAETL\ETL_TABLE\ETL_POC_XLS_TO_KLARF\../..\XdmLib\CustomFuction.py", line 631, in file2db_init
    log.error(ex, exc_info=True, stack_info=True)
2023-08-17 10:34:28.295 - CustomFuction [ERROR   ] 'utf-8' codec can't decode byte 0xd0 in position 0: invalid continuation byte
Traceback (most recent call last):
  File "D:\Ina\ETL_XdmLib_2.A.13\ETL_XdmLib_2.A.13\EDAETL\ETL_TABLE\ETL_POC_XLS_TO_KLARF\../..\XdmLib\CustomFuction.py", line 596, in file2db_init
    res = do_file(file_root_source_path,
  File "D:\Ina\ETL_XdmLib_2.A.13\ETL_XdmLib_2.A.13\EDAETL\ETL_TABLE\ETL_POC_XLS_TO_KLARF\ETL_XLS_TO_KLARF_TEST.py", line 31, in do_file
    Data = pd.read_csv(file_path)
  File "D:\soft\anaconda3\lib\site-packages\pandas\util\_decorators.py", line 311, in wrapper
    return func(*args, **kwargs)
  File "D:\soft\anaconda3\lib\site-packages\pandas\io\parsers\readers.py", line 680, in read_csv
    return _read(filepath_or_buffer, kwds)
  File "D:\soft\anaconda3\lib\site-packages\pandas\io\parsers\readers.py", line 575, in _read
    parser = TextFileReader(filepath_or_buffer, **kwds)
  File "D:\soft\anaconda3\lib\site-packages\pandas\io\parsers\readers.py", line 933, in __init__
    self._engine = self._make_engine(f, self.engine)
  File "D:\soft\anaconda3\lib\site-packages\pandas\io\parsers\readers.py", line 1235, in _make_engine
    return mapping[engine](f, **self.options)
  File "D:\soft\anaconda3\lib\site-packages\pandas\io\parsers\c_parser_wrapper.py", line 75, in __init__
    self._reader = parsers.TextReader(src, **kwds)
  File "pandas\_libs\parsers.pyx", line 544, in pandas._libs.parsers.TextReader.__cinit__
  File "pandas\_libs\parsers.pyx", line 633, in pandas._libs.parsers.TextReader._get_header
  File "pandas\_libs\parsers.pyx", line 847, in pandas._libs.parsers.TextReader._tokenize_rows
  File "pandas\_libs\parsers.pyx", line 1952, in pandas._libs.parsers.raise_parser_error
UnicodeDecodeError: 'utf-8' codec can't decode byte 0xd0 in position 0: invalid continuation byte
Stack (most recent call last):
  File "D:\Ina\ETL_XdmLib_2.A.13\ETL_XdmLib_2.A.13\EDAETL\ETL_TABLE\ETL_POC_XLS_TO_KLARF\ETL_XLS_TO_KLARF_TEST.py", line 104, in <module>
    XdmLib.CustomFuction.file2db_init(
  File "D:\Ina\ETL_XdmLib_2.A.13\ETL_XdmLib_2.A.13\EDAETL\ETL_TABLE\ETL_POC_XLS_TO_KLARF\../..\XdmLib\CustomFuction.py", line 631, in file2db_init
    log.error(ex, exc_info=True, stack_info=True)
2023-08-17 10:34:31.269 - CustomFuction [ERROR   ] 'NoneType' object is not subscriptable
Traceback (most recent call last):
  File "D:\Ina\ETL_XdmLib_2.A.13\ETL_XdmLib_2.A.13\EDAETL\ETL_TABLE\ETL_POC_XLS_TO_KLARF\../..\XdmLib\CustomFuction.py", line 598, in file2db_init
    analysis_res.append(res['data'])
TypeError: 'NoneType' object is not subscriptable
Stack (most recent call last):
  File "D:\Ina\ETL_XdmLib_2.A.13\ETL_XdmLib_2.A.13\EDAETL\ETL_TABLE\ETL_POC_XLS_TO_KLARF\ETL_XLS_TO_KLARF_TEST.py", line 104, in <module>
    XdmLib.CustomFuction.file2db_init(
  File "D:\Ina\ETL_XdmLib_2.A.13\ETL_XdmLib_2.A.13\EDAETL\ETL_TABLE\ETL_POC_XLS_TO_KLARF\../..\XdmLib\CustomFuction.py", line 631, in file2db_init
    log.error(ex, exc_info=True, stack_info=True)
2023-08-17 10:37:53.340 - CustomFuction [ERROR   ] 'utf-8' codec can't decode byte 0xd0 in position 0: invalid continuation byte
Traceback (most recent call last):
  File "D:\Ina\ETL_XdmLib_2.A.13\ETL_XdmLib_2.A.13\EDAETL\ETL_TABLE\ETL_POC_XLS_TO_KLARF\../..\XdmLib\CustomFuction.py", line 596, in file2db_init
    res = do_file(file_root_source_path,
  File "D:\Ina\ETL_XdmLib_2.A.13\ETL_XdmLib_2.A.13\EDAETL\ETL_TABLE\ETL_POC_XLS_TO_KLARF\ETL_XLS_TO_KLARF_TEST.py", line 31, in do_file
    Data = pd.read_csv(file_path)
  File "D:\soft\anaconda3\lib\site-packages\pandas\util\_decorators.py", line 311, in wrapper
    return func(*args, **kwargs)
  File "D:\soft\anaconda3\lib\site-packages\pandas\io\parsers\readers.py", line 680, in read_csv
    return _read(filepath_or_buffer, kwds)
  File "D:\soft\anaconda3\lib\site-packages\pandas\io\parsers\readers.py", line 575, in _read
    parser = TextFileReader(filepath_or_buffer, **kwds)
  File "D:\soft\anaconda3\lib\site-packages\pandas\io\parsers\readers.py", line 933, in __init__
    self._engine = self._make_engine(f, self.engine)
  File "D:\soft\anaconda3\lib\site-packages\pandas\io\parsers\readers.py", line 1235, in _make_engine
    return mapping[engine](f, **self.options)
  File "D:\soft\anaconda3\lib\site-packages\pandas\io\parsers\c_parser_wrapper.py", line 75, in __init__
    self._reader = parsers.TextReader(src, **kwds)
  File "pandas\_libs\parsers.pyx", line 544, in pandas._libs.parsers.TextReader.__cinit__
  File "pandas\_libs\parsers.pyx", line 633, in pandas._libs.parsers.TextReader._get_header
  File "pandas\_libs\parsers.pyx", line 847, in pandas._libs.parsers.TextReader._tokenize_rows
  File "pandas\_libs\parsers.pyx", line 1952, in pandas._libs.parsers.raise_parser_error
UnicodeDecodeError: 'utf-8' codec can't decode byte 0xd0 in position 0: invalid continuation byte
Stack (most recent call last):
  File "D:\Ina\ETL_XdmLib_2.A.13\ETL_XdmLib_2.A.13\EDAETL\ETL_TABLE\ETL_POC_XLS_TO_KLARF\ETL_XLS_TO_KLARF_TEST.py", line 104, in <module>
    XdmLib.CustomFuction.file2db_init(
  File "D:\Ina\ETL_XdmLib_2.A.13\ETL_XdmLib_2.A.13\EDAETL\ETL_TABLE\ETL_POC_XLS_TO_KLARF\../..\XdmLib\CustomFuction.py", line 631, in file2db_init
    log.error(ex, exc_info=True, stack_info=True)
2023-08-17 10:37:56.302 - CustomFuction [ERROR   ] 'NoneType' object is not subscriptable
Traceback (most recent call last):
  File "D:\Ina\ETL_XdmLib_2.A.13\ETL_XdmLib_2.A.13\EDAETL\ETL_TABLE\ETL_POC_XLS_TO_KLARF\../..\XdmLib\CustomFuction.py", line 598, in file2db_init
    analysis_res.append(res['data'])
TypeError: 'NoneType' object is not subscriptable
Stack (most recent call last):
  File "D:\Ina\ETL_XdmLib_2.A.13\ETL_XdmLib_2.A.13\EDAETL\ETL_TABLE\ETL_POC_XLS_TO_KLARF\ETL_XLS_TO_KLARF_TEST.py", line 104, in <module>
    XdmLib.CustomFuction.file2db_init(
  File "D:\Ina\ETL_XdmLib_2.A.13\ETL_XdmLib_2.A.13\EDAETL\ETL_TABLE\ETL_POC_XLS_TO_KLARF\../..\XdmLib\CustomFuction.py", line 631, in file2db_init
    log.error(ex, exc_info=True, stack_info=True)
2023-08-17 10:41:34.330 - CustomFuction [ERROR   ] 'utf-8' codec can't decode byte 0xd0 in position 0: invalid continuation byte
Traceback (most recent call last):
  File "D:\Ina\ETL_XdmLib_2.A.13\ETL_XdmLib_2.A.13\EDAETL\ETL_TABLE\ETL_POC_XLS_TO_KLARF\../..\XdmLib\CustomFuction.py", line 596, in file2db_init
    res = do_file(file_root_source_path,
  File "D:\Ina\ETL_XdmLib_2.A.13\ETL_XdmLib_2.A.13\EDAETL\ETL_TABLE\ETL_POC_XLS_TO_KLARF\ETL_XLS_TO_KLARF_TEST.py", line 31, in do_file
    Data = pd.read_csv(file_path)
  File "D:\soft\anaconda3\lib\site-packages\pandas\util\_decorators.py", line 311, in wrapper
    return func(*args, **kwargs)
  File "D:\soft\anaconda3\lib\site-packages\pandas\io\parsers\readers.py", line 680, in read_csv
    return _read(filepath_or_buffer, kwds)
  File "D:\soft\anaconda3\lib\site-packages\pandas\io\parsers\readers.py", line 575, in _read
    parser = TextFileReader(filepath_or_buffer, **kwds)
  File "D:\soft\anaconda3\lib\site-packages\pandas\io\parsers\readers.py", line 933, in __init__
    self._engine = self._make_engine(f, self.engine)
  File "D:\soft\anaconda3\lib\site-packages\pandas\io\parsers\readers.py", line 1235, in _make_engine
    return mapping[engine](f, **self.options)
  File "D:\soft\anaconda3\lib\site-packages\pandas\io\parsers\c_parser_wrapper.py", line 75, in __init__
    self._reader = parsers.TextReader(src, **kwds)
  File "pandas\_libs\parsers.pyx", line 544, in pandas._libs.parsers.TextReader.__cinit__
  File "pandas\_libs\parsers.pyx", line 633, in pandas._libs.parsers.TextReader._get_header
  File "pandas\_libs\parsers.pyx", line 847, in pandas._libs.parsers.TextReader._tokenize_rows
  File "pandas\_libs\parsers.pyx", line 1952, in pandas._libs.parsers.raise_parser_error
UnicodeDecodeError: 'utf-8' codec can't decode byte 0xd0 in position 0: invalid continuation byte
Stack (most recent call last):
  File "D:\Ina\ETL_XdmLib_2.A.13\ETL_XdmLib_2.A.13\EDAETL\ETL_TABLE\ETL_POC_XLS_TO_KLARF\ETL_XLS_TO_KLARF_TEST.py", line 104, in <module>
    XdmLib.CustomFuction.file2db_init(
  File "D:\Ina\ETL_XdmLib_2.A.13\ETL_XdmLib_2.A.13\EDAETL\ETL_TABLE\ETL_POC_XLS_TO_KLARF\../..\XdmLib\CustomFuction.py", line 631, in file2db_init
    log.error(ex, exc_info=True, stack_info=True)
2023-08-17 10:41:37.308 - CustomFuction [ERROR   ] 'NoneType' object is not subscriptable
Traceback (most recent call last):
  File "D:\Ina\ETL_XdmLib_2.A.13\ETL_XdmLib_2.A.13\EDAETL\ETL_TABLE\ETL_POC_XLS_TO_KLARF\../..\XdmLib\CustomFuction.py", line 598, in file2db_init
    analysis_res.append(res['data'])
TypeError: 'NoneType' object is not subscriptable
Stack (most recent call last):
  File "D:\Ina\ETL_XdmLib_2.A.13\ETL_XdmLib_2.A.13\EDAETL\ETL_TABLE\ETL_POC_XLS_TO_KLARF\ETL_XLS_TO_KLARF_TEST.py", line 104, in <module>
    XdmLib.CustomFuction.file2db_init(
  File "D:\Ina\ETL_XdmLib_2.A.13\ETL_XdmLib_2.A.13\EDAETL\ETL_TABLE\ETL_POC_XLS_TO_KLARF\../..\XdmLib\CustomFuction.py", line 631, in file2db_init
    log.error(ex, exc_info=True, stack_info=True)
2023-08-17 10:50:47.175 - CustomFuction [ERROR   ] local variable 'os' referenced before assignment
Traceback (most recent call last):
  File "D:\Ina\ETL_XdmLib_2.A.13\ETL_XdmLib_2.A.13\EDAETL\ETL_TABLE\ETL_POC_XLS_TO_KLARF\../..\XdmLib\CustomFuction.py", line 596, in file2db_init
    res = do_file(file_root_source_path,
  File "D:\Ina\ETL_XdmLib_2.A.13\ETL_XdmLib_2.A.13\EDAETL\ETL_TABLE\ETL_POC_XLS_TO_KLARF\ETL_XLS_TO_KLARF_TEST.py", line 18, in do_file
    file_path = os.path.join(source_folder, file_name)
UnboundLocalError: local variable 'os' referenced before assignment
Stack (most recent call last):
  File "D:\Ina\ETL_XdmLib_2.A.13\ETL_XdmLib_2.A.13\EDAETL\ETL_TABLE\ETL_POC_XLS_TO_KLARF\ETL_XLS_TO_KLARF_TEST.py", line 121, in <module>
    XdmLib.CustomFuction.file2db_init(
  File "D:\Ina\ETL_XdmLib_2.A.13\ETL_XdmLib_2.A.13\EDAETL\ETL_TABLE\ETL_POC_XLS_TO_KLARF\../..\XdmLib\CustomFuction.py", line 631, in file2db_init
    log.error(ex, exc_info=True, stack_info=True)
2023-08-17 10:50:50.120 - CustomFuction [ERROR   ] local variable 'os' referenced before assignment
Traceback (most recent call last):
  File "D:\Ina\ETL_XdmLib_2.A.13\ETL_XdmLib_2.A.13\EDAETL\ETL_TABLE\ETL_POC_XLS_TO_KLARF\../..\XdmLib\CustomFuction.py", line 596, in file2db_init
    res = do_file(file_root_source_path,
  File "D:\Ina\ETL_XdmLib_2.A.13\ETL_XdmLib_2.A.13\EDAETL\ETL_TABLE\ETL_POC_XLS_TO_KLARF\ETL_XLS_TO_KLARF_TEST.py", line 18, in do_file
    file_path = os.path.join(source_folder, file_name)
UnboundLocalError: local variable 'os' referenced before assignment
Stack (most recent call last):
  File "D:\Ina\ETL_XdmLib_2.A.13\ETL_XdmLib_2.A.13\EDAETL\ETL_TABLE\ETL_POC_XLS_TO_KLARF\ETL_XLS_TO_KLARF_TEST.py", line 121, in <module>
    XdmLib.CustomFuction.file2db_init(
  File "D:\Ina\ETL_XdmLib_2.A.13\ETL_XdmLib_2.A.13\EDAETL\ETL_TABLE\ETL_POC_XLS_TO_KLARF\../..\XdmLib\CustomFuction.py", line 631, in file2db_init
    log.error(ex, exc_info=True, stack_info=True)
2023-08-17 10:51:22.443 - CustomFuction [ERROR   ] 'utf-8' codec can't decode byte 0xd0 in position 0: invalid continuation byte
Traceback (most recent call last):
  File "D:\Ina\ETL_XdmLib_2.A.13\ETL_XdmLib_2.A.13\EDAETL\ETL_TABLE\ETL_POC_XLS_TO_KLARF\../..\XdmLib\CustomFuction.py", line 596, in file2db_init
    res = do_file(file_root_source_path,
  File "D:\Ina\ETL_XdmLib_2.A.13\ETL_XdmLib_2.A.13\EDAETL\ETL_TABLE\ETL_POC_XLS_TO_KLARF\ETL_XLS_TO_KLARF_TEST.py", line 31, in do_file
    Data = pd.read_csv(file_path)
  File "D:\soft\anaconda3\lib\site-packages\pandas\util\_decorators.py", line 311, in wrapper
    return func(*args, **kwargs)
  File "D:\soft\anaconda3\lib\site-packages\pandas\io\parsers\readers.py", line 680, in read_csv
    return _read(filepath_or_buffer, kwds)
  File "D:\soft\anaconda3\lib\site-packages\pandas\io\parsers\readers.py", line 575, in _read
    parser = TextFileReader(filepath_or_buffer, **kwds)
  File "D:\soft\anaconda3\lib\site-packages\pandas\io\parsers\readers.py", line 933, in __init__
    self._engine = self._make_engine(f, self.engine)
  File "D:\soft\anaconda3\lib\site-packages\pandas\io\parsers\readers.py", line 1235, in _make_engine
    return mapping[engine](f, **self.options)
  File "D:\soft\anaconda3\lib\site-packages\pandas\io\parsers\c_parser_wrapper.py", line 75, in __init__
    self._reader = parsers.TextReader(src, **kwds)
  File "pandas\_libs\parsers.pyx", line 544, in pandas._libs.parsers.TextReader.__cinit__
  File "pandas\_libs\parsers.pyx", line 633, in pandas._libs.parsers.TextReader._get_header
  File "pandas\_libs\parsers.pyx", line 847, in pandas._libs.parsers.TextReader._tokenize_rows
  File "pandas\_libs\parsers.pyx", line 1952, in pandas._libs.parsers.raise_parser_error
UnicodeDecodeError: 'utf-8' codec can't decode byte 0xd0 in position 0: invalid continuation byte
Stack (most recent call last):
  File "D:\Ina\ETL_XdmLib_2.A.13\ETL_XdmLib_2.A.13\EDAETL\ETL_TABLE\ETL_POC_XLS_TO_KLARF\ETL_XLS_TO_KLARF_TEST.py", line 120, in <module>
    XdmLib.CustomFuction.file2db_init(
  File "D:\Ina\ETL_XdmLib_2.A.13\ETL_XdmLib_2.A.13\EDAETL\ETL_TABLE\ETL_POC_XLS_TO_KLARF\../..\XdmLib\CustomFuction.py", line 631, in file2db_init
    log.error(ex, exc_info=True, stack_info=True)
2023-08-17 10:51:25.514 - CustomFuction [ERROR   ] module 'os' has no attribute 'dirlist'
Traceback (most recent call last):
  File "D:\Ina\ETL_XdmLib_2.A.13\ETL_XdmLib_2.A.13\EDAETL\ETL_TABLE\ETL_POC_XLS_TO_KLARF\../..\XdmLib\CustomFuction.py", line 596, in file2db_init
    res = do_file(file_root_source_path,
  File "D:\Ina\ETL_XdmLib_2.A.13\ETL_XdmLib_2.A.13\EDAETL\ETL_TABLE\ETL_POC_XLS_TO_KLARF\ETL_XLS_TO_KLARF_TEST.py", line 39, in do_file
    dirlist = os.dirlist(source_folder)
AttributeError: module 'os' has no attribute 'dirlist'
Stack (most recent call last):
  File "D:\Ina\ETL_XdmLib_2.A.13\ETL_XdmLib_2.A.13\EDAETL\ETL_TABLE\ETL_POC_XLS_TO_KLARF\ETL_XLS_TO_KLARF_TEST.py", line 120, in <module>
    XdmLib.CustomFuction.file2db_init(
  File "D:\Ina\ETL_XdmLib_2.A.13\ETL_XdmLib_2.A.13\EDAETL\ETL_TABLE\ETL_POC_XLS_TO_KLARF\../..\XdmLib\CustomFuction.py", line 631, in file2db_init
    log.error(ex, exc_info=True, stack_info=True)
2023-08-17 10:52:25.593 - CustomFuction [ERROR   ] 'utf-8' codec can't decode byte 0xd0 in position 0: invalid continuation byte
Traceback (most recent call last):
  File "D:\Ina\ETL_XdmLib_2.A.13\ETL_XdmLib_2.A.13\EDAETL\ETL_TABLE\ETL_POC_XLS_TO_KLARF\../..\XdmLib\CustomFuction.py", line 596, in file2db_init
    res = do_file(file_root_source_path,
  File "D:\Ina\ETL_XdmLib_2.A.13\ETL_XdmLib_2.A.13\EDAETL\ETL_TABLE\ETL_POC_XLS_TO_KLARF\ETL_XLS_TO_KLARF_TEST.py", line 31, in do_file
    Data = pd.read_csv(file_path)
  File "D:\soft\anaconda3\lib\site-packages\pandas\util\_decorators.py", line 311, in wrapper
    return func(*args, **kwargs)
  File "D:\soft\anaconda3\lib\site-packages\pandas\io\parsers\readers.py", line 680, in read_csv
    return _read(filepath_or_buffer, kwds)
  File "D:\soft\anaconda3\lib\site-packages\pandas\io\parsers\readers.py", line 575, in _read
    parser = TextFileReader(filepath_or_buffer, **kwds)
  File "D:\soft\anaconda3\lib\site-packages\pandas\io\parsers\readers.py", line 933, in __init__
    self._engine = self._make_engine(f, self.engine)
  File "D:\soft\anaconda3\lib\site-packages\pandas\io\parsers\readers.py", line 1235, in _make_engine
    return mapping[engine](f, **self.options)
  File "D:\soft\anaconda3\lib\site-packages\pandas\io\parsers\c_parser_wrapper.py", line 75, in __init__
    self._reader = parsers.TextReader(src, **kwds)
  File "pandas\_libs\parsers.pyx", line 544, in pandas._libs.parsers.TextReader.__cinit__
  File "pandas\_libs\parsers.pyx", line 633, in pandas._libs.parsers.TextReader._get_header
  File "pandas\_libs\parsers.pyx", line 847, in pandas._libs.parsers.TextReader._tokenize_rows
  File "pandas\_libs\parsers.pyx", line 1952, in pandas._libs.parsers.raise_parser_error
UnicodeDecodeError: 'utf-8' codec can't decode byte 0xd0 in position 0: invalid continuation byte
Stack (most recent call last):
  File "D:\Ina\ETL_XdmLib_2.A.13\ETL_XdmLib_2.A.13\EDAETL\ETL_TABLE\ETL_POC_XLS_TO_KLARF\ETL_XLS_TO_KLARF_TEST.py", line 120, in <module>
    XdmLib.CustomFuction.file2db_init(
  File "D:\Ina\ETL_XdmLib_2.A.13\ETL_XdmLib_2.A.13\EDAETL\ETL_TABLE\ETL_POC_XLS_TO_KLARF\../..\XdmLib\CustomFuction.py", line 631, in file2db_init
    log.error(ex, exc_info=True, stack_info=True)
2023-08-17 10:52:28.604 - CustomFuction [ERROR   ] module 'os' has no attribute 'dirlist'
Traceback (most recent call last):
  File "D:\Ina\ETL_XdmLib_2.A.13\ETL_XdmLib_2.A.13\EDAETL\ETL_TABLE\ETL_POC_XLS_TO_KLARF\../..\XdmLib\CustomFuction.py", line 596, in file2db_init
    res = do_file(file_root_source_path,
  File "D:\Ina\ETL_XdmLib_2.A.13\ETL_XdmLib_2.A.13\EDAETL\ETL_TABLE\ETL_POC_XLS_TO_KLARF\ETL_XLS_TO_KLARF_TEST.py", line 39, in do_file
    dirlist = os.dirlist(source_folder)
AttributeError: module 'os' has no attribute 'dirlist'
Stack (most recent call last):
  File "D:\Ina\ETL_XdmLib_2.A.13\ETL_XdmLib_2.A.13\EDAETL\ETL_TABLE\ETL_POC_XLS_TO_KLARF\ETL_XLS_TO_KLARF_TEST.py", line 120, in <module>
    XdmLib.CustomFuction.file2db_init(
  File "D:\Ina\ETL_XdmLib_2.A.13\ETL_XdmLib_2.A.13\EDAETL\ETL_TABLE\ETL_POC_XLS_TO_KLARF\../..\XdmLib\CustomFuction.py", line 631, in file2db_init
    log.error(ex, exc_info=True, stack_info=True)
2023-08-17 10:53:25.242 - CustomFuction [ERROR   ] module 'os' has no attribute 'dirlist'
Traceback (most recent call last):
  File "D:\Ina\ETL_XdmLib_2.A.13\ETL_XdmLib_2.A.13\EDAETL\ETL_TABLE\ETL_POC_XLS_TO_KLARF\../..\XdmLib\CustomFuction.py", line 596, in file2db_init
    res = do_file(file_root_source_path,
  File "D:\Ina\ETL_XdmLib_2.A.13\ETL_XdmLib_2.A.13\EDAETL\ETL_TABLE\ETL_POC_XLS_TO_KLARF\ETL_XLS_TO_KLARF_TEST.py", line 39, in do_file
    dirlist = os.dirlist(source_folder)
AttributeError: module 'os' has no attribute 'dirlist'
Stack (most recent call last):
  File "D:\Ina\ETL_XdmLib_2.A.13\ETL_XdmLib_2.A.13\EDAETL\ETL_TABLE\ETL_POC_XLS_TO_KLARF\ETL_XLS_TO_KLARF_TEST.py", line 121, in <module>
    XdmLib.CustomFuction.file2db_init(
  File "D:\Ina\ETL_XdmLib_2.A.13\ETL_XdmLib_2.A.13\EDAETL\ETL_TABLE\ETL_POC_XLS_TO_KLARF\../..\XdmLib\CustomFuction.py", line 631, in file2db_init
    log.error(ex, exc_info=True, stack_info=True)
2023-08-17 10:53:28.267 - CustomFuction [ERROR   ] module 'os' has no attribute 'dirlist'
Traceback (most recent call last):
  File "D:\Ina\ETL_XdmLib_2.A.13\ETL_XdmLib_2.A.13\EDAETL\ETL_TABLE\ETL_POC_XLS_TO_KLARF\../..\XdmLib\CustomFuction.py", line 596, in file2db_init
    res = do_file(file_root_source_path,
  File "D:\Ina\ETL_XdmLib_2.A.13\ETL_XdmLib_2.A.13\EDAETL\ETL_TABLE\ETL_POC_XLS_TO_KLARF\ETL_XLS_TO_KLARF_TEST.py", line 39, in do_file
    dirlist = os.dirlist(source_folder)
AttributeError: module 'os' has no attribute 'dirlist'
Stack (most recent call last):
  File "D:\Ina\ETL_XdmLib_2.A.13\ETL_XdmLib_2.A.13\EDAETL\ETL_TABLE\ETL_POC_XLS_TO_KLARF\ETL_XLS_TO_KLARF_TEST.py", line 121, in <module>
    XdmLib.CustomFuction.file2db_init(
  File "D:\Ina\ETL_XdmLib_2.A.13\ETL_XdmLib_2.A.13\EDAETL\ETL_TABLE\ETL_POC_XLS_TO_KLARF\../..\XdmLib\CustomFuction.py", line 631, in file2db_init
    log.error(ex, exc_info=True, stack_info=True)
2023-08-17 10:55:33.841 - CustomFuction [ERROR   ] 'NoneType' object is not subscriptable
Traceback (most recent call last):
  File "D:\Ina\ETL_XdmLib_2.A.13\ETL_XdmLib_2.A.13\EDAETL\ETL_TABLE\ETL_POC_XLS_TO_KLARF\../..\XdmLib\CustomFuction.py", line 598, in file2db_init
    analysis_res.append(res['data'])
TypeError: 'NoneType' object is not subscriptable
Stack (most recent call last):
  File "D:\Ina\ETL_XdmLib_2.A.13\ETL_XdmLib_2.A.13\EDAETL\ETL_TABLE\ETL_POC_XLS_TO_KLARF\ETL_XLS_TO_KLARF_TEST.py", line 102, in <module>
    XdmLib.CustomFuction.file2db_init(
  File "D:\Ina\ETL_XdmLib_2.A.13\ETL_XdmLib_2.A.13\EDAETL\ETL_TABLE\ETL_POC_XLS_TO_KLARF\../..\XdmLib\CustomFuction.py", line 631, in file2db_init
    log.error(ex, exc_info=True, stack_info=True)
2023-08-17 10:55:36.783 - CustomFuction [ERROR   ] 'NoneType' object is not subscriptable
Traceback (most recent call last):
  File "D:\Ina\ETL_XdmLib_2.A.13\ETL_XdmLib_2.A.13\EDAETL\ETL_TABLE\ETL_POC_XLS_TO_KLARF\../..\XdmLib\CustomFuction.py", line 598, in file2db_init
    analysis_res.append(res['data'])
TypeError: 'NoneType' object is not subscriptable
Stack (most recent call last):
  File "D:\Ina\ETL_XdmLib_2.A.13\ETL_XdmLib_2.A.13\EDAETL\ETL_TABLE\ETL_POC_XLS_TO_KLARF\ETL_XLS_TO_KLARF_TEST.py", line 102, in <module>
    XdmLib.CustomFuction.file2db_init(
  File "D:\Ina\ETL_XdmLib_2.A.13\ETL_XdmLib_2.A.13\EDAETL\ETL_TABLE\ETL_POC_XLS_TO_KLARF\../..\XdmLib\CustomFuction.py", line 631, in file2db_init
    log.error(ex, exc_info=True, stack_info=True)
2023-08-17 11:07:51.648 - CustomFuction [ERROR   ] 'utf-8' codec can't decode byte 0xd0 in position 0: invalid continuation byte
Traceback (most recent call last):
  File "D:\Ina\ETL_XdmLib_2.A.13\ETL_XdmLib_2.A.13\EDAETL\ETL_TABLE\ETL_POC_XLS_TO_KLARF\../..\XdmLib\CustomFuction.py", line 596, in file2db_init
    res = do_file(file_root_source_path,
  File "D:\Ina\ETL_XdmLib_2.A.13\ETL_XdmLib_2.A.13\EDAETL\ETL_TABLE\ETL_POC_XLS_TO_KLARF\ETL_XLS_TO_KLARF_TEST.py", line 29, in do_file
    Data = pd.read_csv(file_path)
  File "D:\soft\anaconda3\lib\site-packages\pandas\util\_decorators.py", line 311, in wrapper
    return func(*args, **kwargs)
  File "D:\soft\anaconda3\lib\site-packages\pandas\io\parsers\readers.py", line 680, in read_csv
    return _read(filepath_or_buffer, kwds)
  File "D:\soft\anaconda3\lib\site-packages\pandas\io\parsers\readers.py", line 575, in _read
    parser = TextFileReader(filepath_or_buffer, **kwds)
  File "D:\soft\anaconda3\lib\site-packages\pandas\io\parsers\readers.py", line 933, in __init__
    self._engine = self._make_engine(f, self.engine)
  File "D:\soft\anaconda3\lib\site-packages\pandas\io\parsers\readers.py", line 1235, in _make_engine
    return mapping[engine](f, **self.options)
  File "D:\soft\anaconda3\lib\site-packages\pandas\io\parsers\c_parser_wrapper.py", line 75, in __init__
    self._reader = parsers.TextReader(src, **kwds)
  File "pandas\_libs\parsers.pyx", line 544, in pandas._libs.parsers.TextReader.__cinit__
  File "pandas\_libs\parsers.pyx", line 633, in pandas._libs.parsers.TextReader._get_header
  File "pandas\_libs\parsers.pyx", line 847, in pandas._libs.parsers.TextReader._tokenize_rows
  File "pandas\_libs\parsers.pyx", line 1952, in pandas._libs.parsers.raise_parser_error
UnicodeDecodeError: 'utf-8' codec can't decode byte 0xd0 in position 0: invalid continuation byte
Stack (most recent call last):
  File "D:\Ina\ETL_XdmLib_2.A.13\ETL_XdmLib_2.A.13\EDAETL\ETL_TABLE\ETL_POC_XLS_TO_KLARF\ETL_XLS_TO_KLARF_TEST.py", line 103, in <module>
    XdmLib.CustomFuction.file2db_init(
  File "D:\Ina\ETL_XdmLib_2.A.13\ETL_XdmLib_2.A.13\EDAETL\ETL_TABLE\ETL_POC_XLS_TO_KLARF\../..\XdmLib\CustomFuction.py", line 631, in file2db_init
    log.error(ex, exc_info=True, stack_info=True)
2023-08-17 11:07:54.611 - CustomFuction [ERROR   ] 'NoneType' object is not subscriptable
Traceback (most recent call last):
  File "D:\Ina\ETL_XdmLib_2.A.13\ETL_XdmLib_2.A.13\EDAETL\ETL_TABLE\ETL_POC_XLS_TO_KLARF\../..\XdmLib\CustomFuction.py", line 598, in file2db_init
    analysis_res.append(res['data'])
TypeError: 'NoneType' object is not subscriptable
Stack (most recent call last):
  File "D:\Ina\ETL_XdmLib_2.A.13\ETL_XdmLib_2.A.13\EDAETL\ETL_TABLE\ETL_POC_XLS_TO_KLARF\ETL_XLS_TO_KLARF_TEST.py", line 103, in <module>
    XdmLib.CustomFuction.file2db_init(
  File "D:\Ina\ETL_XdmLib_2.A.13\ETL_XdmLib_2.A.13\EDAETL\ETL_TABLE\ETL_POC_XLS_TO_KLARF\../..\XdmLib\CustomFuction.py", line 631, in file2db_init
    log.error(ex, exc_info=True, stack_info=True)
2023-08-17 11:09:13.668 - CustomFuction [ERROR   ] 'utf-8' codec can't decode byte 0xd0 in position 0: invalid continuation byte
Traceback (most recent call last):
  File "D:\Ina\ETL_XdmLib_2.A.13\ETL_XdmLib_2.A.13\EDAETL\ETL_TABLE\ETL_POC_XLS_TO_KLARF\../..\XdmLib\CustomFuction.py", line 596, in file2db_init
    res = do_file(file_root_source_path,
  File "D:\Ina\ETL_XdmLib_2.A.13\ETL_XdmLib_2.A.13\EDAETL\ETL_TABLE\ETL_POC_XLS_TO_KLARF\ETL_XLS_TO_KLARF_TEST.py", line 29, in do_file
    Data = pd.read_csv(file_path)
  File "D:\soft\anaconda3\lib\site-packages\pandas\util\_decorators.py", line 311, in wrapper
    return func(*args, **kwargs)
  File "D:\soft\anaconda3\lib\site-packages\pandas\io\parsers\readers.py", line 680, in read_csv
    return _read(filepath_or_buffer, kwds)
  File "D:\soft\anaconda3\lib\site-packages\pandas\io\parsers\readers.py", line 575, in _read
    parser = TextFileReader(filepath_or_buffer, **kwds)
  File "D:\soft\anaconda3\lib\site-packages\pandas\io\parsers\readers.py", line 933, in __init__
    self._engine = self._make_engine(f, self.engine)
  File "D:\soft\anaconda3\lib\site-packages\pandas\io\parsers\readers.py", line 1235, in _make_engine
    return mapping[engine](f, **self.options)
  File "D:\soft\anaconda3\lib\site-packages\pandas\io\parsers\c_parser_wrapper.py", line 75, in __init__
    self._reader = parsers.TextReader(src, **kwds)
  File "pandas\_libs\parsers.pyx", line 544, in pandas._libs.parsers.TextReader.__cinit__
  File "pandas\_libs\parsers.pyx", line 633, in pandas._libs.parsers.TextReader._get_header
  File "pandas\_libs\parsers.pyx", line 847, in pandas._libs.parsers.TextReader._tokenize_rows
  File "pandas\_libs\parsers.pyx", line 1952, in pandas._libs.parsers.raise_parser_error
UnicodeDecodeError: 'utf-8' codec can't decode byte 0xd0 in position 0: invalid continuation byte
Stack (most recent call last):
  File "D:\Ina\ETL_XdmLib_2.A.13\ETL_XdmLib_2.A.13\EDAETL\ETL_TABLE\ETL_POC_XLS_TO_KLARF\ETL_XLS_TO_KLARF_TEST.py", line 104, in <module>
    XdmLib.CustomFuction.file2db_init(
  File "D:\Ina\ETL_XdmLib_2.A.13\ETL_XdmLib_2.A.13\EDAETL\ETL_TABLE\ETL_POC_XLS_TO_KLARF\../..\XdmLib\CustomFuction.py", line 631, in file2db_init
    log.error(ex, exc_info=True, stack_info=True)
2023-08-17 11:09:16.747 - CustomFuction [ERROR   ] 'NoneType' object is not subscriptable
Traceback (most recent call last):
  File "D:\Ina\ETL_XdmLib_2.A.13\ETL_XdmLib_2.A.13\EDAETL\ETL_TABLE\ETL_POC_XLS_TO_KLARF\../..\XdmLib\CustomFuction.py", line 598, in file2db_init
    analysis_res.append(res['data'])
TypeError: 'NoneType' object is not subscriptable
Stack (most recent call last):
  File "D:\Ina\ETL_XdmLib_2.A.13\ETL_XdmLib_2.A.13\EDAETL\ETL_TABLE\ETL_POC_XLS_TO_KLARF\ETL_XLS_TO_KLARF_TEST.py", line 104, in <module>
    XdmLib.CustomFuction.file2db_init(
  File "D:\Ina\ETL_XdmLib_2.A.13\ETL_XdmLib_2.A.13\EDAETL\ETL_TABLE\ETL_POC_XLS_TO_KLARF\../..\XdmLib\CustomFuction.py", line 631, in file2db_init
    log.error(ex, exc_info=True, stack_info=True)
2023-08-17 11:12:25.119 - CustomFuction [ERROR   ] 'utf-8' codec can't decode byte 0xd0 in position 0: invalid continuation byte
Traceback (most recent call last):
  File "D:\Ina\ETL_XdmLib_2.A.13\ETL_XdmLib_2.A.13\EDAETL\ETL_TABLE\ETL_POC_XLS_TO_KLARF\../..\XdmLib\CustomFuction.py", line 596, in file2db_init
    res = do_file(file_root_source_path,
  File "D:\Ina\ETL_XdmLib_2.A.13\ETL_XdmLib_2.A.13\EDAETL\ETL_TABLE\ETL_POC_XLS_TO_KLARF\ETL_XLS_TO_KLARF_TEST.py", line 30, in do_file
    Data = pd.read_csv(file_path)
  File "D:\soft\anaconda3\lib\site-packages\pandas\util\_decorators.py", line 311, in wrapper
    return func(*args, **kwargs)
  File "D:\soft\anaconda3\lib\site-packages\pandas\io\parsers\readers.py", line 680, in read_csv
    return _read(filepath_or_buffer, kwds)
  File "D:\soft\anaconda3\lib\site-packages\pandas\io\parsers\readers.py", line 575, in _read
    parser = TextFileReader(filepath_or_buffer, **kwds)
  File "D:\soft\anaconda3\lib\site-packages\pandas\io\parsers\readers.py", line 933, in __init__
    self._engine = self._make_engine(f, self.engine)
  File "D:\soft\anaconda3\lib\site-packages\pandas\io\parsers\readers.py", line 1235, in _make_engine
    return mapping[engine](f, **self.options)
  File "D:\soft\anaconda3\lib\site-packages\pandas\io\parsers\c_parser_wrapper.py", line 75, in __init__
    self._reader = parsers.TextReader(src, **kwds)
  File "pandas\_libs\parsers.pyx", line 544, in pandas._libs.parsers.TextReader.__cinit__
  File "pandas\_libs\parsers.pyx", line 633, in pandas._libs.parsers.TextReader._get_header
  File "pandas\_libs\parsers.pyx", line 847, in pandas._libs.parsers.TextReader._tokenize_rows
  File "pandas\_libs\parsers.pyx", line 1952, in pandas._libs.parsers.raise_parser_error
UnicodeDecodeError: 'utf-8' codec can't decode byte 0xd0 in position 0: invalid continuation byte
Stack (most recent call last):
  File "D:\Ina\ETL_XdmLib_2.A.13\ETL_XdmLib_2.A.13\EDAETL\ETL_TABLE\ETL_POC_XLS_TO_KLARF\ETL_XLS_TO_KLARF_TEST.py", line 105, in <module>
    XdmLib.CustomFuction.file2db_init(
  File "D:\Ina\ETL_XdmLib_2.A.13\ETL_XdmLib_2.A.13\EDAETL\ETL_TABLE\ETL_POC_XLS_TO_KLARF\../..\XdmLib\CustomFuction.py", line 631, in file2db_init
    log.error(ex, exc_info=True, stack_info=True)
2023-08-17 11:12:28.571 - CustomFuction [ERROR   ] 'NoneType' object is not subscriptable
Traceback (most recent call last):
  File "D:\Ina\ETL_XdmLib_2.A.13\ETL_XdmLib_2.A.13\EDAETL\ETL_TABLE\ETL_POC_XLS_TO_KLARF\../..\XdmLib\CustomFuction.py", line 598, in file2db_init
    analysis_res.append(res['data'])
TypeError: 'NoneType' object is not subscriptable
Stack (most recent call last):
  File "D:\Ina\ETL_XdmLib_2.A.13\ETL_XdmLib_2.A.13\EDAETL\ETL_TABLE\ETL_POC_XLS_TO_KLARF\ETL_XLS_TO_KLARF_TEST.py", line 105, in <module>
    XdmLib.CustomFuction.file2db_init(
  File "D:\Ina\ETL_XdmLib_2.A.13\ETL_XdmLib_2.A.13\EDAETL\ETL_TABLE\ETL_POC_XLS_TO_KLARF\../..\XdmLib\CustomFuction.py", line 631, in file2db_init
    log.error(ex, exc_info=True, stack_info=True)
2023-08-17 11:17:45.515 - CustomFuction [ERROR   ] 'utf-8' codec can't decode byte 0xd0 in position 0: invalid continuation byte
Traceback (most recent call last):
  File "D:\Ina\ETL_XdmLib_2.A.13\ETL_XdmLib_2.A.13\EDAETL\ETL_TABLE\ETL_POC_XLS_TO_KLARF\../..\XdmLib\CustomFuction.py", line 596, in file2db_init
    res = do_file(file_root_source_path,
  File "D:\Ina\ETL_XdmLib_2.A.13\ETL_XdmLib_2.A.13\EDAETL\ETL_TABLE\ETL_POC_XLS_TO_KLARF\ETL_XLS_TO_KLARF_TEST.py", line 30, in do_file
    Data = pd.read_csv(file_path,encoding='utf-8')
  File "D:\soft\anaconda3\lib\site-packages\pandas\util\_decorators.py", line 311, in wrapper
    return func(*args, **kwargs)
  File "D:\soft\anaconda3\lib\site-packages\pandas\io\parsers\readers.py", line 680, in read_csv
    return _read(filepath_or_buffer, kwds)
  File "D:\soft\anaconda3\lib\site-packages\pandas\io\parsers\readers.py", line 575, in _read
    parser = TextFileReader(filepath_or_buffer, **kwds)
  File "D:\soft\anaconda3\lib\site-packages\pandas\io\parsers\readers.py", line 933, in __init__
    self._engine = self._make_engine(f, self.engine)
  File "D:\soft\anaconda3\lib\site-packages\pandas\io\parsers\readers.py", line 1235, in _make_engine
    return mapping[engine](f, **self.options)
  File "D:\soft\anaconda3\lib\site-packages\pandas\io\parsers\c_parser_wrapper.py", line 75, in __init__
    self._reader = parsers.TextReader(src, **kwds)
  File "pandas\_libs\parsers.pyx", line 544, in pandas._libs.parsers.TextReader.__cinit__
  File "pandas\_libs\parsers.pyx", line 633, in pandas._libs.parsers.TextReader._get_header
  File "pandas\_libs\parsers.pyx", line 847, in pandas._libs.parsers.TextReader._tokenize_rows
  File "pandas\_libs\parsers.pyx", line 1952, in pandas._libs.parsers.raise_parser_error
UnicodeDecodeError: 'utf-8' codec can't decode byte 0xd0 in position 0: invalid continuation byte
Stack (most recent call last):
  File "D:\Ina\ETL_XdmLib_2.A.13\ETL_XdmLib_2.A.13\EDAETL\ETL_TABLE\ETL_POC_XLS_TO_KLARF\ETL_XLS_TO_KLARF_TEST.py", line 105, in <module>
    XdmLib.CustomFuction.file2db_init(
  File "D:\Ina\ETL_XdmLib_2.A.13\ETL_XdmLib_2.A.13\EDAETL\ETL_TABLE\ETL_POC_XLS_TO_KLARF\../..\XdmLib\CustomFuction.py", line 631, in file2db_init
    log.error(ex, exc_info=True, stack_info=True)
2023-08-17 11:17:48.506 - CustomFuction [ERROR   ] 'NoneType' object is not subscriptable
Traceback (most recent call last):
  File "D:\Ina\ETL_XdmLib_2.A.13\ETL_XdmLib_2.A.13\EDAETL\ETL_TABLE\ETL_POC_XLS_TO_KLARF\../..\XdmLib\CustomFuction.py", line 598, in file2db_init
    analysis_res.append(res['data'])
TypeError: 'NoneType' object is not subscriptable
Stack (most recent call last):
  File "D:\Ina\ETL_XdmLib_2.A.13\ETL_XdmLib_2.A.13\EDAETL\ETL_TABLE\ETL_POC_XLS_TO_KLARF\ETL_XLS_TO_KLARF_TEST.py", line 105, in <module>
    XdmLib.CustomFuction.file2db_init(
  File "D:\Ina\ETL_XdmLib_2.A.13\ETL_XdmLib_2.A.13\EDAETL\ETL_TABLE\ETL_POC_XLS_TO_KLARF\../..\XdmLib\CustomFuction.py", line 631, in file2db_init
    log.error(ex, exc_info=True, stack_info=True)
2023-08-17 11:23:22.796 - CustomFuction [ERROR   ] 'mbcs' codec can't decode byte 0xb1 in position 5: No mapping for the Unicode character exists in the target code page.
Traceback (most recent call last):
  File "D:\Ina\ETL_XdmLib_2.A.13\ETL_XdmLib_2.A.13\EDAETL\ETL_TABLE\ETL_POC_XLS_TO_KLARF\../..\XdmLib\CustomFuction.py", line 596, in file2db_init
    res = do_file(file_root_source_path,
  File "D:\Ina\ETL_XdmLib_2.A.13\ETL_XdmLib_2.A.13\EDAETL\ETL_TABLE\ETL_POC_XLS_TO_KLARF\ETL_XLS_TO_KLARF_TEST.py", line 30, in do_file
    Data = pd.read_csv(file_path, encoding='ANSI')
  File "D:\soft\anaconda3\lib\site-packages\pandas\util\_decorators.py", line 311, in wrapper
    return func(*args, **kwargs)
  File "D:\soft\anaconda3\lib\site-packages\pandas\io\parsers\readers.py", line 680, in read_csv
    return _read(filepath_or_buffer, kwds)
  File "D:\soft\anaconda3\lib\site-packages\pandas\io\parsers\readers.py", line 575, in _read
    parser = TextFileReader(filepath_or_buffer, **kwds)
  File "D:\soft\anaconda3\lib\site-packages\pandas\io\parsers\readers.py", line 933, in __init__
    self._engine = self._make_engine(f, self.engine)
  File "D:\soft\anaconda3\lib\site-packages\pandas\io\parsers\readers.py", line 1235, in _make_engine
    return mapping[engine](f, **self.options)
  File "D:\soft\anaconda3\lib\site-packages\pandas\io\parsers\c_parser_wrapper.py", line 75, in __init__
    self._reader = parsers.TextReader(src, **kwds)
  File "pandas\_libs\parsers.pyx", line 544, in pandas._libs.parsers.TextReader.__cinit__
  File "pandas\_libs\parsers.pyx", line 633, in pandas._libs.parsers.TextReader._get_header
  File "pandas\_libs\parsers.pyx", line 847, in pandas._libs.parsers.TextReader._tokenize_rows
  File "pandas\_libs\parsers.pyx", line 1952, in pandas._libs.parsers.raise_parser_error
UnicodeDecodeError: 'mbcs' codec can't decode byte 0xb1 in position 5: No mapping for the Unicode character exists in the target code page.
Stack (most recent call last):
  File "D:\Ina\ETL_XdmLib_2.A.13\ETL_XdmLib_2.A.13\EDAETL\ETL_TABLE\ETL_POC_XLS_TO_KLARF\ETL_XLS_TO_KLARF_TEST.py", line 105, in <module>
    XdmLib.CustomFuction.file2db_init(
  File "D:\Ina\ETL_XdmLib_2.A.13\ETL_XdmLib_2.A.13\EDAETL\ETL_TABLE\ETL_POC_XLS_TO_KLARF\../..\XdmLib\CustomFuction.py", line 631, in file2db_init
    log.error(ex, exc_info=True, stack_info=True)
2023-08-17 11:23:47.394 - base       [ERROR   ] Exception during reset or similar
Traceback (most recent call last):
  File "D:\Ina\ETL_XdmLib_2.A.13\ETL_XdmLib_2.A.13\EDAETL\ETL_TABLE\ETL_POC_XLS_TO_KLARF\../..\XdmLib\CustomFuction.py", line 596, in file2db_init
    res = do_file(file_root_source_path,
  File "D:\Ina\ETL_XdmLib_2.A.13\ETL_XdmLib_2.A.13\EDAETL\ETL_TABLE\ETL_POC_XLS_TO_KLARF\ETL_XLS_TO_KLARF_TEST.py", line 30, in do_file
    Data = pd.read_csv(file_path, encoding='ANSI')
  File "D:\soft\anaconda3\lib\site-packages\pandas\util\_decorators.py", line 311, in wrapper
    return func(*args, **kwargs)
  File "D:\soft\anaconda3\lib\site-packages\pandas\io\parsers\readers.py", line 680, in read_csv
    return _read(filepath_or_buffer, kwds)
  File "D:\soft\anaconda3\lib\site-packages\pandas\io\parsers\readers.py", line 575, in _read
    parser = TextFileReader(filepath_or_buffer, **kwds)
  File "D:\soft\anaconda3\lib\site-packages\pandas\io\parsers\readers.py", line 933, in __init__
    self._engine = self._make_engine(f, self.engine)
  File "D:\soft\anaconda3\lib\site-packages\pandas\io\parsers\readers.py", line 1235, in _make_engine
    return mapping[engine](f, **self.options)
  File "D:\soft\anaconda3\lib\site-packages\pandas\io\parsers\c_parser_wrapper.py", line 75, in __init__
    self._reader = parsers.TextReader(src, **kwds)
  File "pandas\_libs\parsers.pyx", line 544, in pandas._libs.parsers.TextReader.__cinit__
  File "pandas\_libs\parsers.pyx", line 633, in pandas._libs.parsers.TextReader._get_header
  File "pandas\_libs\parsers.pyx", line 847, in pandas._libs.parsers.TextReader._tokenize_rows
  File "pandas\_libs\parsers.pyx", line 1952, in pandas._libs.parsers.raise_parser_error
UnicodeDecodeError: 'mbcs' codec can't decode byte 0xb1 in position 5: No mapping for the Unicode character exists in the target code page.

During handling of the above exception, another exception occurred:

Traceback (most recent call last):
  File "D:\soft\anaconda3\lib\site-packages\sqlalchemy\pool\base.py", line 739, in _finalize_fairy
    fairy._reset(pool)
  File "D:\soft\anaconda3\lib\site-packages\sqlalchemy\pool\base.py", line 988, in _reset
    pool._dialect.do_rollback(self)
  File "D:\soft\anaconda3\lib\site-packages\sqlalchemy\engine\default.py", line 682, in do_rollback
    dbapi_connection.rollback()
cx_Oracle.DatabaseError: DPI-1080: connection was closed by ORA-3113
2023-08-17 11:24:06.626 - base       [ERROR   ] Exception closing connection <cx_Oracle.Connection to vidatest@(DESCRIPTION=(ADDRESS=(PROTOCOL=TCP)(HOST=192.168.1.73)(PORT=1521))(CONNECT_DATA=(SID=demodb)))>
Traceback (most recent call last):
  File "D:\Ina\ETL_XdmLib_2.A.13\ETL_XdmLib_2.A.13\EDAETL\ETL_TABLE\ETL_POC_XLS_TO_KLARF\../..\XdmLib\CustomFuction.py", line 596, in file2db_init
    res = do_file(file_root_source_path,
  File "D:\Ina\ETL_XdmLib_2.A.13\ETL_XdmLib_2.A.13\EDAETL\ETL_TABLE\ETL_POC_XLS_TO_KLARF\ETL_XLS_TO_KLARF_TEST.py", line 30, in do_file
    Data = pd.read_csv(file_path, encoding='ANSI')
  File "D:\soft\anaconda3\lib\site-packages\pandas\util\_decorators.py", line 311, in wrapper
    return func(*args, **kwargs)
  File "D:\soft\anaconda3\lib\site-packages\pandas\io\parsers\readers.py", line 680, in read_csv
    return _read(filepath_or_buffer, kwds)
  File "D:\soft\anaconda3\lib\site-packages\pandas\io\parsers\readers.py", line 575, in _read
    parser = TextFileReader(filepath_or_buffer, **kwds)
  File "D:\soft\anaconda3\lib\site-packages\pandas\io\parsers\readers.py", line 933, in __init__
    self._engine = self._make_engine(f, self.engine)
  File "D:\soft\anaconda3\lib\site-packages\pandas\io\parsers\readers.py", line 1235, in _make_engine
    return mapping[engine](f, **self.options)
  File "D:\soft\anaconda3\lib\site-packages\pandas\io\parsers\c_parser_wrapper.py", line 75, in __init__
    self._reader = parsers.TextReader(src, **kwds)
  File "pandas\_libs\parsers.pyx", line 544, in pandas._libs.parsers.TextReader.__cinit__
  File "pandas\_libs\parsers.pyx", line 633, in pandas._libs.parsers.TextReader._get_header
  File "pandas\_libs\parsers.pyx", line 847, in pandas._libs.parsers.TextReader._tokenize_rows
  File "pandas\_libs\parsers.pyx", line 1952, in pandas._libs.parsers.raise_parser_error
UnicodeDecodeError: 'mbcs' codec can't decode byte 0xb1 in position 5: No mapping for the Unicode character exists in the target code page.

During handling of the above exception, another exception occurred:

Traceback (most recent call last):
  File "D:\soft\anaconda3\lib\site-packages\sqlalchemy\pool\base.py", line 247, in _close_connection
    self._dialect.do_close(connection)
  File "D:\soft\anaconda3\lib\site-packages\sqlalchemy\engine\default.py", line 688, in do_close
    dbapi_connection.close()
cx_Oracle.DatabaseError: DPI-1080: connection was closed by ORA-3113
2023-08-17 11:24:06.634 - CustomFuction [ERROR   ] 'NoneType' object is not subscriptable
Traceback (most recent call last):
  File "D:\Ina\ETL_XdmLib_2.A.13\ETL_XdmLib_2.A.13\EDAETL\ETL_TABLE\ETL_POC_XLS_TO_KLARF\../..\XdmLib\CustomFuction.py", line 598, in file2db_init
    analysis_res.append(res['data'])
TypeError: 'NoneType' object is not subscriptable
Stack (most recent call last):
  File "D:\Ina\ETL_XdmLib_2.A.13\ETL_XdmLib_2.A.13\EDAETL\ETL_TABLE\ETL_POC_XLS_TO_KLARF\ETL_XLS_TO_KLARF_TEST.py", line 105, in <module>
    XdmLib.CustomFuction.file2db_init(
  File "D:\Ina\ETL_XdmLib_2.A.13\ETL_XdmLib_2.A.13\EDAETL\ETL_TABLE\ETL_POC_XLS_TO_KLARF\../..\XdmLib\CustomFuction.py", line 631, in file2db_init
    log.error(ex, exc_info=True, stack_info=True)
2023-08-17 11:24:25.893 - CustomFuction [ERROR   ] DPI-1080: connection was closed by ORA-3113
Traceback (most recent call last):
  File "D:\Ina\ETL_XdmLib_2.A.13\ETL_XdmLib_2.A.13\EDAETL\ETL_TABLE\ETL_POC_XLS_TO_KLARF\../..\XdmLib\CustomFuction.py", line 598, in file2db_init
    analysis_res.append(res['data'])
TypeError: 'NoneType' object is not subscriptable

During handling of the above exception, another exception occurred:

Traceback (most recent call last):
  File "D:\Ina\ETL_XdmLib_2.A.13\ETL_XdmLib_2.A.13\EDAETL\ETL_TABLE\ETL_POC_XLS_TO_KLARF\../..\XdmLib\CustomFuction.py", line 645, in file2db_init
    db_tgt.rollback()
  File "D:\Ina\ETL_XdmLib_2.A.13\ETL_XdmLib_2.A.13\EDAETL\ETL_TABLE\ETL_POC_XLS_TO_KLARF\../..\XdmLib\Database.py", line 392, in rollback
    return self.connection.rollback()
cx_Oracle.DatabaseError: DPI-1080: connection was closed by ORA-3113
Stack (most recent call last):
  File "D:\Ina\ETL_XdmLib_2.A.13\ETL_XdmLib_2.A.13\EDAETL\ETL_TABLE\ETL_POC_XLS_TO_KLARF\ETL_XLS_TO_KLARF_TEST.py", line 105, in <module>
    XdmLib.CustomFuction.file2db_init(
  File "D:\Ina\ETL_XdmLib_2.A.13\ETL_XdmLib_2.A.13\EDAETL\ETL_TABLE\ETL_POC_XLS_TO_KLARF\../..\XdmLib\CustomFuction.py", line 667, in file2db_init
    log.error(ex, exc_info=True, stack_info=True)
2023-08-17 11:24:41.058 - base       [ERROR   ] Exception during reset or similar
Traceback (most recent call last):
  File "D:\Ina\ETL_XdmLib_2.A.13\ETL_XdmLib_2.A.13\EDAETL\ETL_TABLE\ETL_POC_XLS_TO_KLARF\../..\XdmLib\CustomFuction.py", line 598, in file2db_init
    analysis_res.append(res['data'])
TypeError: 'NoneType' object is not subscriptable

During handling of the above exception, another exception occurred:

Traceback (most recent call last):
  File "D:\Ina\ETL_XdmLib_2.A.13\ETL_XdmLib_2.A.13\EDAETL\ETL_TABLE\ETL_POC_XLS_TO_KLARF\../..\XdmLib\CustomFuction.py", line 645, in file2db_init
    db_tgt.rollback()
  File "D:\Ina\ETL_XdmLib_2.A.13\ETL_XdmLib_2.A.13\EDAETL\ETL_TABLE\ETL_POC_XLS_TO_KLARF\../..\XdmLib\Database.py", line 392, in rollback
    return self.connection.rollback()
cx_Oracle.DatabaseError: DPI-1080: connection was closed by ORA-3113

During handling of the above exception, another exception occurred:

Traceback (most recent call last):
  File "D:\Ina\ETL_XdmLib_2.A.13\ETL_XdmLib_2.A.13\EDAETL\ETL_TABLE\ETL_POC_XLS_TO_KLARF\../..\XdmLib\CustomFuction.py", line 674, in file2db_init
    db_tgt.rollback()
  File "D:\Ina\ETL_XdmLib_2.A.13\ETL_XdmLib_2.A.13\EDAETL\ETL_TABLE\ETL_POC_XLS_TO_KLARF\../..\XdmLib\Database.py", line 392, in rollback
    return self.connection.rollback()
cx_Oracle.DatabaseError: DPI-1010: not connected

During handling of the above exception, another exception occurred:

Traceback (most recent call last):
  File "D:\soft\anaconda3\lib\site-packages\sqlalchemy\pool\base.py", line 739, in _finalize_fairy
    fairy._reset(pool)
  File "D:\soft\anaconda3\lib\site-packages\sqlalchemy\pool\base.py", line 988, in _reset
    pool._dialect.do_rollback(self)
  File "D:\soft\anaconda3\lib\site-packages\sqlalchemy\engine\default.py", line 682, in do_rollback
    dbapi_connection.rollback()
cx_Oracle.DatabaseError: DPI-1080: connection was closed by ORA-3113
2023-08-17 11:24:41.061 - base       [ERROR   ] Exception during reset or similar
Traceback (most recent call last):
  File "D:\Ina\ETL_XdmLib_2.A.13\ETL_XdmLib_2.A.13\EDAETL\ETL_TABLE\ETL_POC_XLS_TO_KLARF\../..\XdmLib\CustomFuction.py", line 598, in file2db_init
    analysis_res.append(res['data'])
TypeError: 'NoneType' object is not subscriptable

During handling of the above exception, another exception occurred:

Traceback (most recent call last):
  File "D:\Ina\ETL_XdmLib_2.A.13\ETL_XdmLib_2.A.13\EDAETL\ETL_TABLE\ETL_POC_XLS_TO_KLARF\../..\XdmLib\CustomFuction.py", line 645, in file2db_init
    db_tgt.rollback()
  File "D:\Ina\ETL_XdmLib_2.A.13\ETL_XdmLib_2.A.13\EDAETL\ETL_TABLE\ETL_POC_XLS_TO_KLARF\../..\XdmLib\Database.py", line 392, in rollback
    return self.connection.rollback()
cx_Oracle.DatabaseError: DPI-1080: connection was closed by ORA-3113

During handling of the above exception, another exception occurred:

Traceback (most recent call last):
  File "D:\Ina\ETL_XdmLib_2.A.13\ETL_XdmLib_2.A.13\EDAETL\ETL_TABLE\ETL_POC_XLS_TO_KLARF\../..\XdmLib\CustomFuction.py", line 674, in file2db_init
    db_tgt.rollback()
  File "D:\Ina\ETL_XdmLib_2.A.13\ETL_XdmLib_2.A.13\EDAETL\ETL_TABLE\ETL_POC_XLS_TO_KLARF\../..\XdmLib\Database.py", line 392, in rollback
    return self.connection.rollback()
cx_Oracle.DatabaseError: DPI-1010: not connected

During handling of the above exception, another exception occurred:

Traceback (most recent call last):
  File "D:\soft\anaconda3\lib\site-packages\sqlalchemy\pool\base.py", line 739, in _finalize_fairy
    fairy._reset(pool)
  File "D:\soft\anaconda3\lib\site-packages\sqlalchemy\pool\base.py", line 988, in _reset
    pool._dialect.do_rollback(self)
  File "D:\soft\anaconda3\lib\site-packages\sqlalchemy\engine\default.py", line 682, in do_rollback
    dbapi_connection.rollback()
cx_Oracle.DatabaseError: DPI-1010: not connected
2023-08-17 11:26:19.029 - CustomFuction [ERROR   ] [Errno 13] Permission denied: '.\\\\Data\\\\Source'
Traceback (most recent call last):
  File "D:\Ina\ETL_XdmLib_2.A.13\ETL_XdmLib_2.A.13\EDAETL\ETL_TABLE\ETL_POC_XLS_TO_KLARF\../..\XdmLib\CustomFuction.py", line 596, in file2db_init
    res = do_file(file_root_source_path,
  File "D:\Ina\ETL_XdmLib_2.A.13\ETL_XdmLib_2.A.13\EDAETL\ETL_TABLE\ETL_POC_XLS_TO_KLARF\ETL_XLS_TO_KLARF_TEST.py", line 35, in do_file
    f = open(source_folder, "rb")  # 
PermissionError: [Errno 13] Permission denied: '.\\\\Data\\\\Source'
Stack (most recent call last):
  File "D:\Ina\ETL_XdmLib_2.A.13\ETL_XdmLib_2.A.13\EDAETL\ETL_TABLE\ETL_POC_XLS_TO_KLARF\ETL_XLS_TO_KLARF_TEST.py", line 126, in <module>
    XdmLib.CustomFuction.file2db_init(
  File "D:\Ina\ETL_XdmLib_2.A.13\ETL_XdmLib_2.A.13\EDAETL\ETL_TABLE\ETL_POC_XLS_TO_KLARF\../..\XdmLib\CustomFuction.py", line 631, in file2db_init
    log.error(ex, exc_info=True, stack_info=True)
2023-08-17 11:26:22.247 - CustomFuction [ERROR   ] 'NoneType' object is not subscriptable
Traceback (most recent call last):
  File "D:\Ina\ETL_XdmLib_2.A.13\ETL_XdmLib_2.A.13\EDAETL\ETL_TABLE\ETL_POC_XLS_TO_KLARF\../..\XdmLib\CustomFuction.py", line 598, in file2db_init
    analysis_res.append(res['data'])
TypeError: 'NoneType' object is not subscriptable
Stack (most recent call last):
  File "D:\Ina\ETL_XdmLib_2.A.13\ETL_XdmLib_2.A.13\EDAETL\ETL_TABLE\ETL_POC_XLS_TO_KLARF\ETL_XLS_TO_KLARF_TEST.py", line 126, in <module>
    XdmLib.CustomFuction.file2db_init(
  File "D:\Ina\ETL_XdmLib_2.A.13\ETL_XdmLib_2.A.13\EDAETL\ETL_TABLE\ETL_POC_XLS_TO_KLARF\../..\XdmLib\CustomFuction.py", line 631, in file2db_init
    log.error(ex, exc_info=True, stack_info=True)
2023-08-17 11:29:59.978 - CustomFuction [ERROR   ] 'mbcs' codec can't decode byte 0xb1 in position 5: No mapping for the Unicode character exists in the target code page.
Traceback (most recent call last):
  File "D:\Ina\ETL_XdmLib_2.A.13\ETL_XdmLib_2.A.13\EDAETL\ETL_TABLE\ETL_POC_XLS_TO_KLARF\../..\XdmLib\CustomFuction.py", line 596, in file2db_init
    res = do_file(file_root_source_path,
  File "D:\Ina\ETL_XdmLib_2.A.13\ETL_XdmLib_2.A.13\EDAETL\ETL_TABLE\ETL_POC_XLS_TO_KLARF\ETL_XLS_TO_KLARF_TEST.py", line 51, in do_file
    Data = pd.read_csv(file_path, encoding='ANSI')
  File "D:\soft\anaconda3\lib\site-packages\pandas\util\_decorators.py", line 311, in wrapper
    return func(*args, **kwargs)
  File "D:\soft\anaconda3\lib\site-packages\pandas\io\parsers\readers.py", line 680, in read_csv
    return _read(filepath_or_buffer, kwds)
  File "D:\soft\anaconda3\lib\site-packages\pandas\io\parsers\readers.py", line 575, in _read
    parser = TextFileReader(filepath_or_buffer, **kwds)
  File "D:\soft\anaconda3\lib\site-packages\pandas\io\parsers\readers.py", line 933, in __init__
    self._engine = self._make_engine(f, self.engine)
  File "D:\soft\anaconda3\lib\site-packages\pandas\io\parsers\readers.py", line 1235, in _make_engine
    return mapping[engine](f, **self.options)
  File "D:\soft\anaconda3\lib\site-packages\pandas\io\parsers\c_parser_wrapper.py", line 75, in __init__
    self._reader = parsers.TextReader(src, **kwds)
  File "pandas\_libs\parsers.pyx", line 544, in pandas._libs.parsers.TextReader.__cinit__
  File "pandas\_libs\parsers.pyx", line 633, in pandas._libs.parsers.TextReader._get_header
  File "pandas\_libs\parsers.pyx", line 847, in pandas._libs.parsers.TextReader._tokenize_rows
  File "pandas\_libs\parsers.pyx", line 1952, in pandas._libs.parsers.raise_parser_error
UnicodeDecodeError: 'mbcs' codec can't decode byte 0xb1 in position 5: No mapping for the Unicode character exists in the target code page.
Stack (most recent call last):
  File "D:\Ina\ETL_XdmLib_2.A.13\ETL_XdmLib_2.A.13\EDAETL\ETL_TABLE\ETL_POC_XLS_TO_KLARF\ETL_XLS_TO_KLARF_TEST.py", line 126, in <module>
    XdmLib.CustomFuction.file2db_init(
  File "D:\Ina\ETL_XdmLib_2.A.13\ETL_XdmLib_2.A.13\EDAETL\ETL_TABLE\ETL_POC_XLS_TO_KLARF\../..\XdmLib\CustomFuction.py", line 631, in file2db_init
    log.error(ex, exc_info=True, stack_info=True)
2023-08-17 11:29:59.998 - CustomFuction [ERROR   ] Move File Error
2023-08-17 11:29:59.999 - CustomFuction [ERROR   ] '.\\\\Data\\\\Source\\BN06772\uf7fb.xls' and 'Data\\Source\\BN06772\uf7fb.xls' are the same file
Traceback (most recent call last):
  File "D:\Ina\ETL_XdmLib_2.A.13\ETL_XdmLib_2.A.13\EDAETL\ETL_TABLE\ETL_POC_XLS_TO_KLARF\../..\XdmLib\CustomFuction.py", line 596, in file2db_init
    res = do_file(file_root_source_path,
  File "D:\Ina\ETL_XdmLib_2.A.13\ETL_XdmLib_2.A.13\EDAETL\ETL_TABLE\ETL_POC_XLS_TO_KLARF\ETL_XLS_TO_KLARF_TEST.py", line 51, in do_file
    Data = pd.read_csv(file_path, encoding='ANSI')
  File "D:\soft\anaconda3\lib\site-packages\pandas\util\_decorators.py", line 311, in wrapper
    return func(*args, **kwargs)
  File "D:\soft\anaconda3\lib\site-packages\pandas\io\parsers\readers.py", line 680, in read_csv
    return _read(filepath_or_buffer, kwds)
  File "D:\soft\anaconda3\lib\site-packages\pandas\io\parsers\readers.py", line 575, in _read
    parser = TextFileReader(filepath_or_buffer, **kwds)
  File "D:\soft\anaconda3\lib\site-packages\pandas\io\parsers\readers.py", line 933, in __init__
    self._engine = self._make_engine(f, self.engine)
  File "D:\soft\anaconda3\lib\site-packages\pandas\io\parsers\readers.py", line 1235, in _make_engine
    return mapping[engine](f, **self.options)
  File "D:\soft\anaconda3\lib\site-packages\pandas\io\parsers\c_parser_wrapper.py", line 75, in __init__
    self._reader = parsers.TextReader(src, **kwds)
  File "pandas\_libs\parsers.pyx", line 544, in pandas._libs.parsers.TextReader.__cinit__
  File "pandas\_libs\parsers.pyx", line 633, in pandas._libs.parsers.TextReader._get_header
  File "pandas\_libs\parsers.pyx", line 847, in pandas._libs.parsers.TextReader._tokenize_rows
  File "pandas\_libs\parsers.pyx", line 1952, in pandas._libs.parsers.raise_parser_error
UnicodeDecodeError: 'mbcs' codec can't decode byte 0xb1 in position 5: No mapping for the Unicode character exists in the target code page.

During handling of the above exception, another exception occurred:

Traceback (most recent call last):
  File "D:\soft\anaconda3\lib\shutil.py", line 823, in move
    os.rename(src, real_dst)
PermissionError: [WinError 32] : '.\\\\Data\\\\Source\\BN06772\uf7fb.xls' -> 'Data\\Source\\BN06772\uf7fb.xls'

During handling of the above exception, another exception occurred:

Traceback (most recent call last):
  File "D:\Ina\ETL_XdmLib_2.A.13\ETL_XdmLib_2.A.13\EDAETL\ETL_TABLE\ETL_POC_XLS_TO_KLARF\../..\XdmLib\CustomFuction.py", line 1035, in move_file
    msg = shutil.move(os.path.join(source_path, fileName),
  File "D:\soft\anaconda3\lib\shutil.py", line 843, in move
    copy_function(src, real_dst)
  File "D:\soft\anaconda3\lib\shutil.py", line 444, in copy2
    copyfile(src, dst, follow_symlinks=follow_symlinks)
  File "D:\soft\anaconda3\lib\shutil.py", line 244, in copyfile
    raise SameFileError("{!r} and {!r} are the same file".format(src, dst))
shutil.SameFileError: '.\\\\Data\\\\Source\\BN06772\uf7fb.xls' and 'Data\\Source\\BN06772\uf7fb.xls' are the same file
Stack (most recent call last):
  File "D:\Ina\ETL_XdmLib_2.A.13\ETL_XdmLib_2.A.13\EDAETL\ETL_TABLE\ETL_POC_XLS_TO_KLARF\ETL_XLS_TO_KLARF_TEST.py", line 126, in <module>
    XdmLib.CustomFuction.file2db_init(
  File "D:\Ina\ETL_XdmLib_2.A.13\ETL_XdmLib_2.A.13\EDAETL\ETL_TABLE\ETL_POC_XLS_TO_KLARF\../..\XdmLib\CustomFuction.py", line 646, in file2db_init
    move_file_self(move_file_info)
  File "D:\Ina\ETL_XdmLib_2.A.13\ETL_XdmLib_2.A.13\EDAETL\ETL_TABLE\ETL_POC_XLS_TO_KLARF\../..\XdmLib\CustomFuction.py", line 1044, in move_file
    log.error(ex, exc_info=True, stack_info=True)
2023-08-17 11:30:03.102 - CustomFuction [ERROR   ] 'NoneType' object is not subscriptable
Traceback (most recent call last):
  File "D:\Ina\ETL_XdmLib_2.A.13\ETL_XdmLib_2.A.13\EDAETL\ETL_TABLE\ETL_POC_XLS_TO_KLARF\../..\XdmLib\CustomFuction.py", line 598, in file2db_init
    analysis_res.append(res['data'])
TypeError: 'NoneType' object is not subscriptable
Stack (most recent call last):
  File "D:\Ina\ETL_XdmLib_2.A.13\ETL_XdmLib_2.A.13\EDAETL\ETL_TABLE\ETL_POC_XLS_TO_KLARF\ETL_XLS_TO_KLARF_TEST.py", line 126, in <module>
    XdmLib.CustomFuction.file2db_init(
  File "D:\Ina\ETL_XdmLib_2.A.13\ETL_XdmLib_2.A.13\EDAETL\ETL_TABLE\ETL_POC_XLS_TO_KLARF\../..\XdmLib\CustomFuction.py", line 631, in file2db_init
    log.error(ex, exc_info=True, stack_info=True)
2023-08-17 13:14:53.830 - CustomFuction [ERROR   ] 'NoneType' object is not subscriptable
Traceback (most recent call last):
  File "D:\Ina\ETL_XdmLib_2.A.13\ETL_XdmLib_2.A.13\EDAETL\ETL_TABLE\ETL_POC_XLS_TO_KLARF\../..\XdmLib\CustomFuction.py", line 598, in file2db_init
    analysis_res.append(res['data'])
TypeError: 'NoneType' object is not subscriptable
Stack (most recent call last):
  File "D:\Ina\ETL_XdmLib_2.A.13\ETL_XdmLib_2.A.13\EDAETL\ETL_TABLE\ETL_POC_XLS_TO_KLARF\ETL_XLS_TO_KLARF_TEST.py", line 110, in <module>
    XdmLib.CustomFuction.file2db_init(
  File "D:\Ina\ETL_XdmLib_2.A.13\ETL_XdmLib_2.A.13\EDAETL\ETL_TABLE\ETL_POC_XLS_TO_KLARF\../..\XdmLib\CustomFuction.py", line 631, in file2db_init
    log.error(ex, exc_info=True, stack_info=True)
2023-08-17 13:14:57.036 - CustomFuction [ERROR   ] 'NoneType' object is not subscriptable
Traceback (most recent call last):
  File "D:\Ina\ETL_XdmLib_2.A.13\ETL_XdmLib_2.A.13\EDAETL\ETL_TABLE\ETL_POC_XLS_TO_KLARF\../..\XdmLib\CustomFuction.py", line 598, in file2db_init
    analysis_res.append(res['data'])
TypeError: 'NoneType' object is not subscriptable
Stack (most recent call last):
  File "D:\Ina\ETL_XdmLib_2.A.13\ETL_XdmLib_2.A.13\EDAETL\ETL_TABLE\ETL_POC_XLS_TO_KLARF\ETL_XLS_TO_KLARF_TEST.py", line 110, in <module>
    XdmLib.CustomFuction.file2db_init(
  File "D:\Ina\ETL_XdmLib_2.A.13\ETL_XdmLib_2.A.13\EDAETL\ETL_TABLE\ETL_POC_XLS_TO_KLARF\../..\XdmLib\CustomFuction.py", line 631, in file2db_init
    log.error(ex, exc_info=True, stack_info=True)
2023-08-17 13:16:08.384 - CustomFuction [ERROR   ] 'NoneType' object is not subscriptable
Traceback (most recent call last):
  File "D:\Ina\ETL_XdmLib_2.A.13\ETL_XdmLib_2.A.13\EDAETL\ETL_TABLE\ETL_POC_XLS_TO_KLARF\../..\XdmLib\CustomFuction.py", line 598, in file2db_init
    analysis_res.append(res['data'])
TypeError: 'NoneType' object is not subscriptable
Stack (most recent call last):
  File "D:\Ina\ETL_XdmLib_2.A.13\ETL_XdmLib_2.A.13\EDAETL\ETL_TABLE\ETL_POC_XLS_TO_KLARF\ETL_XLS_TO_KLARF_TEST.py", line 103, in <module>
    XdmLib.CustomFuction.file2db_init(
  File "D:\Ina\ETL_XdmLib_2.A.13\ETL_XdmLib_2.A.13\EDAETL\ETL_TABLE\ETL_POC_XLS_TO_KLARF\../..\XdmLib\CustomFuction.py", line 631, in file2db_init
    log.error(ex, exc_info=True, stack_info=True)
2023-08-17 13:16:11.626 - CustomFuction [ERROR   ] 'NoneType' object is not subscriptable
Traceback (most recent call last):
  File "D:\Ina\ETL_XdmLib_2.A.13\ETL_XdmLib_2.A.13\EDAETL\ETL_TABLE\ETL_POC_XLS_TO_KLARF\../..\XdmLib\CustomFuction.py", line 598, in file2db_init
    analysis_res.append(res['data'])
TypeError: 'NoneType' object is not subscriptable
Stack (most recent call last):
  File "D:\Ina\ETL_XdmLib_2.A.13\ETL_XdmLib_2.A.13\EDAETL\ETL_TABLE\ETL_POC_XLS_TO_KLARF\ETL_XLS_TO_KLARF_TEST.py", line 103, in <module>
    XdmLib.CustomFuction.file2db_init(
  File "D:\Ina\ETL_XdmLib_2.A.13\ETL_XdmLib_2.A.13\EDAETL\ETL_TABLE\ETL_POC_XLS_TO_KLARF\../..\XdmLib\CustomFuction.py", line 631, in file2db_init
    log.error(ex, exc_info=True, stack_info=True)
2023-08-17 13:16:38.578 - CustomFuction [ERROR   ] 'NoneType' object is not subscriptable
Traceback (most recent call last):
  File "D:\Ina\ETL_XdmLib_2.A.13\ETL_XdmLib_2.A.13\EDAETL\ETL_TABLE\ETL_POC_XLS_TO_KLARF\../..\XdmLib\CustomFuction.py", line 598, in file2db_init
    analysis_res.append(res['data'])
TypeError: 'NoneType' object is not subscriptable
Stack (most recent call last):
  File "D:\Ina\ETL_XdmLib_2.A.13\ETL_XdmLib_2.A.13\EDAETL\ETL_TABLE\ETL_POC_XLS_TO_KLARF\ETL_XLS_TO_KLARF_TEST.py", line 103, in <module>
    XdmLib.CustomFuction.file2db_init(
  File "D:\Ina\ETL_XdmLib_2.A.13\ETL_XdmLib_2.A.13\EDAETL\ETL_TABLE\ETL_POC_XLS_TO_KLARF\../..\XdmLib\CustomFuction.py", line 631, in file2db_init
    log.error(ex, exc_info=True, stack_info=True)
2023-08-17 13:16:41.743 - CustomFuction [ERROR   ] 'NoneType' object is not subscriptable
Traceback (most recent call last):
  File "D:\Ina\ETL_XdmLib_2.A.13\ETL_XdmLib_2.A.13\EDAETL\ETL_TABLE\ETL_POC_XLS_TO_KLARF\../..\XdmLib\CustomFuction.py", line 598, in file2db_init
    analysis_res.append(res['data'])
TypeError: 'NoneType' object is not subscriptable
Stack (most recent call last):
  File "D:\Ina\ETL_XdmLib_2.A.13\ETL_XdmLib_2.A.13\EDAETL\ETL_TABLE\ETL_POC_XLS_TO_KLARF\ETL_XLS_TO_KLARF_TEST.py", line 103, in <module>
    XdmLib.CustomFuction.file2db_init(
  File "D:\Ina\ETL_XdmLib_2.A.13\ETL_XdmLib_2.A.13\EDAETL\ETL_TABLE\ETL_POC_XLS_TO_KLARF\../..\XdmLib\CustomFuction.py", line 631, in file2db_init
    log.error(ex, exc_info=True, stack_info=True)
2023-08-17 13:18:55.303 - CustomFuction [ERROR   ] local variable 'DefectCodes' referenced before assignment
Traceback (most recent call last):
  File "D:\Ina\ETL_XdmLib_2.A.13\ETL_XdmLib_2.A.13\EDAETL\ETL_TABLE\ETL_POC_XLS_TO_KLARF\../..\XdmLib\CustomFuction.py", line 596, in file2db_init
    res = do_file(file_root_source_path,
  File "D:\Ina\ETL_XdmLib_2.A.13\ETL_XdmLib_2.A.13\EDAETL\ETL_TABLE\ETL_POC_XLS_TO_KLARF\ETL_XLS_TO_KLARF_TEST.py", line 35, in do_file
    if (DataDict and DefectCodes):
UnboundLocalError: local variable 'DefectCodes' referenced before assignment
Stack (most recent call last):
  File "D:\Ina\ETL_XdmLib_2.A.13\ETL_XdmLib_2.A.13\EDAETL\ETL_TABLE\ETL_POC_XLS_TO_KLARF\ETL_XLS_TO_KLARF_TEST.py", line 101, in <module>
    XdmLib.CustomFuction.file2db_init(
  File "D:\Ina\ETL_XdmLib_2.A.13\ETL_XdmLib_2.A.13\EDAETL\ETL_TABLE\ETL_POC_XLS_TO_KLARF\../..\XdmLib\CustomFuction.py", line 631, in file2db_init
    log.error(ex, exc_info=True, stack_info=True)
2023-08-17 13:18:58.484 - CustomFuction [ERROR   ] local variable 'DataDict' referenced before assignment
Traceback (most recent call last):
  File "D:\Ina\ETL_XdmLib_2.A.13\ETL_XdmLib_2.A.13\EDAETL\ETL_TABLE\ETL_POC_XLS_TO_KLARF\../..\XdmLib\CustomFuction.py", line 596, in file2db_init
    res = do_file(file_root_source_path,
  File "D:\Ina\ETL_XdmLib_2.A.13\ETL_XdmLib_2.A.13\EDAETL\ETL_TABLE\ETL_POC_XLS_TO_KLARF\ETL_XLS_TO_KLARF_TEST.py", line 35, in do_file
    if (DataDict and DefectCodes):
UnboundLocalError: local variable 'DataDict' referenced before assignment
Stack (most recent call last):
  File "D:\Ina\ETL_XdmLib_2.A.13\ETL_XdmLib_2.A.13\EDAETL\ETL_TABLE\ETL_POC_XLS_TO_KLARF\ETL_XLS_TO_KLARF_TEST.py", line 101, in <module>
    XdmLib.CustomFuction.file2db_init(
  File "D:\Ina\ETL_XdmLib_2.A.13\ETL_XdmLib_2.A.13\EDAETL\ETL_TABLE\ETL_POC_XLS_TO_KLARF\../..\XdmLib\CustomFuction.py", line 631, in file2db_init
    log.error(ex, exc_info=True, stack_info=True)
2023-08-17 13:40:30.989 - CustomFuction [ERROR   ] local variable 'DefectCodesDict' referenced before assignment
Traceback (most recent call last):
  File "D:\Ina\ETL_XdmLib_2.A.13\ETL_XdmLib_2.A.13\EDAETL\ETL_TABLE\ETL_POC_XLS_TO_KLARF\../..\XdmLib\CustomFuction.py", line 596, in file2db_init
    res = do_file(file_root_source_path,
  File "D:\Ina\ETL_XdmLib_2.A.13\ETL_XdmLib_2.A.13\EDAETL\ETL_TABLE\ETL_POC_XLS_TO_KLARF\ETL_XLS_TO_KLARF_TEST.py", line 48, in do_file
    DefectCodesDict[row['defect_code']],
UnboundLocalError: local variable 'DefectCodesDict' referenced before assignment
Stack (most recent call last):
  File "D:\Ina\ETL_XdmLib_2.A.13\ETL_XdmLib_2.A.13\EDAETL\ETL_TABLE\ETL_POC_XLS_TO_KLARF\ETL_XLS_TO_KLARF_TEST.py", line 105, in <module>
    XdmLib.CustomFuction.file2db_init(
  File "D:\Ina\ETL_XdmLib_2.A.13\ETL_XdmLib_2.A.13\EDAETL\ETL_TABLE\ETL_POC_XLS_TO_KLARF\../..\XdmLib\CustomFuction.py", line 631, in file2db_init
    log.error(ex, exc_info=True, stack_info=True)
2023-08-17 13:40:34.148 - CustomFuction [ERROR   ] 'NoneType' object is not subscriptable
Traceback (most recent call last):
  File "D:\Ina\ETL_XdmLib_2.A.13\ETL_XdmLib_2.A.13\EDAETL\ETL_TABLE\ETL_POC_XLS_TO_KLARF\../..\XdmLib\CustomFuction.py", line 598, in file2db_init
    analysis_res.append(res['data'])
TypeError: 'NoneType' object is not subscriptable
Stack (most recent call last):
  File "D:\Ina\ETL_XdmLib_2.A.13\ETL_XdmLib_2.A.13\EDAETL\ETL_TABLE\ETL_POC_XLS_TO_KLARF\ETL_XLS_TO_KLARF_TEST.py", line 105, in <module>
    XdmLib.CustomFuction.file2db_init(
  File "D:\Ina\ETL_XdmLib_2.A.13\ETL_XdmLib_2.A.13\EDAETL\ETL_TABLE\ETL_POC_XLS_TO_KLARF\../..\XdmLib\CustomFuction.py", line 631, in file2db_init
    log.error(ex, exc_info=True, stack_info=True)
2023-08-17 13:42:42.156 - CustomFuction [ERROR   ] name 'shutil' is not defined
Traceback (most recent call last):
  File "D:\Ina\ETL_XdmLib_2.A.13\ETL_XdmLib_2.A.13\EDAETL\ETL_TABLE\ETL_POC_XLS_TO_KLARF\../..\XdmLib\CustomFuction.py", line 596, in file2db_init
    res = do_file(file_root_source_path,
  File "D:\Ina\ETL_XdmLib_2.A.13\ETL_XdmLib_2.A.13\EDAETL\ETL_TABLE\ETL_POC_XLS_TO_KLARF\ETL_XLS_TO_KLARF_TEST.py", line 59, in do_file
    shutil.move(klarfFileName, os.path.join(klarfFileServer, klarfFileName))
NameError: name 'shutil' is not defined
Stack (most recent call last):
  File "D:\Ina\ETL_XdmLib_2.A.13\ETL_XdmLib_2.A.13\EDAETL\ETL_TABLE\ETL_POC_XLS_TO_KLARF\ETL_XLS_TO_KLARF_TEST.py", line 108, in <module>
    XdmLib.CustomFuction.file2db_init(
  File "D:\Ina\ETL_XdmLib_2.A.13\ETL_XdmLib_2.A.13\EDAETL\ETL_TABLE\ETL_POC_XLS_TO_KLARF\../..\XdmLib\CustomFuction.py", line 631, in file2db_init
    log.error(ex, exc_info=True, stack_info=True)
2023-08-17 13:42:45.364 - CustomFuction [ERROR   ] local variable 'klarfFile' referenced before assignment
Traceback (most recent call last):
  File "D:\Ina\ETL_XdmLib_2.A.13\ETL_XdmLib_2.A.13\EDAETL\ETL_TABLE\ETL_POC_XLS_TO_KLARF\../..\XdmLib\CustomFuction.py", line 596, in file2db_init
    res = do_file(file_root_source_path,
  File "D:\Ina\ETL_XdmLib_2.A.13\ETL_XdmLib_2.A.13\EDAETL\ETL_TABLE\ETL_POC_XLS_TO_KLARF\ETL_XLS_TO_KLARF_TEST.py", line 23, in do_file
    klarfFile.AddDefect(
UnboundLocalError: local variable 'klarfFile' referenced before assignment
Stack (most recent call last):
  File "D:\Ina\ETL_XdmLib_2.A.13\ETL_XdmLib_2.A.13\EDAETL\ETL_TABLE\ETL_POC_XLS_TO_KLARF\ETL_XLS_TO_KLARF_TEST.py", line 108, in <module>
    XdmLib.CustomFuction.file2db_init(
  File "D:\Ina\ETL_XdmLib_2.A.13\ETL_XdmLib_2.A.13\EDAETL\ETL_TABLE\ETL_POC_XLS_TO_KLARF\../..\XdmLib\CustomFuction.py", line 631, in file2db_init
    log.error(ex, exc_info=True, stack_info=True)
2023-08-17 13:46:46.702 - CustomFuction [ERROR   ] [Errno 2] No such file or directory: 'distinct_defect_codes_v3'
Traceback (most recent call last):
  File "D:\Ina\ETL_XdmLib_2.A.13\ETL_XdmLib_2.A.13\EDAETL\ETL_TABLE\ETL_POC_XLS_TO_KLARF\../..\XdmLib\CustomFuction.py", line 596, in file2db_init
    res = do_file(file_root_source_path,
  File "D:\Ina\ETL_XdmLib_2.A.13\ETL_XdmLib_2.A.13\EDAETL\ETL_TABLE\ETL_POC_XLS_TO_KLARF\ETL_XLS_TO_KLARF_TEST.py", line 35, in do_file
    DefectCodes = pd.read_csv('distinct_defect_codes_v3')
  File "D:\soft\anaconda3\lib\site-packages\pandas\util\_decorators.py", line 311, in wrapper
    return func(*args, **kwargs)
  File "D:\soft\anaconda3\lib\site-packages\pandas\io\parsers\readers.py", line 680, in read_csv
    return _read(filepath_or_buffer, kwds)
  File "D:\soft\anaconda3\lib\site-packages\pandas\io\parsers\readers.py", line 575, in _read
    parser = TextFileReader(filepath_or_buffer, **kwds)
  File "D:\soft\anaconda3\lib\site-packages\pandas\io\parsers\readers.py", line 933, in __init__
    self._engine = self._make_engine(f, self.engine)
  File "D:\soft\anaconda3\lib\site-packages\pandas\io\parsers\readers.py", line 1217, in _make_engine
    self.handles = get_handle(  # type: ignore[call-overload]
  File "D:\soft\anaconda3\lib\site-packages\pandas\io\common.py", line 789, in get_handle
    handle = open(
FileNotFoundError: [Errno 2] No such file or directory: 'distinct_defect_codes_v3'
Stack (most recent call last):
  File "D:\Ina\ETL_XdmLib_2.A.13\ETL_XdmLib_2.A.13\EDAETL\ETL_TABLE\ETL_POC_XLS_TO_KLARF\ETL_XLS_TO_KLARF_TEST.py", line 106, in <module>
    XdmLib.CustomFuction.file2db_init(
  File "D:\Ina\ETL_XdmLib_2.A.13\ETL_XdmLib_2.A.13\EDAETL\ETL_TABLE\ETL_POC_XLS_TO_KLARF\../..\XdmLib\CustomFuction.py", line 631, in file2db_init
    log.error(ex, exc_info=True, stack_info=True)
2023-08-17 13:46:49.776 - CustomFuction [ERROR   ] 'NoneType' object is not subscriptable
Traceback (most recent call last):
  File "D:\Ina\ETL_XdmLib_2.A.13\ETL_XdmLib_2.A.13\EDAETL\ETL_TABLE\ETL_POC_XLS_TO_KLARF\../..\XdmLib\CustomFuction.py", line 598, in file2db_init
    analysis_res.append(res['data'])
TypeError: 'NoneType' object is not subscriptable
Stack (most recent call last):
  File "D:\Ina\ETL_XdmLib_2.A.13\ETL_XdmLib_2.A.13\EDAETL\ETL_TABLE\ETL_POC_XLS_TO_KLARF\ETL_XLS_TO_KLARF_TEST.py", line 106, in <module>
    XdmLib.CustomFuction.file2db_init(
  File "D:\Ina\ETL_XdmLib_2.A.13\ETL_XdmLib_2.A.13\EDAETL\ETL_TABLE\ETL_POC_XLS_TO_KLARF\../..\XdmLib\CustomFuction.py", line 631, in file2db_init
    log.error(ex, exc_info=True, stack_info=True)
2023-08-17 13:52:07.290 - CustomFuction [ERROR   ] 'NoneType' object is not subscriptable
Traceback (most recent call last):
  File "D:\Ina\ETL_XdmLib_2.A.13\ETL_XdmLib_2.A.13\EDAETL\ETL_TABLE\ETL_POC_XLS_TO_KLARF\../..\XdmLib\CustomFuction.py", line 598, in file2db_init
    analysis_res.append(res['data'])
TypeError: 'NoneType' object is not subscriptable
Stack (most recent call last):
  File "D:\Ina\ETL_XdmLib_2.A.13\ETL_XdmLib_2.A.13\EDAETL\ETL_TABLE\ETL_POC_XLS_TO_KLARF\ETL_XLS_TO_KLARF_TEST.py", line 107, in <module>
    XdmLib.CustomFuction.file2db_init(
  File "D:\Ina\ETL_XdmLib_2.A.13\ETL_XdmLib_2.A.13\EDAETL\ETL_TABLE\ETL_POC_XLS_TO_KLARF\../..\XdmLib\CustomFuction.py", line 631, in file2db_init
    log.error(ex, exc_info=True, stack_info=True)
2023-08-17 13:52:10.459 - CustomFuction [ERROR   ] local variable 'klarfFile' referenced before assignment
Traceback (most recent call last):
  File "D:\Ina\ETL_XdmLib_2.A.13\ETL_XdmLib_2.A.13\EDAETL\ETL_TABLE\ETL_POC_XLS_TO_KLARF\../..\XdmLib\CustomFuction.py", line 596, in file2db_init
    res = do_file(file_root_source_path,
  File "D:\Ina\ETL_XdmLib_2.A.13\ETL_XdmLib_2.A.13\EDAETL\ETL_TABLE\ETL_POC_XLS_TO_KLARF\ETL_XLS_TO_KLARF_TEST.py", line 39, in do_file
    klarfFile.AddDefect(
UnboundLocalError: local variable 'klarfFile' referenced before assignment
Stack (most recent call last):
  File "D:\Ina\ETL_XdmLib_2.A.13\ETL_XdmLib_2.A.13\EDAETL\ETL_TABLE\ETL_POC_XLS_TO_KLARF\ETL_XLS_TO_KLARF_TEST.py", line 107, in <module>
    XdmLib.CustomFuction.file2db_init(
  File "D:\Ina\ETL_XdmLib_2.A.13\ETL_XdmLib_2.A.13\EDAETL\ETL_TABLE\ETL_POC_XLS_TO_KLARF\../..\XdmLib\CustomFuction.py", line 631, in file2db_init
    log.error(ex, exc_info=True, stack_info=True)
2023-08-17 13:53:01.918 - CustomFuction [ERROR   ] 'NoneType' object is not subscriptable
Traceback (most recent call last):
  File "D:\Ina\ETL_XdmLib_2.A.13\ETL_XdmLib_2.A.13\EDAETL\ETL_TABLE\ETL_POC_XLS_TO_KLARF\../..\XdmLib\CustomFuction.py", line 598, in file2db_init
    analysis_res.append(res['data'])
TypeError: 'NoneType' object is not subscriptable
Stack (most recent call last):
  File "D:\Ina\ETL_XdmLib_2.A.13\ETL_XdmLib_2.A.13\EDAETL\ETL_TABLE\ETL_POC_XLS_TO_KLARF\ETL_XLS_TO_KLARF_TEST.py", line 107, in <module>
    XdmLib.CustomFuction.file2db_init(
  File "D:\Ina\ETL_XdmLib_2.A.13\ETL_XdmLib_2.A.13\EDAETL\ETL_TABLE\ETL_POC_XLS_TO_KLARF\../..\XdmLib\CustomFuction.py", line 631, in file2db_init
    log.error(ex, exc_info=True, stack_info=True)
2023-08-17 13:53:05.104 - CustomFuction [ERROR   ] local variable 'klarfFile' referenced before assignment
Traceback (most recent call last):
  File "D:\Ina\ETL_XdmLib_2.A.13\ETL_XdmLib_2.A.13\EDAETL\ETL_TABLE\ETL_POC_XLS_TO_KLARF\../..\XdmLib\CustomFuction.py", line 596, in file2db_init
    res = do_file(file_root_source_path,
  File "D:\Ina\ETL_XdmLib_2.A.13\ETL_XdmLib_2.A.13\EDAETL\ETL_TABLE\ETL_POC_XLS_TO_KLARF\ETL_XLS_TO_KLARF_TEST.py", line 39, in do_file
    klarfFile.AddDefect(
UnboundLocalError: local variable 'klarfFile' referenced before assignment
Stack (most recent call last):
  File "D:\Ina\ETL_XdmLib_2.A.13\ETL_XdmLib_2.A.13\EDAETL\ETL_TABLE\ETL_POC_XLS_TO_KLARF\ETL_XLS_TO_KLARF_TEST.py", line 107, in <module>
    XdmLib.CustomFuction.file2db_init(
  File "D:\Ina\ETL_XdmLib_2.A.13\ETL_XdmLib_2.A.13\EDAETL\ETL_TABLE\ETL_POC_XLS_TO_KLARF\../..\XdmLib\CustomFuction.py", line 631, in file2db_init
    log.error(ex, exc_info=True, stack_info=True)
2023-08-17 13:57:26.234 - CustomFuction [ERROR   ] local variable 'DefectCodesDict' referenced before assignment
Traceback (most recent call last):
  File "D:\Ina\ETL_XdmLib_2.A.13\ETL_XdmLib_2.A.13\EDAETL\ETL_TABLE\ETL_POC_XLS_TO_KLARF\../..\XdmLib\CustomFuction.py", line 596, in file2db_init
    res = do_file(file_root_source_path,
  File "D:\Ina\ETL_XdmLib_2.A.13\ETL_XdmLib_2.A.13\EDAETL\ETL_TABLE\ETL_POC_XLS_TO_KLARF\ETL_XLS_TO_KLARF_TEST.py", line 46, in do_file
    DefectCodesDict[row['defect_code']],
UnboundLocalError: local variable 'DefectCodesDict' referenced before assignment
Stack (most recent call last):
  File "D:\Ina\ETL_XdmLib_2.A.13\ETL_XdmLib_2.A.13\EDAETL\ETL_TABLE\ETL_POC_XLS_TO_KLARF\ETL_XLS_TO_KLARF_TEST.py", line 104, in <module>
    XdmLib.CustomFuction.file2db_init(
  File "D:\Ina\ETL_XdmLib_2.A.13\ETL_XdmLib_2.A.13\EDAETL\ETL_TABLE\ETL_POC_XLS_TO_KLARF\../..\XdmLib\CustomFuction.py", line 631, in file2db_init
    log.error(ex, exc_info=True, stack_info=True)
2023-08-17 13:57:29.619 - CustomFuction [ERROR   ] 'wafer_id'
Traceback (most recent call last):
  File "D:\soft\anaconda3\lib\site-packages\pandas\core\indexes\base.py", line 3621, in get_loc
    return self._engine.get_loc(casted_key)
  File "pandas\_libs\index.pyx", line 136, in pandas._libs.index.IndexEngine.get_loc
  File "pandas\_libs\index.pyx", line 163, in pandas._libs.index.IndexEngine.get_loc
  File "pandas\_libs\hashtable_class_helper.pxi", line 5198, in pandas._libs.hashtable.PyObjectHashTable.get_item
  File "pandas\_libs\hashtable_class_helper.pxi", line 5206, in pandas._libs.hashtable.PyObjectHashTable.get_item
KeyError: 'wafer_id'

The above exception was the direct cause of the following exception:

Traceback (most recent call last):
  File "D:\Ina\ETL_XdmLib_2.A.13\ETL_XdmLib_2.A.13\EDAETL\ETL_TABLE\ETL_POC_XLS_TO_KLARF\../..\XdmLib\CustomFuction.py", line 596, in file2db_init
    res = do_file(file_root_source_path,
  File "D:\Ina\ETL_XdmLib_2.A.13\ETL_XdmLib_2.A.13\EDAETL\ETL_TABLE\ETL_POC_XLS_TO_KLARF\ETL_XLS_TO_KLARF_TEST.py", line 36, in do_file
    klarfFile.WaferID = row['wafer_id']
  File "D:\soft\anaconda3\lib\site-packages\pandas\core\series.py", line 958, in __getitem__
    return self._get_value(key)
  File "D:\soft\anaconda3\lib\site-packages\pandas\core\series.py", line 1069, in _get_value
    loc = self.index.get_loc(label)
  File "D:\soft\anaconda3\lib\site-packages\pandas\core\indexes\base.py", line 3623, in get_loc
    raise KeyError(key) from err
KeyError: 'wafer_id'
Stack (most recent call last):
  File "D:\Ina\ETL_XdmLib_2.A.13\ETL_XdmLib_2.A.13\EDAETL\ETL_TABLE\ETL_POC_XLS_TO_KLARF\ETL_XLS_TO_KLARF_TEST.py", line 104, in <module>
    XdmLib.CustomFuction.file2db_init(
  File "D:\Ina\ETL_XdmLib_2.A.13\ETL_XdmLib_2.A.13\EDAETL\ETL_TABLE\ETL_POC_XLS_TO_KLARF\../..\XdmLib\CustomFuction.py", line 631, in file2db_init
    log.error(ex, exc_info=True, stack_info=True)
2023-08-17 13:58:31.677 - CustomFuction [ERROR   ] 'NoneType' object is not subscriptable
Traceback (most recent call last):
  File "D:\Ina\ETL_XdmLib_2.A.13\ETL_XdmLib_2.A.13\EDAETL\ETL_TABLE\ETL_POC_XLS_TO_KLARF\../..\XdmLib\CustomFuction.py", line 598, in file2db_init
    analysis_res.append(res['data'])
TypeError: 'NoneType' object is not subscriptable
Stack (most recent call last):
  File "D:\Ina\ETL_XdmLib_2.A.13\ETL_XdmLib_2.A.13\EDAETL\ETL_TABLE\ETL_POC_XLS_TO_KLARF\ETL_XLS_TO_KLARF_TEST.py", line 105, in <module>
    XdmLib.CustomFuction.file2db_init(
  File "D:\Ina\ETL_XdmLib_2.A.13\ETL_XdmLib_2.A.13\EDAETL\ETL_TABLE\ETL_POC_XLS_TO_KLARF\../..\XdmLib\CustomFuction.py", line 631, in file2db_init
    log.error(ex, exc_info=True, stack_info=True)
2023-08-17 13:58:34.846 - CustomFuction [ERROR   ] 'wafer_id'
Traceback (most recent call last):
  File "D:\soft\anaconda3\lib\site-packages\pandas\core\indexes\base.py", line 3621, in get_loc
    return self._engine.get_loc(casted_key)
  File "pandas\_libs\index.pyx", line 136, in pandas._libs.index.IndexEngine.get_loc
  File "pandas\_libs\index.pyx", line 163, in pandas._libs.index.IndexEngine.get_loc
  File "pandas\_libs\hashtable_class_helper.pxi", line 5198, in pandas._libs.hashtable.PyObjectHashTable.get_item
  File "pandas\_libs\hashtable_class_helper.pxi", line 5206, in pandas._libs.hashtable.PyObjectHashTable.get_item
KeyError: 'wafer_id'

The above exception was the direct cause of the following exception:

Traceback (most recent call last):
  File "D:\Ina\ETL_XdmLib_2.A.13\ETL_XdmLib_2.A.13\EDAETL\ETL_TABLE\ETL_POC_XLS_TO_KLARF\../..\XdmLib\CustomFuction.py", line 596, in file2db_init
    res = do_file(file_root_source_path,
  File "D:\Ina\ETL_XdmLib_2.A.13\ETL_XdmLib_2.A.13\EDAETL\ETL_TABLE\ETL_POC_XLS_TO_KLARF\ETL_XLS_TO_KLARF_TEST.py", line 36, in do_file
    klarfFile.WaferID = row['wafer_id']
  File "D:\soft\anaconda3\lib\site-packages\pandas\core\series.py", line 958, in __getitem__
    return self._get_value(key)
  File "D:\soft\anaconda3\lib\site-packages\pandas\core\series.py", line 1069, in _get_value
    loc = self.index.get_loc(label)
  File "D:\soft\anaconda3\lib\site-packages\pandas\core\indexes\base.py", line 3623, in get_loc
    raise KeyError(key) from err
KeyError: 'wafer_id'
Stack (most recent call last):
  File "D:\Ina\ETL_XdmLib_2.A.13\ETL_XdmLib_2.A.13\EDAETL\ETL_TABLE\ETL_POC_XLS_TO_KLARF\ETL_XLS_TO_KLARF_TEST.py", line 105, in <module>
    XdmLib.CustomFuction.file2db_init(
  File "D:\Ina\ETL_XdmLib_2.A.13\ETL_XdmLib_2.A.13\EDAETL\ETL_TABLE\ETL_POC_XLS_TO_KLARF\../..\XdmLib\CustomFuction.py", line 631, in file2db_init
    log.error(ex, exc_info=True, stack_info=True)
2023-08-17 14:00:38.887 - CustomFuction [ERROR   ] local variable 'DefectCodesDict' referenced before assignment
Traceback (most recent call last):
  File "D:\Ina\ETL_XdmLib_2.A.13\ETL_XdmLib_2.A.13\EDAETL\ETL_TABLE\ETL_POC_XLS_TO_KLARF\../..\XdmLib\CustomFuction.py", line 596, in file2db_init
    res = do_file(file_root_source_path,
  File "D:\Ina\ETL_XdmLib_2.A.13\ETL_XdmLib_2.A.13\EDAETL\ETL_TABLE\ETL_POC_XLS_TO_KLARF\ETL_XLS_TO_KLARF_TEST.py", line 31, in do_file
    if (DataDict and DefectCodesDict):
UnboundLocalError: local variable 'DefectCodesDict' referenced before assignment
Stack (most recent call last):
  File "D:\Ina\ETL_XdmLib_2.A.13\ETL_XdmLib_2.A.13\EDAETL\ETL_TABLE\ETL_POC_XLS_TO_KLARF\ETL_XLS_TO_KLARF_TEST.py", line 106, in <module>
    XdmLib.CustomFuction.file2db_init(
  File "D:\Ina\ETL_XdmLib_2.A.13\ETL_XdmLib_2.A.13\EDAETL\ETL_TABLE\ETL_POC_XLS_TO_KLARF\../..\XdmLib\CustomFuction.py", line 631, in file2db_init
    log.error(ex, exc_info=True, stack_info=True)
2023-08-17 14:00:42.111 - CustomFuction [ERROR   ] local variable 'DataDict' referenced before assignment
Traceback (most recent call last):
  File "D:\Ina\ETL_XdmLib_2.A.13\ETL_XdmLib_2.A.13\EDAETL\ETL_TABLE\ETL_POC_XLS_TO_KLARF\../..\XdmLib\CustomFuction.py", line 596, in file2db_init
    res = do_file(file_root_source_path,
  File "D:\Ina\ETL_XdmLib_2.A.13\ETL_XdmLib_2.A.13\EDAETL\ETL_TABLE\ETL_POC_XLS_TO_KLARF\ETL_XLS_TO_KLARF_TEST.py", line 31, in do_file
    if (DataDict and DefectCodesDict):
UnboundLocalError: local variable 'DataDict' referenced before assignment
Stack (most recent call last):
  File "D:\Ina\ETL_XdmLib_2.A.13\ETL_XdmLib_2.A.13\EDAETL\ETL_TABLE\ETL_POC_XLS_TO_KLARF\ETL_XLS_TO_KLARF_TEST.py", line 106, in <module>
    XdmLib.CustomFuction.file2db_init(
  File "D:\Ina\ETL_XdmLib_2.A.13\ETL_XdmLib_2.A.13\EDAETL\ETL_TABLE\ETL_POC_XLS_TO_KLARF\../..\XdmLib\CustomFuction.py", line 631, in file2db_init
    log.error(ex, exc_info=True, stack_info=True)
2023-08-17 14:02:09.856 - CustomFuction [ERROR   ] 'NoneType' object is not subscriptable
Traceback (most recent call last):
  File "D:\Ina\ETL_XdmLib_2.A.13\ETL_XdmLib_2.A.13\EDAETL\ETL_TABLE\ETL_POC_XLS_TO_KLARF\../..\XdmLib\CustomFuction.py", line 598, in file2db_init
    analysis_res.append(res['data'])
TypeError: 'NoneType' object is not subscriptable
Stack (most recent call last):
  File "D:\Ina\ETL_XdmLib_2.A.13\ETL_XdmLib_2.A.13\EDAETL\ETL_TABLE\ETL_POC_XLS_TO_KLARF\ETL_XLS_TO_KLARF_TEST.py", line 107, in <module>
    XdmLib.CustomFuction.file2db_init(
  File "D:\Ina\ETL_XdmLib_2.A.13\ETL_XdmLib_2.A.13\EDAETL\ETL_TABLE\ETL_POC_XLS_TO_KLARF\../..\XdmLib\CustomFuction.py", line 631, in file2db_init
    log.error(ex, exc_info=True, stack_info=True)
2023-08-17 14:02:13.044 - CustomFuction [ERROR   ] local variable 'DataDict' referenced before assignment
Traceback (most recent call last):
  File "D:\Ina\ETL_XdmLib_2.A.13\ETL_XdmLib_2.A.13\EDAETL\ETL_TABLE\ETL_POC_XLS_TO_KLARF\../..\XdmLib\CustomFuction.py", line 596, in file2db_init
    res = do_file(file_root_source_path,
  File "D:\Ina\ETL_XdmLib_2.A.13\ETL_XdmLib_2.A.13\EDAETL\ETL_TABLE\ETL_POC_XLS_TO_KLARF\ETL_XLS_TO_KLARF_TEST.py", line 32, in do_file
    if (DataDict and DefectCodesDict):
UnboundLocalError: local variable 'DataDict' referenced before assignment
Stack (most recent call last):
  File "D:\Ina\ETL_XdmLib_2.A.13\ETL_XdmLib_2.A.13\EDAETL\ETL_TABLE\ETL_POC_XLS_TO_KLARF\ETL_XLS_TO_KLARF_TEST.py", line 107, in <module>
    XdmLib.CustomFuction.file2db_init(
  File "D:\Ina\ETL_XdmLib_2.A.13\ETL_XdmLib_2.A.13\EDAETL\ETL_TABLE\ETL_POC_XLS_TO_KLARF\../..\XdmLib\CustomFuction.py", line 631, in file2db_init
    log.error(ex, exc_info=True, stack_info=True)
2023-08-17 14:03:02.841 - CustomFuction [ERROR   ] 'NoneType' object is not subscriptable
Traceback (most recent call last):
  File "D:\Ina\ETL_XdmLib_2.A.13\ETL_XdmLib_2.A.13\EDAETL\ETL_TABLE\ETL_POC_XLS_TO_KLARF\../..\XdmLib\CustomFuction.py", line 598, in file2db_init
    analysis_res.append(res['data'])
TypeError: 'NoneType' object is not subscriptable
Stack (most recent call last):
  File "D:\Ina\ETL_XdmLib_2.A.13\ETL_XdmLib_2.A.13\EDAETL\ETL_TABLE\ETL_POC_XLS_TO_KLARF\ETL_XLS_TO_KLARF_TEST.py", line 107, in <module>
    XdmLib.CustomFuction.file2db_init(
  File "D:\Ina\ETL_XdmLib_2.A.13\ETL_XdmLib_2.A.13\EDAETL\ETL_TABLE\ETL_POC_XLS_TO_KLARF\../..\XdmLib\CustomFuction.py", line 631, in file2db_init
    log.error(ex, exc_info=True, stack_info=True)
2023-08-17 14:03:06.047 - CustomFuction [ERROR   ] 'NoneType' object is not subscriptable
Traceback (most recent call last):
  File "D:\Ina\ETL_XdmLib_2.A.13\ETL_XdmLib_2.A.13\EDAETL\ETL_TABLE\ETL_POC_XLS_TO_KLARF\../..\XdmLib\CustomFuction.py", line 598, in file2db_init
    analysis_res.append(res['data'])
TypeError: 'NoneType' object is not subscriptable
Stack (most recent call last):
  File "D:\Ina\ETL_XdmLib_2.A.13\ETL_XdmLib_2.A.13\EDAETL\ETL_TABLE\ETL_POC_XLS_TO_KLARF\ETL_XLS_TO_KLARF_TEST.py", line 107, in <module>
    XdmLib.CustomFuction.file2db_init(
  File "D:\Ina\ETL_XdmLib_2.A.13\ETL_XdmLib_2.A.13\EDAETL\ETL_TABLE\ETL_POC_XLS_TO_KLARF\../..\XdmLib\CustomFuction.py", line 631, in file2db_init
    log.error(ex, exc_info=True, stack_info=True)
2023-08-17 14:09:16.017 - CustomFuction [ERROR   ] 'NoneType' object is not subscriptable
Traceback (most recent call last):
  File "D:\Ina\ETL_XdmLib_2.A.13\ETL_XdmLib_2.A.13\EDAETL\ETL_TABLE\ETL_POC_XLS_TO_KLARF\../..\XdmLib\CustomFuction.py", line 598, in file2db_init
    analysis_res.append(res['data'])
TypeError: 'NoneType' object is not subscriptable
Stack (most recent call last):
  File "D:\Ina\ETL_XdmLib_2.A.13\ETL_XdmLib_2.A.13\EDAETL\ETL_TABLE\ETL_POC_XLS_TO_KLARF\ETL_XLS_TO_KLARF_TEST.py", line 106, in <module>
    XdmLib.CustomFuction.file2db_init(
  File "D:\Ina\ETL_XdmLib_2.A.13\ETL_XdmLib_2.A.13\EDAETL\ETL_TABLE\ETL_POC_XLS_TO_KLARF\../..\XdmLib\CustomFuction.py", line 631, in file2db_init
    log.error(ex, exc_info=True, stack_info=True)
2023-08-17 14:09:19.282 - CustomFuction [ERROR   ] local variable 'DataDict' referenced before assignment
Traceback (most recent call last):
  File "D:\Ina\ETL_XdmLib_2.A.13\ETL_XdmLib_2.A.13\EDAETL\ETL_TABLE\ETL_POC_XLS_TO_KLARF\../..\XdmLib\CustomFuction.py", line 596, in file2db_init
    res = do_file(file_root_source_path,
  File "D:\Ina\ETL_XdmLib_2.A.13\ETL_XdmLib_2.A.13\EDAETL\ETL_TABLE\ETL_POC_XLS_TO_KLARF\ETL_XLS_TO_KLARF_TEST.py", line 30, in do_file
    if (DataDict and DefectCodesDict):
UnboundLocalError: local variable 'DataDict' referenced before assignment
Stack (most recent call last):
  File "D:\Ina\ETL_XdmLib_2.A.13\ETL_XdmLib_2.A.13\EDAETL\ETL_TABLE\ETL_POC_XLS_TO_KLARF\ETL_XLS_TO_KLARF_TEST.py", line 106, in <module>
    XdmLib.CustomFuction.file2db_init(
  File "D:\Ina\ETL_XdmLib_2.A.13\ETL_XdmLib_2.A.13\EDAETL\ETL_TABLE\ETL_POC_XLS_TO_KLARF\../..\XdmLib\CustomFuction.py", line 631, in file2db_init
    log.error(ex, exc_info=True, stack_info=True)
2023-08-17 14:14:55.192 - CustomFuction [ERROR   ] 'NoneType' object is not subscriptable
Traceback (most recent call last):
  File "D:\Ina\ETL_XdmLib_2.A.13\ETL_XdmLib_2.A.13\EDAETL\ETL_TABLE\ETL_POC_XLS_TO_KLARF\../..\XdmLib\CustomFuction.py", line 598, in file2db_init
    analysis_res.append(res['data'])
TypeError: 'NoneType' object is not subscriptable
Stack (most recent call last):
  File "D:\Ina\ETL_XdmLib_2.A.13\ETL_XdmLib_2.A.13\EDAETL\ETL_TABLE\ETL_POC_XLS_TO_KLARF\ETL_XLS_TO_KLARF_TEST.py", line 107, in <module>
    XdmLib.CustomFuction.file2db_init(
  File "D:\Ina\ETL_XdmLib_2.A.13\ETL_XdmLib_2.A.13\EDAETL\ETL_TABLE\ETL_POC_XLS_TO_KLARF\../..\XdmLib\CustomFuction.py", line 631, in file2db_init
    log.error(ex, exc_info=True, stack_info=True)
2023-08-17 14:14:58.383 - CustomFuction [ERROR   ] 'NoneType' object is not subscriptable
Traceback (most recent call last):
  File "D:\Ina\ETL_XdmLib_2.A.13\ETL_XdmLib_2.A.13\EDAETL\ETL_TABLE\ETL_POC_XLS_TO_KLARF\../..\XdmLib\CustomFuction.py", line 598, in file2db_init
    analysis_res.append(res['data'])
TypeError: 'NoneType' object is not subscriptable
Stack (most recent call last):
  File "D:\Ina\ETL_XdmLib_2.A.13\ETL_XdmLib_2.A.13\EDAETL\ETL_TABLE\ETL_POC_XLS_TO_KLARF\ETL_XLS_TO_KLARF_TEST.py", line 107, in <module>
    XdmLib.CustomFuction.file2db_init(
  File "D:\Ina\ETL_XdmLib_2.A.13\ETL_XdmLib_2.A.13\EDAETL\ETL_TABLE\ETL_POC_XLS_TO_KLARF\../..\XdmLib\CustomFuction.py", line 631, in file2db_init
    log.error(ex, exc_info=True, stack_info=True)
2023-08-17 14:16:14.226 - CustomFuction [ERROR   ] 'NoneType' object is not subscriptable
Traceback (most recent call last):
  File "D:\Ina\ETL_XdmLib_2.A.13\ETL_XdmLib_2.A.13\EDAETL\ETL_TABLE\ETL_POC_XLS_TO_KLARF\../..\XdmLib\CustomFuction.py", line 598, in file2db_init
    analysis_res.append(res['data'])
TypeError: 'NoneType' object is not subscriptable
Stack (most recent call last):
  File "D:\Ina\ETL_XdmLib_2.A.13\ETL_XdmLib_2.A.13\EDAETL\ETL_TABLE\ETL_POC_XLS_TO_KLARF\ETL_XLS_TO_KLARF_TEST.py", line 106, in <module>
    XdmLib.CustomFuction.file2db_init(
  File "D:\Ina\ETL_XdmLib_2.A.13\ETL_XdmLib_2.A.13\EDAETL\ETL_TABLE\ETL_POC_XLS_TO_KLARF\../..\XdmLib\CustomFuction.py", line 631, in file2db_init
    log.error(ex, exc_info=True, stack_info=True)
2023-08-17 14:16:17.390 - CustomFuction [ERROR   ] 'NoneType' object is not subscriptable
Traceback (most recent call last):
  File "D:\Ina\ETL_XdmLib_2.A.13\ETL_XdmLib_2.A.13\EDAETL\ETL_TABLE\ETL_POC_XLS_TO_KLARF\../..\XdmLib\CustomFuction.py", line 598, in file2db_init
    analysis_res.append(res['data'])
TypeError: 'NoneType' object is not subscriptable
Stack (most recent call last):
  File "D:\Ina\ETL_XdmLib_2.A.13\ETL_XdmLib_2.A.13\EDAETL\ETL_TABLE\ETL_POC_XLS_TO_KLARF\ETL_XLS_TO_KLARF_TEST.py", line 106, in <module>
    XdmLib.CustomFuction.file2db_init(
  File "D:\Ina\ETL_XdmLib_2.A.13\ETL_XdmLib_2.A.13\EDAETL\ETL_TABLE\ETL_POC_XLS_TO_KLARF\../..\XdmLib\CustomFuction.py", line 631, in file2db_init
    log.error(ex, exc_info=True, stack_info=True)
2023-08-17 14:29:43.458 - CustomFuction [ERROR   ] local variable 's_t' referenced before assignment
Traceback (most recent call last):
  File "D:\Ina\ETL_XdmLib_2.A.13\ETL_XdmLib_2.A.13\EDAETL\ETL_TABLE\ETL_POC_XLS_TO_KLARF\../..\XdmLib\CustomFuction.py", line 596, in file2db_init
    res = do_file(file_root_source_path,
  File "D:\Ina\ETL_XdmLib_2.A.13\ETL_XdmLib_2.A.13\EDAETL\ETL_TABLE\ETL_POC_XLS_TO_KLARF\ETL_XLS_TO_KLARF_TEST.py", line 34, in do_file
    log.info(f'Read Source File:{e_t - s_t}')
UnboundLocalError: local variable 's_t' referenced before assignment
Stack (most recent call last):
  File "D:\Ina\ETL_XdmLib_2.A.13\ETL_XdmLib_2.A.13\EDAETL\ETL_TABLE\ETL_POC_XLS_TO_KLARF\ETL_XLS_TO_KLARF_TEST.py", line 119, in <module>
    XdmLib.CustomFuction.file2db_init(
  File "D:\Ina\ETL_XdmLib_2.A.13\ETL_XdmLib_2.A.13\EDAETL\ETL_TABLE\ETL_POC_XLS_TO_KLARF\../..\XdmLib\CustomFuction.py", line 631, in file2db_init
    log.error(ex, exc_info=True, stack_info=True)
2023-08-17 14:40:45.821 - CustomFuction [ERROR   ] local variable 'result' referenced before assignment
Traceback (most recent call last):
  File "D:\Ina\ETL_XdmLib_2.A.13\ETL_XdmLib_2.A.13\EDAETL\ETL_TABLE\ETL_POC_XLS_TO_KLARF\../..\XdmLib\CustomFuction.py", line 596, in file2db_init
    res = do_file(file_root_source_path,
  File "D:\Ina\ETL_XdmLib_2.A.13\ETL_XdmLib_2.A.13\EDAETL\ETL_TABLE\ETL_POC_XLS_TO_KLARF\ETL_XLS_TO_KLARF_TEST.py", line 71, in do_file
    return result
UnboundLocalError: local variable 'result' referenced before assignment
Stack (most recent call last):
  File "D:\Ina\ETL_XdmLib_2.A.13\ETL_XdmLib_2.A.13\EDAETL\ETL_TABLE\ETL_POC_XLS_TO_KLARF\ETL_XLS_TO_KLARF_TEST.py", line 118, in <module>
    XdmLib.CustomFuction.file2db_init(
  File "D:\Ina\ETL_XdmLib_2.A.13\ETL_XdmLib_2.A.13\EDAETL\ETL_TABLE\ETL_POC_XLS_TO_KLARF\../..\XdmLib\CustomFuction.py", line 631, in file2db_init
    log.error(ex, exc_info=True, stack_info=True)
2023-08-17 14:40:49.010 - CustomFuction [ERROR   ] local variable 'klarfFile' referenced before assignment
Traceback (most recent call last):
  File "D:\Ina\ETL_XdmLib_2.A.13\ETL_XdmLib_2.A.13\EDAETL\ETL_TABLE\ETL_POC_XLS_TO_KLARF\../..\XdmLib\CustomFuction.py", line 596, in file2db_init
    res = do_file(file_root_source_path,
  File "D:\Ina\ETL_XdmLib_2.A.13\ETL_XdmLib_2.A.13\EDAETL\ETL_TABLE\ETL_POC_XLS_TO_KLARF\ETL_XLS_TO_KLARF_TEST.py", line 56, in do_file
    klarfFileName = klarfFile.GetKlarfFileName()
UnboundLocalError: local variable 'klarfFile' referenced before assignment
Stack (most recent call last):
  File "D:\Ina\ETL_XdmLib_2.A.13\ETL_XdmLib_2.A.13\EDAETL\ETL_TABLE\ETL_POC_XLS_TO_KLARF\ETL_XLS_TO_KLARF_TEST.py", line 118, in <module>
    XdmLib.CustomFuction.file2db_init(
  File "D:\Ina\ETL_XdmLib_2.A.13\ETL_XdmLib_2.A.13\EDAETL\ETL_TABLE\ETL_POC_XLS_TO_KLARF\../..\XdmLib\CustomFuction.py", line 631, in file2db_init
    log.error(ex, exc_info=True, stack_info=True)
2023-08-17 14:43:17.697 - CustomFuction [ERROR   ] local variable 'result' referenced before assignment
Traceback (most recent call last):
  File "D:\Ina\ETL_XdmLib_2.A.13\ETL_XdmLib_2.A.13\EDAETL\ETL_TABLE\ETL_POC_XLS_TO_KLARF\../..\XdmLib\CustomFuction.py", line 596, in file2db_init
    res = do_file(file_root_source_path,
  File "D:\Ina\ETL_XdmLib_2.A.13\ETL_XdmLib_2.A.13\EDAETL\ETL_TABLE\ETL_POC_XLS_TO_KLARF\ETL_XLS_TO_KLARF_TEST.py", line 72, in do_file
    return result
UnboundLocalError: local variable 'result' referenced before assignment
Stack (most recent call last):
  File "D:\Ina\ETL_XdmLib_2.A.13\ETL_XdmLib_2.A.13\EDAETL\ETL_TABLE\ETL_POC_XLS_TO_KLARF\ETL_XLS_TO_KLARF_TEST.py", line 119, in <module>
    XdmLib.CustomFuction.file2db_init(
  File "D:\Ina\ETL_XdmLib_2.A.13\ETL_XdmLib_2.A.13\EDAETL\ETL_TABLE\ETL_POC_XLS_TO_KLARF\../..\XdmLib\CustomFuction.py", line 631, in file2db_init
    log.error(ex, exc_info=True, stack_info=True)
2023-08-17 14:43:20.845 - CustomFuction [ERROR   ] local variable 'klarfFile' referenced before assignment
Traceback (most recent call last):
  File "D:\Ina\ETL_XdmLib_2.A.13\ETL_XdmLib_2.A.13\EDAETL\ETL_TABLE\ETL_POC_XLS_TO_KLARF\../..\XdmLib\CustomFuction.py", line 596, in file2db_init
    res = do_file(file_root_source_path,
  File "D:\Ina\ETL_XdmLib_2.A.13\ETL_XdmLib_2.A.13\EDAETL\ETL_TABLE\ETL_POC_XLS_TO_KLARF\ETL_XLS_TO_KLARF_TEST.py", line 57, in do_file
    klarfFileName = klarfFile.GetKlarfFileName()
UnboundLocalError: local variable 'klarfFile' referenced before assignment
Stack (most recent call last):
  File "D:\Ina\ETL_XdmLib_2.A.13\ETL_XdmLib_2.A.13\EDAETL\ETL_TABLE\ETL_POC_XLS_TO_KLARF\ETL_XLS_TO_KLARF_TEST.py", line 119, in <module>
    XdmLib.CustomFuction.file2db_init(
  File "D:\Ina\ETL_XdmLib_2.A.13\ETL_XdmLib_2.A.13\EDAETL\ETL_TABLE\ETL_POC_XLS_TO_KLARF\../..\XdmLib\CustomFuction.py", line 631, in file2db_init
    log.error(ex, exc_info=True, stack_info=True)
2023-08-17 14:43:59.442 - CustomFuction [ERROR   ] local variable 'result' referenced before assignment
Traceback (most recent call last):
  File "D:\Ina\ETL_XdmLib_2.A.13\ETL_XdmLib_2.A.13\EDAETL\ETL_TABLE\ETL_POC_XLS_TO_KLARF\../..\XdmLib\CustomFuction.py", line 596, in file2db_init
    res = do_file(file_root_source_path,
  File "D:\Ina\ETL_XdmLib_2.A.13\ETL_XdmLib_2.A.13\EDAETL\ETL_TABLE\ETL_POC_XLS_TO_KLARF\ETL_XLS_TO_KLARF_TEST.py", line 72, in do_file
    return result
UnboundLocalError: local variable 'result' referenced before assignment
Stack (most recent call last):
  File "D:\Ina\ETL_XdmLib_2.A.13\ETL_XdmLib_2.A.13\EDAETL\ETL_TABLE\ETL_POC_XLS_TO_KLARF\ETL_XLS_TO_KLARF_TEST.py", line 119, in <module>
    XdmLib.CustomFuction.file2db_init(
  File "D:\Ina\ETL_XdmLib_2.A.13\ETL_XdmLib_2.A.13\EDAETL\ETL_TABLE\ETL_POC_XLS_TO_KLARF\../..\XdmLib\CustomFuction.py", line 631, in file2db_init
    log.error(ex, exc_info=True, stack_info=True)
2023-08-17 14:44:02.629 - CustomFuction [ERROR   ] local variable 's_t' referenced before assignment
Traceback (most recent call last):
  File "D:\Ina\ETL_XdmLib_2.A.13\ETL_XdmLib_2.A.13\EDAETL\ETL_TABLE\ETL_POC_XLS_TO_KLARF\../..\XdmLib\CustomFuction.py", line 596, in file2db_init
    res = do_file(file_root_source_path,
  File "D:\Ina\ETL_XdmLib_2.A.13\ETL_XdmLib_2.A.13\EDAETL\ETL_TABLE\ETL_POC_XLS_TO_KLARF\ETL_XLS_TO_KLARF_TEST.py", line 65, in do_file
    log.info(f'Read Source File:{e_t - s_t}')
UnboundLocalError: local variable 's_t' referenced before assignment
Stack (most recent call last):
  File "D:\Ina\ETL_XdmLib_2.A.13\ETL_XdmLib_2.A.13\EDAETL\ETL_TABLE\ETL_POC_XLS_TO_KLARF\ETL_XLS_TO_KLARF_TEST.py", line 119, in <module>
    XdmLib.CustomFuction.file2db_init(
  File "D:\Ina\ETL_XdmLib_2.A.13\ETL_XdmLib_2.A.13\EDAETL\ETL_TABLE\ETL_POC_XLS_TO_KLARF\../..\XdmLib\CustomFuction.py", line 631, in file2db_init
    log.error(ex, exc_info=True, stack_info=True)
2023-08-17 14:47:30.549 - CustomFuction [ERROR   ] local variable 'result' referenced before assignment
Traceback (most recent call last):
  File "D:\Ina\ETL_XdmLib_2.A.13\ETL_XdmLib_2.A.13\EDAETL\ETL_TABLE\ETL_POC_XLS_TO_KLARF\../..\XdmLib\CustomFuction.py", line 596, in file2db_init
    res = do_file(file_root_source_path,
  File "D:\Ina\ETL_XdmLib_2.A.13\ETL_XdmLib_2.A.13\EDAETL\ETL_TABLE\ETL_POC_XLS_TO_KLARF\ETL_XLS_TO_KLARF_TEST.py", line 73, in do_file
    return result
UnboundLocalError: local variable 'result' referenced before assignment
Stack (most recent call last):
  File "D:\Ina\ETL_XdmLib_2.A.13\ETL_XdmLib_2.A.13\EDAETL\ETL_TABLE\ETL_POC_XLS_TO_KLARF\ETL_XLS_TO_KLARF_TEST.py", line 120, in <module>
    XdmLib.CustomFuction.file2db_init(
  File "D:\Ina\ETL_XdmLib_2.A.13\ETL_XdmLib_2.A.13\EDAETL\ETL_TABLE\ETL_POC_XLS_TO_KLARF\../..\XdmLib\CustomFuction.py", line 631, in file2db_init
    log.error(ex, exc_info=True, stack_info=True)
2023-08-17 14:47:33.751 - CustomFuction [ERROR   ] local variable 's_t' referenced before assignment
Traceback (most recent call last):
  File "D:\Ina\ETL_XdmLib_2.A.13\ETL_XdmLib_2.A.13\EDAETL\ETL_TABLE\ETL_POC_XLS_TO_KLARF\../..\XdmLib\CustomFuction.py", line 596, in file2db_init
    res = do_file(file_root_source_path,
  File "D:\Ina\ETL_XdmLib_2.A.13\ETL_XdmLib_2.A.13\EDAETL\ETL_TABLE\ETL_POC_XLS_TO_KLARF\ETL_XLS_TO_KLARF_TEST.py", line 66, in do_file
    log.info(f'Read Source File:{e_t - s_t}')
UnboundLocalError: local variable 's_t' referenced before assignment
Stack (most recent call last):
  File "D:\Ina\ETL_XdmLib_2.A.13\ETL_XdmLib_2.A.13\EDAETL\ETL_TABLE\ETL_POC_XLS_TO_KLARF\ETL_XLS_TO_KLARF_TEST.py", line 120, in <module>
    XdmLib.CustomFuction.file2db_init(
  File "D:\Ina\ETL_XdmLib_2.A.13\ETL_XdmLib_2.A.13\EDAETL\ETL_TABLE\ETL_POC_XLS_TO_KLARF\../..\XdmLib\CustomFuction.py", line 631, in file2db_init
    log.error(ex, exc_info=True, stack_info=True)
2023-08-17 14:51:36.376 - CustomFuction [ERROR   ] local variable 'result' referenced before assignment
Traceback (most recent call last):
  File "D:\Ina\ETL_XdmLib_2.A.13\ETL_XdmLib_2.A.13\EDAETL\ETL_TABLE\ETL_POC_XLS_TO_KLARF\../..\XdmLib\CustomFuction.py", line 596, in file2db_init
    res = do_file(file_root_source_path,
  File "D:\Ina\ETL_XdmLib_2.A.13\ETL_XdmLib_2.A.13\EDAETL\ETL_TABLE\ETL_POC_XLS_TO_KLARF\ETL_XLS_TO_KLARF_TEST.py", line 73, in do_file
    return result
UnboundLocalError: local variable 'result' referenced before assignment
Stack (most recent call last):
  File "D:\Ina\ETL_XdmLib_2.A.13\ETL_XdmLib_2.A.13\EDAETL\ETL_TABLE\ETL_POC_XLS_TO_KLARF\ETL_XLS_TO_KLARF_TEST.py", line 120, in <module>
    XdmLib.CustomFuction.file2db_init(
  File "D:\Ina\ETL_XdmLib_2.A.13\ETL_XdmLib_2.A.13\EDAETL\ETL_TABLE\ETL_POC_XLS_TO_KLARF\../..\XdmLib\CustomFuction.py", line 631, in file2db_init
    log.error(ex, exc_info=True, stack_info=True)
2023-08-17 14:51:39.648 - CustomFuction [ERROR   ] local variable 'klarfFileName' referenced before assignment
Traceback (most recent call last):
  File "D:\Ina\ETL_XdmLib_2.A.13\ETL_XdmLib_2.A.13\EDAETL\ETL_TABLE\ETL_POC_XLS_TO_KLARF\../..\XdmLib\CustomFuction.py", line 596, in file2db_init
    res = do_file(file_root_source_path,
  File "D:\Ina\ETL_XdmLib_2.A.13\ETL_XdmLib_2.A.13\EDAETL\ETL_TABLE\ETL_POC_XLS_TO_KLARF\ETL_XLS_TO_KLARF_TEST.py", line 68, in do_file
    log.info(f'Converter {file_name} to {klarfFileName} ;Total Used:{te_t-ts_t}')
UnboundLocalError: local variable 'klarfFileName' referenced before assignment
Stack (most recent call last):
  File "D:\Ina\ETL_XdmLib_2.A.13\ETL_XdmLib_2.A.13\EDAETL\ETL_TABLE\ETL_POC_XLS_TO_KLARF\ETL_XLS_TO_KLARF_TEST.py", line 120, in <module>
    XdmLib.CustomFuction.file2db_init(
  File "D:\Ina\ETL_XdmLib_2.A.13\ETL_XdmLib_2.A.13\EDAETL\ETL_TABLE\ETL_POC_XLS_TO_KLARF\../..\XdmLib\CustomFuction.py", line 631, in file2db_init
    log.error(ex, exc_info=True, stack_info=True)
2023-08-17 14:52:53.423 - CustomFuction [ERROR   ] local variable 'result' referenced before assignment
Traceback (most recent call last):
  File "D:\Ina\ETL_XdmLib_2.A.13\ETL_XdmLib_2.A.13\EDAETL\ETL_TABLE\ETL_POC_XLS_TO_KLARF\../..\XdmLib\CustomFuction.py", line 596, in file2db_init
    res = do_file(file_root_source_path,
  File "D:\Ina\ETL_XdmLib_2.A.13\ETL_XdmLib_2.A.13\EDAETL\ETL_TABLE\ETL_POC_XLS_TO_KLARF\ETL_XLS_TO_KLARF_TEST.py", line 73, in do_file
    return result
UnboundLocalError: local variable 'result' referenced before assignment
Stack (most recent call last):
  File "D:\Ina\ETL_XdmLib_2.A.13\ETL_XdmLib_2.A.13\EDAETL\ETL_TABLE\ETL_POC_XLS_TO_KLARF\ETL_XLS_TO_KLARF_TEST.py", line 120, in <module>
    XdmLib.CustomFuction.file2db_init(
  File "D:\Ina\ETL_XdmLib_2.A.13\ETL_XdmLib_2.A.13\EDAETL\ETL_TABLE\ETL_POC_XLS_TO_KLARF\../..\XdmLib\CustomFuction.py", line 631, in file2db_init
    log.error(ex, exc_info=True, stack_info=True)
2023-08-17 14:52:56.519 - CustomFuction [ERROR   ] local variable 'klarfFileName' referenced before assignment
Traceback (most recent call last):
  File "D:\Ina\ETL_XdmLib_2.A.13\ETL_XdmLib_2.A.13\EDAETL\ETL_TABLE\ETL_POC_XLS_TO_KLARF\../..\XdmLib\CustomFuction.py", line 596, in file2db_init
    res = do_file(file_root_source_path,
  File "D:\Ina\ETL_XdmLib_2.A.13\ETL_XdmLib_2.A.13\EDAETL\ETL_TABLE\ETL_POC_XLS_TO_KLARF\ETL_XLS_TO_KLARF_TEST.py", line 68, in do_file
    log.info(f'Converter {file_name} to {klarfFileName} ;Total Used:{te_t-ts_t}')
UnboundLocalError: local variable 'klarfFileName' referenced before assignment
Stack (most recent call last):
  File "D:\Ina\ETL_XdmLib_2.A.13\ETL_XdmLib_2.A.13\EDAETL\ETL_TABLE\ETL_POC_XLS_TO_KLARF\ETL_XLS_TO_KLARF_TEST.py", line 120, in <module>
    XdmLib.CustomFuction.file2db_init(
  File "D:\Ina\ETL_XdmLib_2.A.13\ETL_XdmLib_2.A.13\EDAETL\ETL_TABLE\ETL_POC_XLS_TO_KLARF\../..\XdmLib\CustomFuction.py", line 631, in file2db_init
    log.error(ex, exc_info=True, stack_info=True)
2023-08-17 15:08:44.354 - CustomFuction [ERROR   ] string indices must be integers
Traceback (most recent call last):
  File "D:\Ina\ETL_XdmLib_2.A.13\ETL_XdmLib_2.A.13\EDAETL\ETL_TABLE\ETL_POC_XLS_TO_KLARF\../..\XdmLib\CustomFuction.py", line 596, in file2db_init
    res = do_file(file_root_source_path,
  File "D:\Ina\ETL_XdmLib_2.A.13\ETL_XdmLib_2.A.13\EDAETL\ETL_TABLE\ETL_POC_XLS_TO_KLARF\ETL_XLS_TO_KLARF_TEST.py", line 65, in do_file
    raise ex
  File "D:\Ina\ETL_XdmLib_2.A.13\ETL_XdmLib_2.A.13\EDAETL\ETL_TABLE\ETL_POC_XLS_TO_KLARF\ETL_XLS_TO_KLARF_TEST.py", line 43, in do_file
    klarfFile.WaferID = DataKey['wafer_id']
TypeError: string indices must be integers
Stack (most recent call last):
  File "D:\Ina\ETL_XdmLib_2.A.13\ETL_XdmLib_2.A.13\EDAETL\ETL_TABLE\ETL_POC_XLS_TO_KLARF\ETL_XLS_TO_KLARF_TEST.py", line 119, in <module>
    XdmLib.CustomFuction.file2db_init(
  File "D:\Ina\ETL_XdmLib_2.A.13\ETL_XdmLib_2.A.13\EDAETL\ETL_TABLE\ETL_POC_XLS_TO_KLARF\../..\XdmLib\CustomFuction.py", line 631, in file2db_init
    log.error(ex, exc_info=True, stack_info=True)
2023-08-17 15:13:01.694 - CustomFuction [ERROR   ] string indices must be integers
Traceback (most recent call last):
  File "D:\Ina\ETL_XdmLib_2.A.13\ETL_XdmLib_2.A.13\EDAETL\ETL_TABLE\ETL_POC_XLS_TO_KLARF\../..\XdmLib\CustomFuction.py", line 596, in file2db_init
    res = do_file(file_root_source_path,
  File "D:\Ina\ETL_XdmLib_2.A.13\ETL_XdmLib_2.A.13\EDAETL\ETL_TABLE\ETL_POC_XLS_TO_KLARF\ETL_XLS_TO_KLARF_TEST.py", line 65, in do_file
    raise ex
  File "D:\Ina\ETL_XdmLib_2.A.13\ETL_XdmLib_2.A.13\EDAETL\ETL_TABLE\ETL_POC_XLS_TO_KLARF\ETL_XLS_TO_KLARF_TEST.py", line 43, in do_file
    klarfFile.WaferID = DataKey[row['wafer_id']]
TypeError: string indices must be integers
Stack (most recent call last):
  File "D:\Ina\ETL_XdmLib_2.A.13\ETL_XdmLib_2.A.13\EDAETL\ETL_TABLE\ETL_POC_XLS_TO_KLARF\ETL_XLS_TO_KLARF_TEST.py", line 119, in <module>
    XdmLib.CustomFuction.file2db_init(
  File "D:\Ina\ETL_XdmLib_2.A.13\ETL_XdmLib_2.A.13\EDAETL\ETL_TABLE\ETL_POC_XLS_TO_KLARF\../..\XdmLib\CustomFuction.py", line 631, in file2db_init
    log.error(ex, exc_info=True, stack_info=True)
2023-08-17 15:14:21.602 - CustomFuction [ERROR   ] name 'wafer_id' is not defined
Traceback (most recent call last):
  File "D:\Ina\ETL_XdmLib_2.A.13\ETL_XdmLib_2.A.13\EDAETL\ETL_TABLE\ETL_POC_XLS_TO_KLARF\../..\XdmLib\CustomFuction.py", line 596, in file2db_init
    res = do_file(file_root_source_path,
  File "D:\Ina\ETL_XdmLib_2.A.13\ETL_XdmLib_2.A.13\EDAETL\ETL_TABLE\ETL_POC_XLS_TO_KLARF\ETL_XLS_TO_KLARF_TEST.py", line 65, in do_file
    raise ex
  File "D:\Ina\ETL_XdmLib_2.A.13\ETL_XdmLib_2.A.13\EDAETL\ETL_TABLE\ETL_POC_XLS_TO_KLARF\ETL_XLS_TO_KLARF_TEST.py", line 43, in do_file
    klarfFile.WaferID = DataKey[wafer_id]
NameError: name 'wafer_id' is not defined
Stack (most recent call last):
  File "D:\Ina\ETL_XdmLib_2.A.13\ETL_XdmLib_2.A.13\EDAETL\ETL_TABLE\ETL_POC_XLS_TO_KLARF\ETL_XLS_TO_KLARF_TEST.py", line 119, in <module>
    XdmLib.CustomFuction.file2db_init(
  File "D:\Ina\ETL_XdmLib_2.A.13\ETL_XdmLib_2.A.13\EDAETL\ETL_TABLE\ETL_POC_XLS_TO_KLARF\../..\XdmLib\CustomFuction.py", line 631, in file2db_init
    log.error(ex, exc_info=True, stack_info=True)
2023-08-17 15:15:03.715 - CustomFuction [ERROR   ] string indices must be integers
Traceback (most recent call last):
  File "D:\Ina\ETL_XdmLib_2.A.13\ETL_XdmLib_2.A.13\EDAETL\ETL_TABLE\ETL_POC_XLS_TO_KLARF\../..\XdmLib\CustomFuction.py", line 596, in file2db_init
    res = do_file(file_root_source_path,
  File "D:\Ina\ETL_XdmLib_2.A.13\ETL_XdmLib_2.A.13\EDAETL\ETL_TABLE\ETL_POC_XLS_TO_KLARF\ETL_XLS_TO_KLARF_TEST.py", line 65, in do_file
    raise ex
  File "D:\Ina\ETL_XdmLib_2.A.13\ETL_XdmLib_2.A.13\EDAETL\ETL_TABLE\ETL_POC_XLS_TO_KLARF\ETL_XLS_TO_KLARF_TEST.py", line 48, in do_file
    (DataKey['x'] + 75) * 1000,
TypeError: string indices must be integers
Stack (most recent call last):
  File "D:\Ina\ETL_XdmLib_2.A.13\ETL_XdmLib_2.A.13\EDAETL\ETL_TABLE\ETL_POC_XLS_TO_KLARF\ETL_XLS_TO_KLARF_TEST.py", line 119, in <module>
    XdmLib.CustomFuction.file2db_init(
  File "D:\Ina\ETL_XdmLib_2.A.13\ETL_XdmLib_2.A.13\EDAETL\ETL_TABLE\ETL_POC_XLS_TO_KLARF\../..\XdmLib\CustomFuction.py", line 631, in file2db_init
    log.error(ex, exc_info=True, stack_info=True)
2023-08-17 15:16:16.543 - CustomFuction [ERROR   ] string indices must be integers
Traceback (most recent call last):
  File "D:\Ina\ETL_XdmLib_2.A.13\ETL_XdmLib_2.A.13\EDAETL\ETL_TABLE\ETL_POC_XLS_TO_KLARF\../..\XdmLib\CustomFuction.py", line 596, in file2db_init
    res = do_file(file_root_source_path,
  File "D:\Ina\ETL_XdmLib_2.A.13\ETL_XdmLib_2.A.13\EDAETL\ETL_TABLE\ETL_POC_XLS_TO_KLARF\ETL_XLS_TO_KLARF_TEST.py", line 65, in do_file
    raise ex
  File "D:\Ina\ETL_XdmLib_2.A.13\ETL_XdmLib_2.A.13\EDAETL\ETL_TABLE\ETL_POC_XLS_TO_KLARF\ETL_XLS_TO_KLARF_TEST.py", line 48, in do_file
    (DataValue['x'] + 75) * 1000,
TypeError: string indices must be integers
Stack (most recent call last):
  File "D:\Ina\ETL_XdmLib_2.A.13\ETL_XdmLib_2.A.13\EDAETL\ETL_TABLE\ETL_POC_XLS_TO_KLARF\ETL_XLS_TO_KLARF_TEST.py", line 119, in <module>
    XdmLib.CustomFuction.file2db_init(
  File "D:\Ina\ETL_XdmLib_2.A.13\ETL_XdmLib_2.A.13\EDAETL\ETL_TABLE\ETL_POC_XLS_TO_KLARF\../..\XdmLib\CustomFuction.py", line 631, in file2db_init
    log.error(ex, exc_info=True, stack_info=True)
2023-08-17 15:35:38.368 - CustomFuction [ERROR   ] name 'file' is not defined
Traceback (most recent call last):
  File "D:\Ina\ETL_XdmLib_2.A.13\ETL_XdmLib_2.A.13\EDAETL\ETL_TABLE\ETL_POC_XLS_TO_KLARF\../..\XdmLib\CustomFuction.py", line 596, in file2db_init
    res = do_file(file_root_source_path,
  File "D:\Ina\ETL_XdmLib_2.A.13\ETL_XdmLib_2.A.13\EDAETL\ETL_TABLE\ETL_POC_XLS_TO_KLARF\ETL_XLS_TO_KLARF_TEST.py", line 25, in do_file
    DefectCodes = pd.read_csv(sourcePath + '\\' + file, engine='python')
NameError: name 'file' is not defined
Stack (most recent call last):
  File "D:\Ina\ETL_XdmLib_2.A.13\ETL_XdmLib_2.A.13\EDAETL\ETL_TABLE\ETL_POC_XLS_TO_KLARF\ETL_XLS_TO_KLARF_TEST.py", line 122, in <module>
    XdmLib.CustomFuction.file2db_init(
  File "D:\Ina\ETL_XdmLib_2.A.13\ETL_XdmLib_2.A.13\EDAETL\ETL_TABLE\ETL_POC_XLS_TO_KLARF\../..\XdmLib\CustomFuction.py", line 631, in file2db_init
    log.error(ex, exc_info=True, stack_info=True)
2023-08-17 15:38:47.841 - CustomFuction [ERROR   ] name 'klarfFileName' is not defined
Traceback (most recent call last):
  File "D:\Ina\ETL_XdmLib_2.A.13\ETL_XdmLib_2.A.13\EDAETL\ETL_TABLE\ETL_POC_XLS_TO_KLARF\../..\XdmLib\CustomFuction.py", line 596, in file2db_init
    res = do_file(file_root_source_path,
  File "D:\Ina\ETL_XdmLib_2.A.13\ETL_XdmLib_2.A.13\EDAETL\ETL_TABLE\ETL_POC_XLS_TO_KLARF\ETL_XLS_TO_KLARF_TEST.py", line 73, in do_file
    log.info(f'Converter {file_name} to {klarfFileName} ;Total Used:{te_t-ts_t}')
NameError: name 'klarfFileName' is not defined
Stack (most recent call last):
  File "D:\Ina\ETL_XdmLib_2.A.13\ETL_XdmLib_2.A.13\EDAETL\ETL_TABLE\ETL_POC_XLS_TO_KLARF\ETL_XLS_TO_KLARF_TEST.py", line 122, in <module>
    XdmLib.CustomFuction.file2db_init(
  File "D:\Ina\ETL_XdmLib_2.A.13\ETL_XdmLib_2.A.13\EDAETL\ETL_TABLE\ETL_POC_XLS_TO_KLARF\../..\XdmLib\CustomFuction.py", line 631, in file2db_init
    log.error(ex, exc_info=True, stack_info=True)
2023-08-17 15:40:00.978 - CustomFuction [ERROR   ] name 'klarfFileName' is not defined
Traceback (most recent call last):
  File "D:\Ina\ETL_XdmLib_2.A.13\ETL_XdmLib_2.A.13\EDAETL\ETL_TABLE\ETL_POC_XLS_TO_KLARF\../..\XdmLib\CustomFuction.py", line 596, in file2db_init
    res = do_file(file_root_source_path,
  File "D:\Ina\ETL_XdmLib_2.A.13\ETL_XdmLib_2.A.13\EDAETL\ETL_TABLE\ETL_POC_XLS_TO_KLARF\ETL_XLS_TO_KLARF_TEST.py", line 73, in do_file
    log.info(f'Converter {file_name} to {klarfFileName} ;Total Used:{te_t-ts_t}')
NameError: name 'klarfFileName' is not defined
Stack (most recent call last):
  File "D:\Ina\ETL_XdmLib_2.A.13\ETL_XdmLib_2.A.13\EDAETL\ETL_TABLE\ETL_POC_XLS_TO_KLARF\ETL_XLS_TO_KLARF_TEST.py", line 122, in <module>
    XdmLib.CustomFuction.file2db_init(
  File "D:\Ina\ETL_XdmLib_2.A.13\ETL_XdmLib_2.A.13\EDAETL\ETL_TABLE\ETL_POC_XLS_TO_KLARF\../..\XdmLib\CustomFuction.py", line 631, in file2db_init
    log.error(ex, exc_info=True, stack_info=True)
2023-08-17 15:45:02.446 - CustomFuction [ERROR   ] string indices must be integers
Traceback (most recent call last):
  File "D:\Ina\ETL_XdmLib_2.A.13\ETL_XdmLib_2.A.13\EDAETL\ETL_TABLE\ETL_POC_XLS_TO_KLARF\../..\XdmLib\CustomFuction.py", line 596, in file2db_init
    res = do_file(file_root_source_path,
  File "D:\Ina\ETL_XdmLib_2.A.13\ETL_XdmLib_2.A.13\EDAETL\ETL_TABLE\ETL_POC_XLS_TO_KLARF\ETL_XLS_TO_KLARF_TEST.py", line 71, in do_file
    raise ex
  File "D:\Ina\ETL_XdmLib_2.A.13\ETL_XdmLib_2.A.13\EDAETL\ETL_TABLE\ETL_POC_XLS_TO_KLARF\ETL_XLS_TO_KLARF_TEST.py", line 59, in do_file
    DataKey[row['defect_code']],
TypeError: string indices must be integers
Stack (most recent call last):
  File "D:\Ina\ETL_XdmLib_2.A.13\ETL_XdmLib_2.A.13\EDAETL\ETL_TABLE\ETL_POC_XLS_TO_KLARF\ETL_XLS_TO_KLARF_TEST.py", line 122, in <module>
    XdmLib.CustomFuction.file2db_init(
  File "D:\Ina\ETL_XdmLib_2.A.13\ETL_XdmLib_2.A.13\EDAETL\ETL_TABLE\ETL_POC_XLS_TO_KLARF\../..\XdmLib\CustomFuction.py", line 631, in file2db_init
    log.error(ex, exc_info=True, stack_info=True)
2023-08-17 15:57:35.946 - CustomFuction [ERROR   ] not enough values to unpack (expected 2, got 1)
Traceback (most recent call last):
  File "D:\Ina\ETL_XdmLib_2.A.13\ETL_XdmLib_2.A.13\EDAETL\ETL_TABLE\ETL_POC_XLS_TO_KLARF\../..\XdmLib\CustomFuction.py", line 596, in file2db_init
    res = do_file(file_root_source_path,
  File "D:\Ina\ETL_XdmLib_2.A.13\ETL_XdmLib_2.A.13\EDAETL\ETL_TABLE\ETL_POC_XLS_TO_KLARF\ETL_XLS_TO_KLARF_TEST.py", line 72, in do_file
    raise ex
  File "D:\Ina\ETL_XdmLib_2.A.13\ETL_XdmLib_2.A.13\EDAETL\ETL_TABLE\ETL_POC_XLS_TO_KLARF\ETL_XLS_TO_KLARF_TEST.py", line 47, in do_file
    for Key,Value in InfoDict:
ValueError: not enough values to unpack (expected 2, got 1)
Stack (most recent call last):
  File "D:\Ina\ETL_XdmLib_2.A.13\ETL_XdmLib_2.A.13\EDAETL\ETL_TABLE\ETL_POC_XLS_TO_KLARF\ETL_XLS_TO_KLARF_TEST.py", line 123, in <module>
    XdmLib.CustomFuction.file2db_init(
  File "D:\Ina\ETL_XdmLib_2.A.13\ETL_XdmLib_2.A.13\EDAETL\ETL_TABLE\ETL_POC_XLS_TO_KLARF\../..\XdmLib\CustomFuction.py", line 631, in file2db_init
    log.error(ex, exc_info=True, stack_info=True)
2023-08-17 16:00:42.404 - CustomFuction [ERROR   ] not enough values to unpack (expected 2, got 1)
Traceback (most recent call last):
  File "D:\Ina\ETL_XdmLib_2.A.13\ETL_XdmLib_2.A.13\EDAETL\ETL_TABLE\ETL_POC_XLS_TO_KLARF\../..\XdmLib\CustomFuction.py", line 596, in file2db_init
    res = do_file(file_root_source_path,
  File "D:\Ina\ETL_XdmLib_2.A.13\ETL_XdmLib_2.A.13\EDAETL\ETL_TABLE\ETL_POC_XLS_TO_KLARF\ETL_XLS_TO_KLARF_TEST.py", line 72, in do_file
    raise ex
  File "D:\Ina\ETL_XdmLib_2.A.13\ETL_XdmLib_2.A.13\EDAETL\ETL_TABLE\ETL_POC_XLS_TO_KLARF\ETL_XLS_TO_KLARF_TEST.py", line 47, in do_file
    for Key,Value in InfoDict:
ValueError: not enough values to unpack (expected 2, got 1)
Stack (most recent call last):
  File "D:\Ina\ETL_XdmLib_2.A.13\ETL_XdmLib_2.A.13\EDAETL\ETL_TABLE\ETL_POC_XLS_TO_KLARF\ETL_XLS_TO_KLARF_TEST.py", line 123, in <module>
    XdmLib.CustomFuction.file2db_init(
  File "D:\Ina\ETL_XdmLib_2.A.13\ETL_XdmLib_2.A.13\EDAETL\ETL_TABLE\ETL_POC_XLS_TO_KLARF\../..\XdmLib\CustomFuction.py", line 631, in file2db_init
    log.error(ex, exc_info=True, stack_info=True)
2023-08-17 16:01:47.435 - CustomFuction [ERROR   ] not enough values to unpack (expected 2, got 1)
Traceback (most recent call last):
  File "D:\Ina\ETL_XdmLib_2.A.13\ETL_XdmLib_2.A.13\EDAETL\ETL_TABLE\ETL_POC_XLS_TO_KLARF\../..\XdmLib\CustomFuction.py", line 596, in file2db_init
    res = do_file(file_root_source_path,
  File "D:\Ina\ETL_XdmLib_2.A.13\ETL_XdmLib_2.A.13\EDAETL\ETL_TABLE\ETL_POC_XLS_TO_KLARF\ETL_XLS_TO_KLARF_TEST.py", line 72, in do_file
    raise ex
  File "D:\Ina\ETL_XdmLib_2.A.13\ETL_XdmLib_2.A.13\EDAETL\ETL_TABLE\ETL_POC_XLS_TO_KLARF\ETL_XLS_TO_KLARF_TEST.py", line 47, in do_file
    for Key,Value in InfoDict:
ValueError: not enough values to unpack (expected 2, got 1)
Stack (most recent call last):
  File "D:\Ina\ETL_XdmLib_2.A.13\ETL_XdmLib_2.A.13\EDAETL\ETL_TABLE\ETL_POC_XLS_TO_KLARF\ETL_XLS_TO_KLARF_TEST.py", line 123, in <module>
    XdmLib.CustomFuction.file2db_init(
  File "D:\Ina\ETL_XdmLib_2.A.13\ETL_XdmLib_2.A.13\EDAETL\ETL_TABLE\ETL_POC_XLS_TO_KLARF\../..\XdmLib\CustomFuction.py", line 631, in file2db_init
    log.error(ex, exc_info=True, stack_info=True)
2023-08-17 16:02:36.283 - CustomFuction [ERROR   ] not enough values to unpack (expected 2, got 1)
Traceback (most recent call last):
  File "D:\Ina\ETL_XdmLib_2.A.13\ETL_XdmLib_2.A.13\EDAETL\ETL_TABLE\ETL_POC_XLS_TO_KLARF\../..\XdmLib\CustomFuction.py", line 596, in file2db_init
    res = do_file(file_root_source_path,
  File "D:\Ina\ETL_XdmLib_2.A.13\ETL_XdmLib_2.A.13\EDAETL\ETL_TABLE\ETL_POC_XLS_TO_KLARF\ETL_XLS_TO_KLARF_TEST.py", line 74, in do_file
    raise ex
  File "D:\Ina\ETL_XdmLib_2.A.13\ETL_XdmLib_2.A.13\EDAETL\ETL_TABLE\ETL_POC_XLS_TO_KLARF\ETL_XLS_TO_KLARF_TEST.py", line 47, in do_file
    for Key,Value in InfoDict:
ValueError: not enough values to unpack (expected 2, got 1)
Stack (most recent call last):
  File "D:\Ina\ETL_XdmLib_2.A.13\ETL_XdmLib_2.A.13\EDAETL\ETL_TABLE\ETL_POC_XLS_TO_KLARF\ETL_XLS_TO_KLARF_TEST.py", line 125, in <module>
    XdmLib.CustomFuction.file2db_init(
  File "D:\Ina\ETL_XdmLib_2.A.13\ETL_XdmLib_2.A.13\EDAETL\ETL_TABLE\ETL_POC_XLS_TO_KLARF\../..\XdmLib\CustomFuction.py", line 631, in file2db_init
    log.error(ex, exc_info=True, stack_info=True)
2023-08-17 16:08:09.195 - CustomFuction [ERROR   ] not enough values to unpack (expected 2, got 1)
Traceback (most recent call last):
  File "D:\Ina\ETL_XdmLib_2.A.13\ETL_XdmLib_2.A.13\EDAETL\ETL_TABLE\ETL_POC_XLS_TO_KLARF\../..\XdmLib\CustomFuction.py", line 596, in file2db_init
    res = do_file(file_root_source_path,
  File "D:\Ina\ETL_XdmLib_2.A.13\ETL_XdmLib_2.A.13\EDAETL\ETL_TABLE\ETL_POC_XLS_TO_KLARF\ETL_XLS_TO_KLARF_TEST.py", line 77, in do_file
    raise ex
  File "D:\Ina\ETL_XdmLib_2.A.13\ETL_XdmLib_2.A.13\EDAETL\ETL_TABLE\ETL_POC_XLS_TO_KLARF\ETL_XLS_TO_KLARF_TEST.py", line 50, in do_file
    for Key,Value in InfoDict:
ValueError: not enough values to unpack (expected 2, got 1)
Stack (most recent call last):
  File "D:\Ina\ETL_XdmLib_2.A.13\ETL_XdmLib_2.A.13\EDAETL\ETL_TABLE\ETL_POC_XLS_TO_KLARF\ETL_XLS_TO_KLARF_TEST.py", line 128, in <module>
    XdmLib.CustomFuction.file2db_init(
  File "D:\Ina\ETL_XdmLib_2.A.13\ETL_XdmLib_2.A.13\EDAETL\ETL_TABLE\ETL_POC_XLS_TO_KLARF\../..\XdmLib\CustomFuction.py", line 631, in file2db_init
    log.error(ex, exc_info=True, stack_info=True)
2023-08-17 16:10:21.150 - CustomFuction [ERROR   ] not enough values to unpack (expected 2, got 1)
Traceback (most recent call last):
  File "D:\Ina\ETL_XdmLib_2.A.13\ETL_XdmLib_2.A.13\EDAETL\ETL_TABLE\ETL_POC_XLS_TO_KLARF\../..\XdmLib\CustomFuction.py", line 596, in file2db_init
    res = do_file(file_root_source_path,
  File "D:\Ina\ETL_XdmLib_2.A.13\ETL_XdmLib_2.A.13\EDAETL\ETL_TABLE\ETL_POC_XLS_TO_KLARF\ETL_XLS_TO_KLARF_TEST.py", line 77, in do_file
    raise ex
  File "D:\Ina\ETL_XdmLib_2.A.13\ETL_XdmLib_2.A.13\EDAETL\ETL_TABLE\ETL_POC_XLS_TO_KLARF\ETL_XLS_TO_KLARF_TEST.py", line 50, in do_file
    for Key,Value in InfoDict:
ValueError: not enough values to unpack (expected 2, got 1)
Stack (most recent call last):
  File "D:\Ina\ETL_XdmLib_2.A.13\ETL_XdmLib_2.A.13\EDAETL\ETL_TABLE\ETL_POC_XLS_TO_KLARF\ETL_XLS_TO_KLARF_TEST.py", line 128, in <module>
    XdmLib.CustomFuction.file2db_init(
  File "D:\Ina\ETL_XdmLib_2.A.13\ETL_XdmLib_2.A.13\EDAETL\ETL_TABLE\ETL_POC_XLS_TO_KLARF\../..\XdmLib\CustomFuction.py", line 631, in file2db_init
    log.error(ex, exc_info=True, stack_info=True)
2023-08-17 16:20:19.919 - CustomFuction [ERROR   ] name 'ContentDict' is not defined
Traceback (most recent call last):
  File "D:\Ina\ETL_XdmLib_2.A.13\ETL_XdmLib_2.A.13\EDAETL\ETL_TABLE\ETL_POC_XLS_TO_KLARF\../..\XdmLib\CustomFuction.py", line 596, in file2db_init
    res = do_file(file_root_source_path,
  File "D:\Ina\ETL_XdmLib_2.A.13\ETL_XdmLib_2.A.13\EDAETL\ETL_TABLE\ETL_POC_XLS_TO_KLARF\ETL_XLS_TO_KLARF_TEST.py", line 37, in do_file
    ContentDict[row['site']]= InfoDict
NameError: name 'ContentDict' is not defined
Stack (most recent call last):
  File "D:\Ina\ETL_XdmLib_2.A.13\ETL_XdmLib_2.A.13\EDAETL\ETL_TABLE\ETL_POC_XLS_TO_KLARF\ETL_XLS_TO_KLARF_TEST.py", line 126, in <module>
    XdmLib.CustomFuction.file2db_init(
  File "D:\Ina\ETL_XdmLib_2.A.13\ETL_XdmLib_2.A.13\EDAETL\ETL_TABLE\ETL_POC_XLS_TO_KLARF\../..\XdmLib\CustomFuction.py", line 631, in file2db_init
    log.error(ex, exc_info=True, stack_info=True)
2023-08-17 16:20:19.938 - CustomFuction [ERROR   ] Move File Error
2023-08-17 16:20:19.939 - CustomFuction [ERROR   ] '.\\\\Data\\\\Source\\BN06772\uf7fb.xls' and 'Data\\Source\\BN06772\uf7fb.xls' are the same file
Traceback (most recent call last):
  File "D:\Ina\ETL_XdmLib_2.A.13\ETL_XdmLib_2.A.13\EDAETL\ETL_TABLE\ETL_POC_XLS_TO_KLARF\../..\XdmLib\CustomFuction.py", line 596, in file2db_init
    res = do_file(file_root_source_path,
  File "D:\Ina\ETL_XdmLib_2.A.13\ETL_XdmLib_2.A.13\EDAETL\ETL_TABLE\ETL_POC_XLS_TO_KLARF\ETL_XLS_TO_KLARF_TEST.py", line 37, in do_file
    ContentDict[row['site']]= InfoDict
NameError: name 'ContentDict' is not defined

During handling of the above exception, another exception occurred:

Traceback (most recent call last):
  File "D:\soft\anaconda3\lib\shutil.py", line 823, in move
    os.rename(src, real_dst)
PermissionError: [WinError 32] : '.\\\\Data\\\\Source\\BN06772\uf7fb.xls' -> 'Data\\Source\\BN06772\uf7fb.xls'

During handling of the above exception, another exception occurred:

Traceback (most recent call last):
  File "D:\Ina\ETL_XdmLib_2.A.13\ETL_XdmLib_2.A.13\EDAETL\ETL_TABLE\ETL_POC_XLS_TO_KLARF\../..\XdmLib\CustomFuction.py", line 1035, in move_file
    msg = shutil.move(os.path.join(source_path, fileName),
  File "D:\soft\anaconda3\lib\shutil.py", line 843, in move
    copy_function(src, real_dst)
  File "D:\soft\anaconda3\lib\shutil.py", line 444, in copy2
    copyfile(src, dst, follow_symlinks=follow_symlinks)
  File "D:\soft\anaconda3\lib\shutil.py", line 244, in copyfile
    raise SameFileError("{!r} and {!r} are the same file".format(src, dst))
shutil.SameFileError: '.\\\\Data\\\\Source\\BN06772\uf7fb.xls' and 'Data\\Source\\BN06772\uf7fb.xls' are the same file
Stack (most recent call last):
  File "D:\Ina\ETL_XdmLib_2.A.13\ETL_XdmLib_2.A.13\EDAETL\ETL_TABLE\ETL_POC_XLS_TO_KLARF\ETL_XLS_TO_KLARF_TEST.py", line 126, in <module>
    XdmLib.CustomFuction.file2db_init(
  File "D:\Ina\ETL_XdmLib_2.A.13\ETL_XdmLib_2.A.13\EDAETL\ETL_TABLE\ETL_POC_XLS_TO_KLARF\../..\XdmLib\CustomFuction.py", line 646, in file2db_init
    move_file_self(move_file_info)
  File "D:\Ina\ETL_XdmLib_2.A.13\ETL_XdmLib_2.A.13\EDAETL\ETL_TABLE\ETL_POC_XLS_TO_KLARF\../..\XdmLib\CustomFuction.py", line 1044, in move_file
    log.error(ex, exc_info=True, stack_info=True)
2023-08-17 16:21:55.853 - CustomFuction [ERROR   ] name 'ContentDict' is not defined
Traceback (most recent call last):
  File "D:\Ina\ETL_XdmLib_2.A.13\ETL_XdmLib_2.A.13\EDAETL\ETL_TABLE\ETL_POC_XLS_TO_KLARF\../..\XdmLib\CustomFuction.py", line 596, in file2db_init
    res = do_file(file_root_source_path,
  File "D:\Ina\ETL_XdmLib_2.A.13\ETL_XdmLib_2.A.13\EDAETL\ETL_TABLE\ETL_POC_XLS_TO_KLARF\ETL_XLS_TO_KLARF_TEST.py", line 37, in do_file
    ContentDict[row['site']]= InfoDict
NameError: name 'ContentDict' is not defined
Stack (most recent call last):
  File "D:\Ina\ETL_XdmLib_2.A.13\ETL_XdmLib_2.A.13\EDAETL\ETL_TABLE\ETL_POC_XLS_TO_KLARF\ETL_XLS_TO_KLARF_TEST.py", line 126, in <module>
    XdmLib.CustomFuction.file2db_init(
  File "D:\Ina\ETL_XdmLib_2.A.13\ETL_XdmLib_2.A.13\EDAETL\ETL_TABLE\ETL_POC_XLS_TO_KLARF\../..\XdmLib\CustomFuction.py", line 631, in file2db_init
    log.error(ex, exc_info=True, stack_info=True)
2023-08-17 16:21:55.872 - CustomFuction [ERROR   ] Move File Error
2023-08-17 16:21:55.872 - CustomFuction [ERROR   ] '.\\\\Data\\\\Source\\BN06772\uf7fb.xls' and 'Data\\Source\\BN06772\uf7fb.xls' are the same file
Traceback (most recent call last):
  File "D:\Ina\ETL_XdmLib_2.A.13\ETL_XdmLib_2.A.13\EDAETL\ETL_TABLE\ETL_POC_XLS_TO_KLARF\../..\XdmLib\CustomFuction.py", line 596, in file2db_init
    res = do_file(file_root_source_path,
  File "D:\Ina\ETL_XdmLib_2.A.13\ETL_XdmLib_2.A.13\EDAETL\ETL_TABLE\ETL_POC_XLS_TO_KLARF\ETL_XLS_TO_KLARF_TEST.py", line 37, in do_file
    ContentDict[row['site']]= InfoDict
NameError: name 'ContentDict' is not defined

During handling of the above exception, another exception occurred:

Traceback (most recent call last):
  File "D:\soft\anaconda3\lib\shutil.py", line 823, in move
    os.rename(src, real_dst)
PermissionError: [WinError 32] : '.\\\\Data\\\\Source\\BN06772\uf7fb.xls' -> 'Data\\Source\\BN06772\uf7fb.xls'

During handling of the above exception, another exception occurred:

Traceback (most recent call last):
  File "D:\Ina\ETL_XdmLib_2.A.13\ETL_XdmLib_2.A.13\EDAETL\ETL_TABLE\ETL_POC_XLS_TO_KLARF\../..\XdmLib\CustomFuction.py", line 1035, in move_file
    msg = shutil.move(os.path.join(source_path, fileName),
  File "D:\soft\anaconda3\lib\shutil.py", line 843, in move
    copy_function(src, real_dst)
  File "D:\soft\anaconda3\lib\shutil.py", line 444, in copy2
    copyfile(src, dst, follow_symlinks=follow_symlinks)
  File "D:\soft\anaconda3\lib\shutil.py", line 244, in copyfile
    raise SameFileError("{!r} and {!r} are the same file".format(src, dst))
shutil.SameFileError: '.\\\\Data\\\\Source\\BN06772\uf7fb.xls' and 'Data\\Source\\BN06772\uf7fb.xls' are the same file
Stack (most recent call last):
  File "D:\Ina\ETL_XdmLib_2.A.13\ETL_XdmLib_2.A.13\EDAETL\ETL_TABLE\ETL_POC_XLS_TO_KLARF\ETL_XLS_TO_KLARF_TEST.py", line 126, in <module>
    XdmLib.CustomFuction.file2db_init(
  File "D:\Ina\ETL_XdmLib_2.A.13\ETL_XdmLib_2.A.13\EDAETL\ETL_TABLE\ETL_POC_XLS_TO_KLARF\../..\XdmLib\CustomFuction.py", line 646, in file2db_init
    move_file_self(move_file_info)
  File "D:\Ina\ETL_XdmLib_2.A.13\ETL_XdmLib_2.A.13\EDAETL\ETL_TABLE\ETL_POC_XLS_TO_KLARF\../..\XdmLib\CustomFuction.py", line 1044, in move_file
    log.error(ex, exc_info=True, stack_info=True)
2023-08-17 16:23:34.182 - CustomFuction [ERROR   ] not enough values to unpack (expected 2, got 1)
Traceback (most recent call last):
  File "D:\Ina\ETL_XdmLib_2.A.13\ETL_XdmLib_2.A.13\EDAETL\ETL_TABLE\ETL_POC_XLS_TO_KLARF\../..\XdmLib\CustomFuction.py", line 596, in file2db_init
    res = do_file(file_root_source_path,
  File "D:\Ina\ETL_XdmLib_2.A.13\ETL_XdmLib_2.A.13\EDAETL\ETL_TABLE\ETL_POC_XLS_TO_KLARF\ETL_XLS_TO_KLARF_TEST.py", line 77, in do_file
    raise ex
  File "D:\Ina\ETL_XdmLib_2.A.13\ETL_XdmLib_2.A.13\EDAETL\ETL_TABLE\ETL_POC_XLS_TO_KLARF\ETL_XLS_TO_KLARF_TEST.py", line 50, in do_file
    for Key,Value in InfoDict:
ValueError: not enough values to unpack (expected 2, got 1)
Stack (most recent call last):
  File "D:\Ina\ETL_XdmLib_2.A.13\ETL_XdmLib_2.A.13\EDAETL\ETL_TABLE\ETL_POC_XLS_TO_KLARF\ETL_XLS_TO_KLARF_TEST.py", line 128, in <module>
    XdmLib.CustomFuction.file2db_init(
  File "D:\Ina\ETL_XdmLib_2.A.13\ETL_XdmLib_2.A.13\EDAETL\ETL_TABLE\ETL_POC_XLS_TO_KLARF\../..\XdmLib\CustomFuction.py", line 631, in file2db_init
    log.error(ex, exc_info=True, stack_info=True)
2023-08-17 16:23:34.201 - CustomFuction [ERROR   ] Move File Error
2023-08-17 16:23:34.202 - CustomFuction [ERROR   ] '.\\\\Data\\\\Source\\BN06772\uf7fb.xls' and 'Data\\Source\\BN06772\uf7fb.xls' are the same file
Traceback (most recent call last):
  File "D:\Ina\ETL_XdmLib_2.A.13\ETL_XdmLib_2.A.13\EDAETL\ETL_TABLE\ETL_POC_XLS_TO_KLARF\../..\XdmLib\CustomFuction.py", line 596, in file2db_init
    res = do_file(file_root_source_path,
  File "D:\Ina\ETL_XdmLib_2.A.13\ETL_XdmLib_2.A.13\EDAETL\ETL_TABLE\ETL_POC_XLS_TO_KLARF\ETL_XLS_TO_KLARF_TEST.py", line 77, in do_file
    raise ex
  File "D:\Ina\ETL_XdmLib_2.A.13\ETL_XdmLib_2.A.13\EDAETL\ETL_TABLE\ETL_POC_XLS_TO_KLARF\ETL_XLS_TO_KLARF_TEST.py", line 50, in do_file
    for Key,Value in InfoDict:
ValueError: not enough values to unpack (expected 2, got 1)

During handling of the above exception, another exception occurred:

Traceback (most recent call last):
  File "D:\soft\anaconda3\lib\shutil.py", line 823, in move
    os.rename(src, real_dst)
PermissionError: [WinError 32] : '.\\\\Data\\\\Source\\BN06772\uf7fb.xls' -> 'Data\\Source\\BN06772\uf7fb.xls'

During handling of the above exception, another exception occurred:

Traceback (most recent call last):
  File "D:\Ina\ETL_XdmLib_2.A.13\ETL_XdmLib_2.A.13\EDAETL\ETL_TABLE\ETL_POC_XLS_TO_KLARF\../..\XdmLib\CustomFuction.py", line 1035, in move_file
    msg = shutil.move(os.path.join(source_path, fileName),
  File "D:\soft\anaconda3\lib\shutil.py", line 843, in move
    copy_function(src, real_dst)
  File "D:\soft\anaconda3\lib\shutil.py", line 444, in copy2
    copyfile(src, dst, follow_symlinks=follow_symlinks)
  File "D:\soft\anaconda3\lib\shutil.py", line 244, in copyfile
    raise SameFileError("{!r} and {!r} are the same file".format(src, dst))
shutil.SameFileError: '.\\\\Data\\\\Source\\BN06772\uf7fb.xls' and 'Data\\Source\\BN06772\uf7fb.xls' are the same file
Stack (most recent call last):
  File "D:\Ina\ETL_XdmLib_2.A.13\ETL_XdmLib_2.A.13\EDAETL\ETL_TABLE\ETL_POC_XLS_TO_KLARF\ETL_XLS_TO_KLARF_TEST.py", line 128, in <module>
    XdmLib.CustomFuction.file2db_init(
  File "D:\Ina\ETL_XdmLib_2.A.13\ETL_XdmLib_2.A.13\EDAETL\ETL_TABLE\ETL_POC_XLS_TO_KLARF\../..\XdmLib\CustomFuction.py", line 646, in file2db_init
    move_file_self(move_file_info)
  File "D:\Ina\ETL_XdmLib_2.A.13\ETL_XdmLib_2.A.13\EDAETL\ETL_TABLE\ETL_POC_XLS_TO_KLARF\../..\XdmLib\CustomFuction.py", line 1044, in move_file
    log.error(ex, exc_info=True, stack_info=True)
2023-08-17 16:24:38.958 - CustomFuction [ERROR   ] not enough values to unpack (expected 2, got 1)
Traceback (most recent call last):
  File "D:\Ina\ETL_XdmLib_2.A.13\ETL_XdmLib_2.A.13\EDAETL\ETL_TABLE\ETL_POC_XLS_TO_KLARF\../..\XdmLib\CustomFuction.py", line 596, in file2db_init
    res = do_file(file_root_source_path,
  File "D:\Ina\ETL_XdmLib_2.A.13\ETL_XdmLib_2.A.13\EDAETL\ETL_TABLE\ETL_POC_XLS_TO_KLARF\ETL_XLS_TO_KLARF_TEST.py", line 77, in do_file
    raise ex
  File "D:\Ina\ETL_XdmLib_2.A.13\ETL_XdmLib_2.A.13\EDAETL\ETL_TABLE\ETL_POC_XLS_TO_KLARF\ETL_XLS_TO_KLARF_TEST.py", line 50, in do_file
    for Key,Value in InfoDict:
ValueError: not enough values to unpack (expected 2, got 1)
Stack (most recent call last):
  File "D:\Ina\ETL_XdmLib_2.A.13\ETL_XdmLib_2.A.13\EDAETL\ETL_TABLE\ETL_POC_XLS_TO_KLARF\ETL_XLS_TO_KLARF_TEST.py", line 128, in <module>
    XdmLib.CustomFuction.file2db_init(
  File "D:\Ina\ETL_XdmLib_2.A.13\ETL_XdmLib_2.A.13\EDAETL\ETL_TABLE\ETL_POC_XLS_TO_KLARF\../..\XdmLib\CustomFuction.py", line 631, in file2db_init
    log.error(ex, exc_info=True, stack_info=True)
2023-08-17 16:24:38.977 - CustomFuction [ERROR   ] Move File Error
2023-08-17 16:24:38.978 - CustomFuction [ERROR   ] '.\\\\Data\\\\Source\\BN06772\uf7fb.xls' and 'Data\\Source\\BN06772\uf7fb.xls' are the same file
Traceback (most recent call last):
  File "D:\Ina\ETL_XdmLib_2.A.13\ETL_XdmLib_2.A.13\EDAETL\ETL_TABLE\ETL_POC_XLS_TO_KLARF\../..\XdmLib\CustomFuction.py", line 596, in file2db_init
    res = do_file(file_root_source_path,
  File "D:\Ina\ETL_XdmLib_2.A.13\ETL_XdmLib_2.A.13\EDAETL\ETL_TABLE\ETL_POC_XLS_TO_KLARF\ETL_XLS_TO_KLARF_TEST.py", line 77, in do_file
    raise ex
  File "D:\Ina\ETL_XdmLib_2.A.13\ETL_XdmLib_2.A.13\EDAETL\ETL_TABLE\ETL_POC_XLS_TO_KLARF\ETL_XLS_TO_KLARF_TEST.py", line 50, in do_file
    for Key,Value in InfoDict:
ValueError: not enough values to unpack (expected 2, got 1)

During handling of the above exception, another exception occurred:

Traceback (most recent call last):
  File "D:\soft\anaconda3\lib\shutil.py", line 823, in move
    os.rename(src, real_dst)
PermissionError: [WinError 32] : '.\\\\Data\\\\Source\\BN06772\uf7fb.xls' -> 'Data\\Source\\BN06772\uf7fb.xls'

During handling of the above exception, another exception occurred:

Traceback (most recent call last):
  File "D:\Ina\ETL_XdmLib_2.A.13\ETL_XdmLib_2.A.13\EDAETL\ETL_TABLE\ETL_POC_XLS_TO_KLARF\../..\XdmLib\CustomFuction.py", line 1035, in move_file
    msg = shutil.move(os.path.join(source_path, fileName),
  File "D:\soft\anaconda3\lib\shutil.py", line 843, in move
    copy_function(src, real_dst)
  File "D:\soft\anaconda3\lib\shutil.py", line 444, in copy2
    copyfile(src, dst, follow_symlinks=follow_symlinks)
  File "D:\soft\anaconda3\lib\shutil.py", line 244, in copyfile
    raise SameFileError("{!r} and {!r} are the same file".format(src, dst))
shutil.SameFileError: '.\\\\Data\\\\Source\\BN06772\uf7fb.xls' and 'Data\\Source\\BN06772\uf7fb.xls' are the same file
Stack (most recent call last):
  File "D:\Ina\ETL_XdmLib_2.A.13\ETL_XdmLib_2.A.13\EDAETL\ETL_TABLE\ETL_POC_XLS_TO_KLARF\ETL_XLS_TO_KLARF_TEST.py", line 128, in <module>
    XdmLib.CustomFuction.file2db_init(
  File "D:\Ina\ETL_XdmLib_2.A.13\ETL_XdmLib_2.A.13\EDAETL\ETL_TABLE\ETL_POC_XLS_TO_KLARF\../..\XdmLib\CustomFuction.py", line 646, in file2db_init
    move_file_self(move_file_info)
  File "D:\Ina\ETL_XdmLib_2.A.13\ETL_XdmLib_2.A.13\EDAETL\ETL_TABLE\ETL_POC_XLS_TO_KLARF\../..\XdmLib\CustomFuction.py", line 1044, in move_file
    log.error(ex, exc_info=True, stack_info=True)
2023-08-17 16:28:36.198 - CustomFuction [ERROR   ] not enough values to unpack (expected 2, got 1)
Traceback (most recent call last):
  File "D:\Ina\ETL_XdmLib_2.A.13\ETL_XdmLib_2.A.13\EDAETL\ETL_TABLE\ETL_POC_XLS_TO_KLARF\../..\XdmLib\CustomFuction.py", line 596, in file2db_init
    res = do_file(file_root_source_path,
  File "D:\Ina\ETL_XdmLib_2.A.13\ETL_XdmLib_2.A.13\EDAETL\ETL_TABLE\ETL_POC_XLS_TO_KLARF\ETL_XLS_TO_KLARF_TEST.py", line 77, in do_file
    raise ex
  File "D:\Ina\ETL_XdmLib_2.A.13\ETL_XdmLib_2.A.13\EDAETL\ETL_TABLE\ETL_POC_XLS_TO_KLARF\ETL_XLS_TO_KLARF_TEST.py", line 50, in do_file
    for Key,Value in InfoDict:
ValueError: not enough values to unpack (expected 2, got 1)
Stack (most recent call last):
  File "D:\Ina\ETL_XdmLib_2.A.13\ETL_XdmLib_2.A.13\EDAETL\ETL_TABLE\ETL_POC_XLS_TO_KLARF\ETL_XLS_TO_KLARF_TEST.py", line 128, in <module>
    XdmLib.CustomFuction.file2db_init(
  File "D:\Ina\ETL_XdmLib_2.A.13\ETL_XdmLib_2.A.13\EDAETL\ETL_TABLE\ETL_POC_XLS_TO_KLARF\../..\XdmLib\CustomFuction.py", line 631, in file2db_init
    log.error(ex, exc_info=True, stack_info=True)
2023-08-17 16:28:36.217 - CustomFuction [ERROR   ] Move File Error
2023-08-17 16:28:36.218 - CustomFuction [ERROR   ] '.\\\\Data\\\\Source\\BN06772\uf7fb.xls' and 'Data\\Source\\BN06772\uf7fb.xls' are the same file
Traceback (most recent call last):
  File "D:\Ina\ETL_XdmLib_2.A.13\ETL_XdmLib_2.A.13\EDAETL\ETL_TABLE\ETL_POC_XLS_TO_KLARF\../..\XdmLib\CustomFuction.py", line 596, in file2db_init
    res = do_file(file_root_source_path,
  File "D:\Ina\ETL_XdmLib_2.A.13\ETL_XdmLib_2.A.13\EDAETL\ETL_TABLE\ETL_POC_XLS_TO_KLARF\ETL_XLS_TO_KLARF_TEST.py", line 77, in do_file
    raise ex
  File "D:\Ina\ETL_XdmLib_2.A.13\ETL_XdmLib_2.A.13\EDAETL\ETL_TABLE\ETL_POC_XLS_TO_KLARF\ETL_XLS_TO_KLARF_TEST.py", line 50, in do_file
    for Key,Value in InfoDict:
ValueError: not enough values to unpack (expected 2, got 1)

During handling of the above exception, another exception occurred:

Traceback (most recent call last):
  File "D:\soft\anaconda3\lib\shutil.py", line 823, in move
    os.rename(src, real_dst)
PermissionError: [WinError 32] : '.\\\\Data\\\\Source\\BN06772\uf7fb.xls' -> 'Data\\Source\\BN06772\uf7fb.xls'

During handling of the above exception, another exception occurred:

Traceback (most recent call last):
  File "D:\Ina\ETL_XdmLib_2.A.13\ETL_XdmLib_2.A.13\EDAETL\ETL_TABLE\ETL_POC_XLS_TO_KLARF\../..\XdmLib\CustomFuction.py", line 1035, in move_file
    msg = shutil.move(os.path.join(source_path, fileName),
  File "D:\soft\anaconda3\lib\shutil.py", line 843, in move
    copy_function(src, real_dst)
  File "D:\soft\anaconda3\lib\shutil.py", line 444, in copy2
    copyfile(src, dst, follow_symlinks=follow_symlinks)
  File "D:\soft\anaconda3\lib\shutil.py", line 244, in copyfile
    raise SameFileError("{!r} and {!r} are the same file".format(src, dst))
shutil.SameFileError: '.\\\\Data\\\\Source\\BN06772\uf7fb.xls' and 'Data\\Source\\BN06772\uf7fb.xls' are the same file
Stack (most recent call last):
  File "D:\Ina\ETL_XdmLib_2.A.13\ETL_XdmLib_2.A.13\EDAETL\ETL_TABLE\ETL_POC_XLS_TO_KLARF\ETL_XLS_TO_KLARF_TEST.py", line 128, in <module>
    XdmLib.CustomFuction.file2db_init(
  File "D:\Ina\ETL_XdmLib_2.A.13\ETL_XdmLib_2.A.13\EDAETL\ETL_TABLE\ETL_POC_XLS_TO_KLARF\../..\XdmLib\CustomFuction.py", line 646, in file2db_init
    move_file_self(move_file_info)
  File "D:\Ina\ETL_XdmLib_2.A.13\ETL_XdmLib_2.A.13\EDAETL\ETL_TABLE\ETL_POC_XLS_TO_KLARF\../..\XdmLib\CustomFuction.py", line 1044, in move_file
    log.error(ex, exc_info=True, stack_info=True)
2023-08-17 16:31:11.486 - CustomFuction [ERROR   ] not enough values to unpack (expected 2, got 1)
Traceback (most recent call last):
  File "D:\Ina\ETL_XdmLib_2.A.13\ETL_XdmLib_2.A.13\EDAETL\ETL_TABLE\ETL_POC_XLS_TO_KLARF\../..\XdmLib\CustomFuction.py", line 596, in file2db_init
    res = do_file(file_root_source_path,
  File "D:\Ina\ETL_XdmLib_2.A.13\ETL_XdmLib_2.A.13\EDAETL\ETL_TABLE\ETL_POC_XLS_TO_KLARF\ETL_XLS_TO_KLARF_TEST.py", line 78, in do_file
    raise ex
  File "D:\Ina\ETL_XdmLib_2.A.13\ETL_XdmLib_2.A.13\EDAETL\ETL_TABLE\ETL_POC_XLS_TO_KLARF\ETL_XLS_TO_KLARF_TEST.py", line 51, in do_file
    for Key,Value in InfoDict:
ValueError: not enough values to unpack (expected 2, got 1)
Stack (most recent call last):
  File "D:\Ina\ETL_XdmLib_2.A.13\ETL_XdmLib_2.A.13\EDAETL\ETL_TABLE\ETL_POC_XLS_TO_KLARF\ETL_XLS_TO_KLARF_TEST.py", line 129, in <module>
    XdmLib.CustomFuction.file2db_init(
  File "D:\Ina\ETL_XdmLib_2.A.13\ETL_XdmLib_2.A.13\EDAETL\ETL_TABLE\ETL_POC_XLS_TO_KLARF\../..\XdmLib\CustomFuction.py", line 631, in file2db_init
    log.error(ex, exc_info=True, stack_info=True)
2023-08-17 16:31:11.504 - CustomFuction [ERROR   ] Move File Error
2023-08-17 16:31:11.505 - CustomFuction [ERROR   ] '.\\\\Data\\\\Source\\BN06772\uf7fb.xls' and 'Data\\Source\\BN06772\uf7fb.xls' are the same file
Traceback (most recent call last):
  File "D:\Ina\ETL_XdmLib_2.A.13\ETL_XdmLib_2.A.13\EDAETL\ETL_TABLE\ETL_POC_XLS_TO_KLARF\../..\XdmLib\CustomFuction.py", line 596, in file2db_init
    res = do_file(file_root_source_path,
  File "D:\Ina\ETL_XdmLib_2.A.13\ETL_XdmLib_2.A.13\EDAETL\ETL_TABLE\ETL_POC_XLS_TO_KLARF\ETL_XLS_TO_KLARF_TEST.py", line 78, in do_file
    raise ex
  File "D:\Ina\ETL_XdmLib_2.A.13\ETL_XdmLib_2.A.13\EDAETL\ETL_TABLE\ETL_POC_XLS_TO_KLARF\ETL_XLS_TO_KLARF_TEST.py", line 51, in do_file
    for Key,Value in InfoDict:
ValueError: not enough values to unpack (expected 2, got 1)

During handling of the above exception, another exception occurred:

Traceback (most recent call last):
  File "D:\soft\anaconda3\lib\shutil.py", line 823, in move
    os.rename(src, real_dst)
PermissionError: [WinError 32] : '.\\\\Data\\\\Source\\BN06772\uf7fb.xls' -> 'Data\\Source\\BN06772\uf7fb.xls'

During handling of the above exception, another exception occurred:

Traceback (most recent call last):
  File "D:\Ina\ETL_XdmLib_2.A.13\ETL_XdmLib_2.A.13\EDAETL\ETL_TABLE\ETL_POC_XLS_TO_KLARF\../..\XdmLib\CustomFuction.py", line 1035, in move_file
    msg = shutil.move(os.path.join(source_path, fileName),
  File "D:\soft\anaconda3\lib\shutil.py", line 843, in move
    copy_function(src, real_dst)
  File "D:\soft\anaconda3\lib\shutil.py", line 444, in copy2
    copyfile(src, dst, follow_symlinks=follow_symlinks)
  File "D:\soft\anaconda3\lib\shutil.py", line 244, in copyfile
    raise SameFileError("{!r} and {!r} are the same file".format(src, dst))
shutil.SameFileError: '.\\\\Data\\\\Source\\BN06772\uf7fb.xls' and 'Data\\Source\\BN06772\uf7fb.xls' are the same file
Stack (most recent call last):
  File "D:\Ina\ETL_XdmLib_2.A.13\ETL_XdmLib_2.A.13\EDAETL\ETL_TABLE\ETL_POC_XLS_TO_KLARF\ETL_XLS_TO_KLARF_TEST.py", line 129, in <module>
    XdmLib.CustomFuction.file2db_init(
  File "D:\Ina\ETL_XdmLib_2.A.13\ETL_XdmLib_2.A.13\EDAETL\ETL_TABLE\ETL_POC_XLS_TO_KLARF\../..\XdmLib\CustomFuction.py", line 646, in file2db_init
    move_file_self(move_file_info)
  File "D:\Ina\ETL_XdmLib_2.A.13\ETL_XdmLib_2.A.13\EDAETL\ETL_TABLE\ETL_POC_XLS_TO_KLARF\../..\XdmLib\CustomFuction.py", line 1044, in move_file
    log.error(ex, exc_info=True, stack_info=True)
2023-08-17 16:36:39.531 - CustomFuction [ERROR   ] 'builtin_function_or_method' object is not iterable
Traceback (most recent call last):
  File "D:\Ina\ETL_XdmLib_2.A.13\ETL_XdmLib_2.A.13\EDAETL\ETL_TABLE\ETL_POC_XLS_TO_KLARF\../..\XdmLib\CustomFuction.py", line 596, in file2db_init
    res = do_file(file_root_source_path,
  File "D:\Ina\ETL_XdmLib_2.A.13\ETL_XdmLib_2.A.13\EDAETL\ETL_TABLE\ETL_POC_XLS_TO_KLARF\ETL_XLS_TO_KLARF_TEST.py", line 78, in do_file
    raise ex
  File "D:\Ina\ETL_XdmLib_2.A.13\ETL_XdmLib_2.A.13\EDAETL\ETL_TABLE\ETL_POC_XLS_TO_KLARF\ETL_XLS_TO_KLARF_TEST.py", line 51, in do_file
    for Key,Value in InfoDict.items:
TypeError: 'builtin_function_or_method' object is not iterable
Stack (most recent call last):
  File "D:\Ina\ETL_XdmLib_2.A.13\ETL_XdmLib_2.A.13\EDAETL\ETL_TABLE\ETL_POC_XLS_TO_KLARF\ETL_XLS_TO_KLARF_TEST.py", line 129, in <module>
    XdmLib.CustomFuction.file2db_init(
  File "D:\Ina\ETL_XdmLib_2.A.13\ETL_XdmLib_2.A.13\EDAETL\ETL_TABLE\ETL_POC_XLS_TO_KLARF\../..\XdmLib\CustomFuction.py", line 631, in file2db_init
    log.error(ex, exc_info=True, stack_info=True)
2023-08-17 16:36:39.552 - CustomFuction [ERROR   ] Move File Error
2023-08-17 16:36:39.553 - CustomFuction [ERROR   ] '.\\\\Data\\\\Source\\BN06772\uf7fb.xls' and 'Data\\Source\\BN06772\uf7fb.xls' are the same file
Traceback (most recent call last):
  File "D:\Ina\ETL_XdmLib_2.A.13\ETL_XdmLib_2.A.13\EDAETL\ETL_TABLE\ETL_POC_XLS_TO_KLARF\../..\XdmLib\CustomFuction.py", line 596, in file2db_init
    res = do_file(file_root_source_path,
  File "D:\Ina\ETL_XdmLib_2.A.13\ETL_XdmLib_2.A.13\EDAETL\ETL_TABLE\ETL_POC_XLS_TO_KLARF\ETL_XLS_TO_KLARF_TEST.py", line 78, in do_file
    raise ex
  File "D:\Ina\ETL_XdmLib_2.A.13\ETL_XdmLib_2.A.13\EDAETL\ETL_TABLE\ETL_POC_XLS_TO_KLARF\ETL_XLS_TO_KLARF_TEST.py", line 51, in do_file
    for Key,Value in InfoDict.items:
TypeError: 'builtin_function_or_method' object is not iterable

During handling of the above exception, another exception occurred:

Traceback (most recent call last):
  File "D:\soft\anaconda3\lib\shutil.py", line 823, in move
    os.rename(src, real_dst)
PermissionError: [WinError 32] : '.\\\\Data\\\\Source\\BN06772\uf7fb.xls' -> 'Data\\Source\\BN06772\uf7fb.xls'

During handling of the above exception, another exception occurred:

Traceback (most recent call last):
  File "D:\Ina\ETL_XdmLib_2.A.13\ETL_XdmLib_2.A.13\EDAETL\ETL_TABLE\ETL_POC_XLS_TO_KLARF\../..\XdmLib\CustomFuction.py", line 1035, in move_file
    msg = shutil.move(os.path.join(source_path, fileName),
  File "D:\soft\anaconda3\lib\shutil.py", line 843, in move
    copy_function(src, real_dst)
  File "D:\soft\anaconda3\lib\shutil.py", line 444, in copy2
    copyfile(src, dst, follow_symlinks=follow_symlinks)
  File "D:\soft\anaconda3\lib\shutil.py", line 244, in copyfile
    raise SameFileError("{!r} and {!r} are the same file".format(src, dst))
shutil.SameFileError: '.\\\\Data\\\\Source\\BN06772\uf7fb.xls' and 'Data\\Source\\BN06772\uf7fb.xls' are the same file
Stack (most recent call last):
  File "D:\Ina\ETL_XdmLib_2.A.13\ETL_XdmLib_2.A.13\EDAETL\ETL_TABLE\ETL_POC_XLS_TO_KLARF\ETL_XLS_TO_KLARF_TEST.py", line 129, in <module>
    XdmLib.CustomFuction.file2db_init(
  File "D:\Ina\ETL_XdmLib_2.A.13\ETL_XdmLib_2.A.13\EDAETL\ETL_TABLE\ETL_POC_XLS_TO_KLARF\../..\XdmLib\CustomFuction.py", line 646, in file2db_init
    move_file_self(move_file_info)
  File "D:\Ina\ETL_XdmLib_2.A.13\ETL_XdmLib_2.A.13\EDAETL\ETL_TABLE\ETL_POC_XLS_TO_KLARF\../..\XdmLib\CustomFuction.py", line 1044, in move_file
    log.error(ex, exc_info=True, stack_info=True)
2023-08-17 16:39:31.698 - CustomFuction [ERROR   ] 'float' object is not subscriptable
Traceback (most recent call last):
  File "D:\Ina\ETL_XdmLib_2.A.13\ETL_XdmLib_2.A.13\EDAETL\ETL_TABLE\ETL_POC_XLS_TO_KLARF\../..\XdmLib\CustomFuction.py", line 596, in file2db_init
    res = do_file(file_root_source_path,
  File "D:\Ina\ETL_XdmLib_2.A.13\ETL_XdmLib_2.A.13\EDAETL\ETL_TABLE\ETL_POC_XLS_TO_KLARF\ETL_XLS_TO_KLARF_TEST.py", line 78, in do_file
    raise ex
  File "D:\Ina\ETL_XdmLib_2.A.13\ETL_XdmLib_2.A.13\EDAETL\ETL_TABLE\ETL_POC_XLS_TO_KLARF\ETL_XLS_TO_KLARF_TEST.py", line 53, in do_file
    print(DefectCodesDict[Value['defect_code']])
TypeError: 'float' object is not subscriptable
Stack (most recent call last):
  File "D:\Ina\ETL_XdmLib_2.A.13\ETL_XdmLib_2.A.13\EDAETL\ETL_TABLE\ETL_POC_XLS_TO_KLARF\ETL_XLS_TO_KLARF_TEST.py", line 129, in <module>
    XdmLib.CustomFuction.file2db_init(
  File "D:\Ina\ETL_XdmLib_2.A.13\ETL_XdmLib_2.A.13\EDAETL\ETL_TABLE\ETL_POC_XLS_TO_KLARF\../..\XdmLib\CustomFuction.py", line 631, in file2db_init
    log.error(ex, exc_info=True, stack_info=True)
2023-08-17 16:39:31.717 - CustomFuction [ERROR   ] Move File Error
2023-08-17 16:39:31.718 - CustomFuction [ERROR   ] '.\\\\Data\\\\Source\\BN06772\uf7fb.xls' and 'Data\\Source\\BN06772\uf7fb.xls' are the same file
Traceback (most recent call last):
  File "D:\Ina\ETL_XdmLib_2.A.13\ETL_XdmLib_2.A.13\EDAETL\ETL_TABLE\ETL_POC_XLS_TO_KLARF\../..\XdmLib\CustomFuction.py", line 596, in file2db_init
    res = do_file(file_root_source_path,
  File "D:\Ina\ETL_XdmLib_2.A.13\ETL_XdmLib_2.A.13\EDAETL\ETL_TABLE\ETL_POC_XLS_TO_KLARF\ETL_XLS_TO_KLARF_TEST.py", line 78, in do_file
    raise ex
  File "D:\Ina\ETL_XdmLib_2.A.13\ETL_XdmLib_2.A.13\EDAETL\ETL_TABLE\ETL_POC_XLS_TO_KLARF\ETL_XLS_TO_KLARF_TEST.py", line 53, in do_file
    print(DefectCodesDict[Value['defect_code']])
TypeError: 'float' object is not subscriptable

During handling of the above exception, another exception occurred:

Traceback (most recent call last):
  File "D:\soft\anaconda3\lib\shutil.py", line 823, in move
    os.rename(src, real_dst)
PermissionError: [WinError 32] : '.\\\\Data\\\\Source\\BN06772\uf7fb.xls' -> 'Data\\Source\\BN06772\uf7fb.xls'

During handling of the above exception, another exception occurred:

Traceback (most recent call last):
  File "D:\Ina\ETL_XdmLib_2.A.13\ETL_XdmLib_2.A.13\EDAETL\ETL_TABLE\ETL_POC_XLS_TO_KLARF\../..\XdmLib\CustomFuction.py", line 1035, in move_file
    msg = shutil.move(os.path.join(source_path, fileName),
  File "D:\soft\anaconda3\lib\shutil.py", line 843, in move
    copy_function(src, real_dst)
  File "D:\soft\anaconda3\lib\shutil.py", line 444, in copy2
    copyfile(src, dst, follow_symlinks=follow_symlinks)
  File "D:\soft\anaconda3\lib\shutil.py", line 244, in copyfile
    raise SameFileError("{!r} and {!r} are the same file".format(src, dst))
shutil.SameFileError: '.\\\\Data\\\\Source\\BN06772\uf7fb.xls' and 'Data\\Source\\BN06772\uf7fb.xls' are the same file
Stack (most recent call last):
  File "D:\Ina\ETL_XdmLib_2.A.13\ETL_XdmLib_2.A.13\EDAETL\ETL_TABLE\ETL_POC_XLS_TO_KLARF\ETL_XLS_TO_KLARF_TEST.py", line 129, in <module>
    XdmLib.CustomFuction.file2db_init(
  File "D:\Ina\ETL_XdmLib_2.A.13\ETL_XdmLib_2.A.13\EDAETL\ETL_TABLE\ETL_POC_XLS_TO_KLARF\../..\XdmLib\CustomFuction.py", line 646, in file2db_init
    move_file_self(move_file_info)
  File "D:\Ina\ETL_XdmLib_2.A.13\ETL_XdmLib_2.A.13\EDAETL\ETL_TABLE\ETL_POC_XLS_TO_KLARF\../..\XdmLib\CustomFuction.py", line 1044, in move_file
    log.error(ex, exc_info=True, stack_info=True)
2023-08-17 16:40:34.029 - CustomFuction [ERROR   ] 'float' object is not subscriptable
Traceback (most recent call last):
  File "D:\Ina\ETL_XdmLib_2.A.13\ETL_XdmLib_2.A.13\EDAETL\ETL_TABLE\ETL_POC_XLS_TO_KLARF\../..\XdmLib\CustomFuction.py", line 596, in file2db_init
    res = do_file(file_root_source_path,
  File "D:\Ina\ETL_XdmLib_2.A.13\ETL_XdmLib_2.A.13\EDAETL\ETL_TABLE\ETL_POC_XLS_TO_KLARF\ETL_XLS_TO_KLARF_TEST.py", line 78, in do_file
    raise ex
  File "D:\Ina\ETL_XdmLib_2.A.13\ETL_XdmLib_2.A.13\EDAETL\ETL_TABLE\ETL_POC_XLS_TO_KLARF\ETL_XLS_TO_KLARF_TEST.py", line 53, in do_file
    print(DefectCodesDict[Value['defect_code']])
TypeError: 'float' object is not subscriptable
Stack (most recent call last):
  File "D:\Ina\ETL_XdmLib_2.A.13\ETL_XdmLib_2.A.13\EDAETL\ETL_TABLE\ETL_POC_XLS_TO_KLARF\ETL_XLS_TO_KLARF_TEST.py", line 129, in <module>
    XdmLib.CustomFuction.file2db_init(
  File "D:\Ina\ETL_XdmLib_2.A.13\ETL_XdmLib_2.A.13\EDAETL\ETL_TABLE\ETL_POC_XLS_TO_KLARF\../..\XdmLib\CustomFuction.py", line 631, in file2db_init
    log.error(ex, exc_info=True, stack_info=True)
2023-08-17 16:40:34.049 - CustomFuction [ERROR   ] Move File Error
2023-08-17 16:40:34.050 - CustomFuction [ERROR   ] '.\\\\Data\\\\Source\\BN06772\uf7fb.xls' and 'Data\\Source\\BN06772\uf7fb.xls' are the same file
Traceback (most recent call last):
  File "D:\Ina\ETL_XdmLib_2.A.13\ETL_XdmLib_2.A.13\EDAETL\ETL_TABLE\ETL_POC_XLS_TO_KLARF\../..\XdmLib\CustomFuction.py", line 596, in file2db_init
    res = do_file(file_root_source_path,
  File "D:\Ina\ETL_XdmLib_2.A.13\ETL_XdmLib_2.A.13\EDAETL\ETL_TABLE\ETL_POC_XLS_TO_KLARF\ETL_XLS_TO_KLARF_TEST.py", line 78, in do_file
    raise ex
  File "D:\Ina\ETL_XdmLib_2.A.13\ETL_XdmLib_2.A.13\EDAETL\ETL_TABLE\ETL_POC_XLS_TO_KLARF\ETL_XLS_TO_KLARF_TEST.py", line 53, in do_file
    print(DefectCodesDict[Value['defect_code']])
TypeError: 'float' object is not subscriptable

During handling of the above exception, another exception occurred:

Traceback (most recent call last):
  File "D:\soft\anaconda3\lib\shutil.py", line 823, in move
    os.rename(src, real_dst)
PermissionError: [WinError 32] : '.\\\\Data\\\\Source\\BN06772\uf7fb.xls' -> 'Data\\Source\\BN06772\uf7fb.xls'

During handling of the above exception, another exception occurred:

Traceback (most recent call last):
  File "D:\Ina\ETL_XdmLib_2.A.13\ETL_XdmLib_2.A.13\EDAETL\ETL_TABLE\ETL_POC_XLS_TO_KLARF\../..\XdmLib\CustomFuction.py", line 1035, in move_file
    msg = shutil.move(os.path.join(source_path, fileName),
  File "D:\soft\anaconda3\lib\shutil.py", line 843, in move
    copy_function(src, real_dst)
  File "D:\soft\anaconda3\lib\shutil.py", line 444, in copy2
    copyfile(src, dst, follow_symlinks=follow_symlinks)
  File "D:\soft\anaconda3\lib\shutil.py", line 244, in copyfile
    raise SameFileError("{!r} and {!r} are the same file".format(src, dst))
shutil.SameFileError: '.\\\\Data\\\\Source\\BN06772\uf7fb.xls' and 'Data\\Source\\BN06772\uf7fb.xls' are the same file
Stack (most recent call last):
  File "D:\Ina\ETL_XdmLib_2.A.13\ETL_XdmLib_2.A.13\EDAETL\ETL_TABLE\ETL_POC_XLS_TO_KLARF\ETL_XLS_TO_KLARF_TEST.py", line 129, in <module>
    XdmLib.CustomFuction.file2db_init(
  File "D:\Ina\ETL_XdmLib_2.A.13\ETL_XdmLib_2.A.13\EDAETL\ETL_TABLE\ETL_POC_XLS_TO_KLARF\../..\XdmLib\CustomFuction.py", line 646, in file2db_init
    move_file_self(move_file_info)
  File "D:\Ina\ETL_XdmLib_2.A.13\ETL_XdmLib_2.A.13\EDAETL\ETL_TABLE\ETL_POC_XLS_TO_KLARF\../..\XdmLib\CustomFuction.py", line 1044, in move_file
    log.error(ex, exc_info=True, stack_info=True)
2023-08-17 16:40:55.308 - CustomFuction [ERROR   ] 'float' object is not subscriptable
Traceback (most recent call last):
  File "D:\Ina\ETL_XdmLib_2.A.13\ETL_XdmLib_2.A.13\EDAETL\ETL_TABLE\ETL_POC_XLS_TO_KLARF\../..\XdmLib\CustomFuction.py", line 596, in file2db_init
    res = do_file(file_root_source_path,
  File "D:\Ina\ETL_XdmLib_2.A.13\ETL_XdmLib_2.A.13\EDAETL\ETL_TABLE\ETL_POC_XLS_TO_KLARF\ETL_XLS_TO_KLARF_TEST.py", line 78, in do_file
    raise ex
  File "D:\Ina\ETL_XdmLib_2.A.13\ETL_XdmLib_2.A.13\EDAETL\ETL_TABLE\ETL_POC_XLS_TO_KLARF\ETL_XLS_TO_KLARF_TEST.py", line 53, in do_file
    print(DefectCodesDict[Value['defect_code']])
TypeError: 'float' object is not subscriptable
Stack (most recent call last):
  File "D:\Ina\ETL_XdmLib_2.A.13\ETL_XdmLib_2.A.13\EDAETL\ETL_TABLE\ETL_POC_XLS_TO_KLARF\ETL_XLS_TO_KLARF_TEST.py", line 129, in <module>
    XdmLib.CustomFuction.file2db_init(
  File "D:\Ina\ETL_XdmLib_2.A.13\ETL_XdmLib_2.A.13\EDAETL\ETL_TABLE\ETL_POC_XLS_TO_KLARF\../..\XdmLib\CustomFuction.py", line 631, in file2db_init
    log.error(ex, exc_info=True, stack_info=True)
2023-08-17 16:40:55.328 - CustomFuction [ERROR   ] Move File Error
2023-08-17 16:40:55.329 - CustomFuction [ERROR   ] '.\\\\Data\\\\Source\\BN06772\uf7fb.xls' and 'Data\\Source\\BN06772\uf7fb.xls' are the same file
Traceback (most recent call last):
  File "D:\Ina\ETL_XdmLib_2.A.13\ETL_XdmLib_2.A.13\EDAETL\ETL_TABLE\ETL_POC_XLS_TO_KLARF\../..\XdmLib\CustomFuction.py", line 596, in file2db_init
    res = do_file(file_root_source_path,
  File "D:\Ina\ETL_XdmLib_2.A.13\ETL_XdmLib_2.A.13\EDAETL\ETL_TABLE\ETL_POC_XLS_TO_KLARF\ETL_XLS_TO_KLARF_TEST.py", line 78, in do_file
    raise ex
  File "D:\Ina\ETL_XdmLib_2.A.13\ETL_XdmLib_2.A.13\EDAETL\ETL_TABLE\ETL_POC_XLS_TO_KLARF\ETL_XLS_TO_KLARF_TEST.py", line 53, in do_file
    print(DefectCodesDict[Value['defect_code']])
TypeError: 'float' object is not subscriptable

During handling of the above exception, another exception occurred:

Traceback (most recent call last):
  File "D:\soft\anaconda3\lib\shutil.py", line 823, in move
    os.rename(src, real_dst)
PermissionError: [WinError 32] : '.\\\\Data\\\\Source\\BN06772\uf7fb.xls' -> 'Data\\Source\\BN06772\uf7fb.xls'

During handling of the above exception, another exception occurred:

Traceback (most recent call last):
  File "D:\Ina\ETL_XdmLib_2.A.13\ETL_XdmLib_2.A.13\EDAETL\ETL_TABLE\ETL_POC_XLS_TO_KLARF\../..\XdmLib\CustomFuction.py", line 1035, in move_file
    msg = shutil.move(os.path.join(source_path, fileName),
  File "D:\soft\anaconda3\lib\shutil.py", line 843, in move
    copy_function(src, real_dst)
  File "D:\soft\anaconda3\lib\shutil.py", line 444, in copy2
    copyfile(src, dst, follow_symlinks=follow_symlinks)
  File "D:\soft\anaconda3\lib\shutil.py", line 244, in copyfile
    raise SameFileError("{!r} and {!r} are the same file".format(src, dst))
shutil.SameFileError: '.\\\\Data\\\\Source\\BN06772\uf7fb.xls' and 'Data\\Source\\BN06772\uf7fb.xls' are the same file
Stack (most recent call last):
  File "D:\Ina\ETL_XdmLib_2.A.13\ETL_XdmLib_2.A.13\EDAETL\ETL_TABLE\ETL_POC_XLS_TO_KLARF\ETL_XLS_TO_KLARF_TEST.py", line 129, in <module>
    XdmLib.CustomFuction.file2db_init(
  File "D:\Ina\ETL_XdmLib_2.A.13\ETL_XdmLib_2.A.13\EDAETL\ETL_TABLE\ETL_POC_XLS_TO_KLARF\../..\XdmLib\CustomFuction.py", line 646, in file2db_init
    move_file_self(move_file_info)
  File "D:\Ina\ETL_XdmLib_2.A.13\ETL_XdmLib_2.A.13\EDAETL\ETL_TABLE\ETL_POC_XLS_TO_KLARF\../..\XdmLib\CustomFuction.py", line 1044, in move_file
    log.error(ex, exc_info=True, stack_info=True)
2023-08-17 16:44:25.435 - __init__   [ERROR   ] Access XDM Loader control table fail.
2023-08-17 16:45:11.614 - CustomFuction [ERROR   ] 'float' object is not subscriptable
Traceback (most recent call last):
  File "D:\Ina\ETL_XdmLib_2.A.13\ETL_XdmLib_2.A.13\EDAETL\ETL_TABLE\ETL_POC_XLS_TO_KLARF\../..\XdmLib\CustomFuction.py", line 596, in file2db_init
    res = do_file(file_root_source_path,
  File "D:\Ina\ETL_XdmLib_2.A.13\ETL_XdmLib_2.A.13\EDAETL\ETL_TABLE\ETL_POC_XLS_TO_KLARF\ETL_XLS_TO_KLARF_TEST.py", line 78, in do_file
    raise ex
  File "D:\Ina\ETL_XdmLib_2.A.13\ETL_XdmLib_2.A.13\EDAETL\ETL_TABLE\ETL_POC_XLS_TO_KLARF\ETL_XLS_TO_KLARF_TEST.py", line 53, in do_file
    print(DefectCodesDict[Value['defect_code']])
TypeError: 'float' object is not subscriptable
Stack (most recent call last):
  File "D:\Ina\ETL_XdmLib_2.A.13\ETL_XdmLib_2.A.13\EDAETL\ETL_TABLE\ETL_POC_XLS_TO_KLARF\ETL_XLS_TO_KLARF_TEST.py", line 129, in <module>
    XdmLib.CustomFuction.file2db_init(
  File "D:\Ina\ETL_XdmLib_2.A.13\ETL_XdmLib_2.A.13\EDAETL\ETL_TABLE\ETL_POC_XLS_TO_KLARF\../..\XdmLib\CustomFuction.py", line 631, in file2db_init
    log.error(ex, exc_info=True, stack_info=True)
2023-08-17 16:48:33.591 - CustomFuction [ERROR   ] 'float' object is not subscriptable
Traceback (most recent call last):
  File "D:\Ina\ETL_XdmLib_2.A.13\ETL_XdmLib_2.A.13\EDAETL\ETL_TABLE\ETL_POC_XLS_TO_KLARF\../..\XdmLib\CustomFuction.py", line 596, in file2db_init
    res = do_file(file_root_source_path,
  File "D:\Ina\ETL_XdmLib_2.A.13\ETL_XdmLib_2.A.13\EDAETL\ETL_TABLE\ETL_POC_XLS_TO_KLARF\ETL_XLS_TO_KLARF_TEST.py", line 78, in do_file
    raise ex
  File "D:\Ina\ETL_XdmLib_2.A.13\ETL_XdmLib_2.A.13\EDAETL\ETL_TABLE\ETL_POC_XLS_TO_KLARF\ETL_XLS_TO_KLARF_TEST.py", line 61, in do_file
    (Value['x'] + 75) * 1000,
TypeError: 'float' object is not subscriptable
Stack (most recent call last):
  File "D:\Ina\ETL_XdmLib_2.A.13\ETL_XdmLib_2.A.13\EDAETL\ETL_TABLE\ETL_POC_XLS_TO_KLARF\ETL_XLS_TO_KLARF_TEST.py", line 129, in <module>
    XdmLib.CustomFuction.file2db_init(
  File "D:\Ina\ETL_XdmLib_2.A.13\ETL_XdmLib_2.A.13\EDAETL\ETL_TABLE\ETL_POC_XLS_TO_KLARF\../..\XdmLib\CustomFuction.py", line 631, in file2db_init
    log.error(ex, exc_info=True, stack_info=True)
